18:23:04    GenericDetec   INFO      Building tracking geometry
18:23:04    GenericDetec   INFO      Building tracking geometry for Generic Detector in Gen1 mode
18:23:04    GenericDetec   INFO      Tracking geometry built
18:23:05    Sequencer      INFO      Create Sequencer (single-threaded)
18:23:05    Sequencer      INFO      Add Reader 'EventGenerator'
18:23:05    Sequencer      INFO      -> OutputEvent 'particle_gun_event':
18:23:05    Sequencer      INFO         shared_ptr<HepMC3::GenEvent>
18:23:05    Sequencer      INFO      Add Algorithm 'HepMC3InputConverter'
18:23:05    Sequencer      INFO      <- InputEvent 'particle_gun_event':
18:23:05    Sequencer      INFO         shared_ptr<HepMC3::GenEvent>
18:23:05    Sequencer      INFO      -> OutputParticles 'particles_generated':
18:23:05    Sequencer      INFO         flat_set<SimParticle, detail::CompareParticleId, void>
18:23:05    Sequencer      INFO      -> OutputVertices 'vertices_generated':
18:23:05    Sequencer      INFO         flat_set<SimVertex, detail::CompareVertexId, void>
18:23:05    Sequencer      INFO      Key 'particles_generated' aliased to 'particles'
18:23:05    Sequencer      INFO      Key 'vertices_generated' aliased to 'vertices_truth'
18:23:05    Sequencer      INFO      Key 'particles_generated' aliased to 'particles_generated_selected'
18:23:05    Sequencer      INFO      Add Algorithm 'FatrasSimulation'
18:23:05    Sequencer      INFO      <- InputParticles 'particles_generated_selected':
18:23:05    Sequencer      INFO         flat_set<SimParticle, detail::CompareParticleId, void>
18:23:05    Sequencer      INFO      -> OutputSimHits 'simhits':
18:23:05    Sequencer      INFO         flat_multiset<Hit, detail::CompareGeometryId, void>
18:23:05    Sequencer      INFO      -> OutputParticles 'particles_simulated':
18:23:05    Sequencer      INFO         flat_set<SimParticle, detail::CompareParticleId, void>
18:23:05    Sequencer      INFO      Key 'particles_simulated' aliased to 'particles'
18:23:05    Sequencer      INFO      Key 'particles_simulated' aliased to 'particles_simulated_selected'
18:23:05    Sequencer      INFO      Add Algorithm 'DigitizationAlgorithm'
18:23:05    Sequencer      INFO      <- InputHits 'simhits':
18:23:05    Sequencer      INFO         flat_multiset<Hit, detail::CompareGeometryId, void>
18:23:05    Sequencer      INFO      -> OutputMeasurements 'measurements':
18:23:05    Sequencer      INFO         MeasurementContainer
18:23:05    Sequencer      INFO      -> OutputMeasurementSubset 'measurement_subset':
18:23:05    Sequencer      INFO         MeasurementSubset
18:23:05    Sequencer      INFO      -> OutputClusters 'clusters':
18:23:05    Sequencer      INFO         vector<Cluster>
18:23:05    Sequencer      INFO      -> OutputMeasurementParticlesMap 'measurement_particles_map':
18:23:05    Sequencer      INFO         flat_multimap<unsigned int, Barcode, less<unsigned int>, void>
18:23:05    Sequencer      INFO      -> OutputMeasurementSimHitsMap 'measurement_simhits_map':
18:23:05    Sequencer      INFO         flat_multimap<unsigned int, unsigned int, less<unsigned int>, void>
18:23:05    Sequencer      INFO      -> OutputParticleMeasurementsMap 'particle_measurements_map':
18:23:05    Sequencer      INFO         flat_multimap<Barcode, unsigned int, less<Barcode>, void>
18:23:05    Sequencer      INFO      -> OutputSimHitMeasurementsMap 'simhit_measurements_map':
18:23:05    Sequencer      INFO         flat_multimap<unsigned int, unsigned int, less<unsigned int>, void>
18:23:05    Sequencer      INFO      Add Algorithm 'ParticleSelector'
18:23:05    Sequencer      INFO      <- InputParticles 'particles_simulated_selected':
18:23:05    Sequencer      INFO         flat_set<SimParticle, detail::CompareParticleId, void>
18:23:05    Sequencer      INFO      <- InputParticleMeasurementsMap 'particle_measurements_map':
18:23:05    Sequencer      INFO         flat_multimap<Barcode, unsigned int, less<Barcode>, void>
18:23:05    Sequencer      INFO      <- InputMeasurements 'measurements':
18:23:05    Sequencer      INFO         MeasurementContainer
18:23:05    Sequencer      INFO      -> OutputParticles 'tmp_particles_digitized_selected':
18:23:05    Sequencer      INFO         flat_set<SimParticle, detail::CompareParticleId, void>
18:23:05    Sequencer      INFO      Key 'tmp_particles_digitized_selected' aliased to 'particles_selected'
18:23:05    Sequencer      INFO      Key 'tmp_particles_digitized_selected' aliased to 'particles_digitized_selected'
18:23:05    Sequencer      INFO      Add Algorithm 'SpacePointMaker'
18:23:05    Sequencer      INFO      <- InputMeasurements 'measurement_subset':
18:23:05    Sequencer      INFO         MeasurementSubset
18:23:05    Sequencer      INFO      -> OutputSpacePoints 'spacepoints':
18:23:05    Sequencer      INFO         SpacePointContainer
18:23:05    addSeeding     INFO      Using grid triplet seeding
18:23:05    Sequencer      INFO      Add Algorithm 'GridTripletSeedingAlgorithm'
18:23:05    Sequencer      INFO      <- InputSpacePoints 'spacepoints':
18:23:05    Sequencer      INFO         SpacePointContainer
18:23:05    Sequencer      INFO      -> OutputSeeds 'seeds':
18:23:05    Sequencer      INFO         SeedContainer
18:23:05    Sequencer      INFO      Add Algorithm 'TrackParamsEstimationAlgorithm'
18:23:05    Sequencer      INFO      <- InputSeeds 'seeds':
18:23:05    Sequencer      INFO         SeedContainer
18:23:05    Sequencer      INFO      -> OutputTrackParameters 'estimatedparameters':
18:23:05    Sequencer      INFO         vector<BoundTrackParameters>
18:23:05    Sequencer      INFO      -> OutputSeeds 'estimatedseeds':
18:23:05    Sequencer      INFO         SeedContainer
18:23:05    Sequencer      INFO      Add Algorithm 'SeedsToProtoTracks'
18:23:05    Sequencer      INFO      <- InputSeeds 'estimatedseeds':
18:23:05    Sequencer      INFO         SeedContainer
18:23:05    Sequencer      INFO      -> OutputProtoTracks 'seed-protoTracks':
18:23:05    Sequencer      INFO         vector<small_vector<unsigned int, 3ul, void, void>>
18:23:05    Sequencer      INFO      Add Algorithm 'SeedsToTracks'
18:23:05    Sequencer      INFO      <- InputSeeds 'estimatedseeds':
18:23:05    Sequencer      INFO         SeedContainer
18:23:05    Sequencer      INFO      <- InputTrackParameters 'estimatedparameters':
18:23:05    Sequencer      INFO         vector<BoundTrackParameters>
18:23:05    Sequencer      INFO      -> OutputTracks 'seed-tracks':
18:23:05    Sequencer      INFO            TrackContainer<ConstVectorTrackContainer, ConstVectorMultiTrajectory, shared_ptr>
18:23:05    Sequencer      INFO      Add Algorithm 'TrackTruthMatcher'
18:23:05    Sequencer      INFO      <- InputTracks 'seed-tracks':
18:23:05    Sequencer      INFO            TrackContainer<ConstVectorTrackContainer, ConstVectorMultiTrajectory, shared_ptr>
18:23:05    Sequencer      INFO      <- InputParticles 'particles_selected':
18:23:05    Sequencer      INFO         flat_set<SimParticle, detail::CompareParticleId, void>
18:23:05    Sequencer      INFO      <- InputMeasurementParticlesMap 'measurement_particles_map':
18:23:05    Sequencer      INFO         flat_multimap<unsigned int, Barcode, less<unsigned int>, void>
18:23:05    Sequencer      INFO      -> OutputTrackParticleMatching 'seed_particle_matching':
18:23:05    Sequencer      INFO            map<unsigned int, TrackMatchEntry, less<unsigned int>, allocator<pair<unsigned int const, TrackMatchEntry>>>
18:23:05    Sequencer      INFO      -> OutputParticleTrackMatching 'particle_seed_matching':
18:23:05    Sequencer      INFO            map<Barcode, ParticleMatchEntry, less<Barcode>, allocator<pair<Barcode const, ParticleMatchEntry>>>
18:23:06    Sequencer      INFO      Add Writer 'RootPatternRecognitionPerformanceWriter'
18:23:06    Sequencer      INFO      <- InputHandle 'seed-tracks':
18:23:06    Sequencer      INFO            TrackContainer<ConstVectorTrackContainer, ConstVectorMultiTrajectory, shared_ptr>
18:23:06    Sequencer      INFO      <- InputParticles 'particles_selected':
18:23:06    Sequencer      INFO         flat_set<SimParticle, detail::CompareParticleId, void>
18:23:06    Sequencer      INFO      <- InputTrackParticleMatching 'seed_particle_matching':
18:23:06    Sequencer      INFO            map<unsigned int, TrackMatchEntry, less<unsigned int>, allocator<pair<unsigned int const, TrackMatchEntry>>>
18:23:06    Sequencer      INFO      <- InputParticleTrackMatching 'particle_seed_matching':
18:23:06    Sequencer      INFO            map<Barcode, ParticleMatchEntry, less<Barcode>, allocator<pair<Barcode const, ParticleMatchEntry>>>
18:23:06    Sequencer      INFO      <- InputParticleMeasurementsMap 'particle_measurements_map':
18:23:06    Sequencer      INFO         flat_multimap<Barcode, unsigned int, less<Barcode>, void>
18:23:07    Sequencer      INFO      Add Writer 'RootTrackParameterWriter'
18:23:07    Sequencer      INFO      <- InputHandle 'estimatedparameters':
18:23:07    Sequencer      INFO         vector<BoundTrackParameters>
18:23:07    Sequencer      INFO      <- InputProtoTracks 'seed-protoTracks':
18:23:07    Sequencer      INFO         vector<small_vector<unsigned int, 3ul, void, void>>
18:23:07    Sequencer      INFO      <- InputParticles 'particles':
18:23:07    Sequencer      INFO         flat_set<SimParticle, detail::CompareParticleId, void>
18:23:07    Sequencer      INFO      <- InputSimHits 'simhits':
18:23:07    Sequencer      INFO         flat_multiset<Hit, detail::CompareGeometryId, void>
18:23:07    Sequencer      INFO      <- InputMeasurementParticlesMap 'measurement_particles_map':
18:23:07    Sequencer      INFO         flat_multimap<unsigned int, Barcode, less<unsigned int>, void>
18:23:07    Sequencer      INFO      <- InputMeasurementSimHitsMap 'measurement_simhits_map':
18:23:07    Sequencer      INFO         flat_multimap<unsigned int, unsigned int, less<unsigned int>, void>
18:23:07    RzTrackFindi   INFO      RZ layout: 22 cylinders, 82 discs, 48 sensitive layers, 18728 modules, escape r 1028.54 |z| 3001
18:23:07    Sequencer      INFO      Add Algorithm 'RzTrackFindingAlgorithm'
18:23:07    Sequencer      INFO      <- InputMeasurements 'measurements':
18:23:07    Sequencer      INFO         MeasurementContainer
18:23:07    Sequencer      INFO      <- InputInitialTrackParameters 'estimatedparameters':
18:23:07    Sequencer      INFO         vector<BoundTrackParameters>
18:23:07    Sequencer      INFO      -> OutputTracks 'rz_tracks':
18:23:07    Sequencer      INFO            TrackContainer<ConstVectorTrackContainer, ConstVectorMultiTrajectory, shared_ptr>
18:23:07    Sequencer      INFO      Add Algorithm 'TrackTruthMatcher'
18:23:07    Sequencer      INFO      <- InputTracks 'rz_tracks':
18:23:07    Sequencer      INFO            TrackContainer<ConstVectorTrackContainer, ConstVectorMultiTrajectory, shared_ptr>
18:23:07    Sequencer      INFO      <- InputParticles 'particles_selected':
18:23:07    Sequencer      INFO         flat_set<SimParticle, detail::CompareParticleId, void>
18:23:07    Sequencer      INFO      <- InputMeasurementParticlesMap 'measurement_particles_map':
18:23:07    Sequencer      INFO         flat_multimap<unsigned int, Barcode, less<unsigned int>, void>
18:23:07    Sequencer      INFO      -> OutputTrackParticleMatching 'rz_track_particle_matching':
18:23:07    Sequencer      INFO            map<unsigned int, TrackMatchEntry, less<unsigned int>, allocator<pair<unsigned int const, TrackMatchEntry>>>
18:23:07    Sequencer      INFO      -> OutputParticleTrackMatching 'rz_particle_track_matching':
18:23:07    Sequencer      INFO            map<Barcode, ParticleMatchEntry, less<Barcode>, allocator<pair<Barcode const, ParticleMatchEntry>>>
18:23:07    Sequencer      INFO      Key 'rz_track_particle_matching' aliased to 'track_particle_matching'
18:23:07    Sequencer      INFO      Key 'rz_particle_track_matching' aliased to 'particle_track_matching'
18:23:07    Sequencer      INFO      Add Writer 'RootTrackSummaryWriter'
18:23:07    Sequencer      INFO      <- InputHandle 'rz_tracks':
18:23:07    Sequencer      INFO            TrackContainer<ConstVectorTrackContainer, ConstVectorMultiTrajectory, shared_ptr>
18:23:07    Sequencer      INFO      <- InputParticles 'particles_selected':
18:23:07    Sequencer      INFO         flat_set<SimParticle, detail::CompareParticleId, void>
18:23:07    Sequencer      INFO      <- InputTrackParticleMatching 'track_particle_matching':
18:23:07    Sequencer      INFO            map<unsigned int, TrackMatchEntry, less<unsigned int>, allocator<pair<unsigned int const, TrackMatchEntry>>>
18:23:07    Sequencer      INFO      Add Writer 'RootTrackParameterPerformanceWriter'
18:23:07    Sequencer      INFO      <- InputHandle 'rz_tracks':
18:23:07    Sequencer      INFO            TrackContainer<ConstVectorTrackContainer, ConstVectorMultiTrajectory, shared_ptr>
18:23:07    Sequencer      INFO      <- InputParticles 'particles_selected':
18:23:07    Sequencer      INFO         flat_set<SimParticle, detail::CompareParticleId, void>
18:23:07    Sequencer      INFO      <- InputTrackParticleMatching 'track_particle_matching':
18:23:07    Sequencer      INFO            map<unsigned int, TrackMatchEntry, less<unsigned int>, allocator<pair<unsigned int const, TrackMatchEntry>>>
18:23:07    Sequencer      INFO      Add Writer 'RootPatternRecognitionPerformanceWriter'
18:23:07    Sequencer      INFO      <- InputHandle 'rz_tracks':
18:23:07    Sequencer      INFO            TrackContainer<ConstVectorTrackContainer, ConstVectorMultiTrajectory, shared_ptr>
18:23:07    Sequencer      INFO      <- InputParticles 'particles_selected':
18:23:07    Sequencer      INFO         flat_set<SimParticle, detail::CompareParticleId, void>
18:23:07    Sequencer      INFO      <- InputTrackParticleMatching 'track_particle_matching':
18:23:07    Sequencer      INFO            map<unsigned int, TrackMatchEntry, less<unsigned int>, allocator<pair<unsigned int const, TrackMatchEntry>>>
18:23:07    Sequencer      INFO      <- InputParticleTrackMatching 'particle_track_matching':
18:23:07    Sequencer      INFO            map<Barcode, ParticleMatchEntry, less<Barcode>, allocator<pair<Barcode const, ParticleMatchEntry>>>
18:23:07    Sequencer      INFO      <- InputParticleMeasurementsMap 'particle_measurements_map':
18:23:07    Sequencer      INFO         flat_multimap<Barcode, unsigned int, less<Barcode>, void>
18:23:07    Sequencer      INFO      Processing events [0, 200)
18:23:07    Sequencer      INFO      Starting event loop with 1 threads
18:23:07    Sequencer      INFO        0 context decorators
18:23:07    Sequencer      INFO        18 sequence elements
18:23:07    Sequencer      INFO        1 readers
18:23:07    Sequencer      INFO        12 algorithms
18:23:07    Sequencer      INFO        5 writers
18:23:07    Sequencer      INFO      100 / 200 events processed
18:23:07    Sequencer      INFO      200 / 200 events processed
18:23:07    RootPatternR   INFO      Efficiency with seeds (nMatchedseeds/nAllseeds) = 0.99821
18:23:07    RootPatternR   INFO      Fake ratio with seeds (nFakeseeds/nAllseeds) = 0
18:23:07    RootPatternR   INFO      Duplicate ratio with seeds (nDuplicateseeds/nAllseeds) = 0.778466
18:23:07    RootPatternR   INFO      Efficiency with particles (nMatchedParticles/nTrueParticles) = 1
18:23:07    RootPatternR   INFO      Fake ratio with particles (nFakeParticles/nTrueParticles) = 0
18:23:07    RootPatternR   INFO      Duplicate ratio with particles (nDuplicateParticles/nTrueParticles) = 0.967419
18:23:07    RootPatternR   INFO      Wrote performance plots to 'output/ab-nomod/performance_seeding.root:/'
18:23:07    RootTrackPar   INFO      Wrote estimated parameters from seed to tree 'estimatedparams' in 'output/ab-nomod/estimatedparams.root'
18:23:07    RzTrackFindi   INFO      RzTrackFinding: 7263 seeds, 7236 tracks, 21.0913 stops and 14.4699 candidates per seed, 11.9525 measurements and 0.0331675 holes per track, 0 backward pass failures
18:23:07    RootTrackSum   INFO      Wrote parameters of tracks to tree 'tracksummary' in 'output/ab-nomod/tracksummary_rz.root'
18:23:07    RootTrackPar   INFO      === Track Parameter Performance Summary ===
18:23:07    RootTrackPar   INFO      Total tracks: 7236
18:23:07    RootTrackPar   INFO      Total matched tracks: 1595
18:23:07    RootTrackPar   INFO      Total particles: 1596
18:23:07    RootTrackPar   INFO      Total matched particles: 1595
18:23:07    RootTrackPar   INFO      Track efficiency: 22.0426%
Warning in <Fit>: Fit data is empty 
Warning in <Fit>: Fit data is empty 
Warning in <Fit>: Fit data is empty 
Warning in <Fit>: Fit data is empty 
Warning in <Fit>: Fit data is empty 
Warning in <Fit>: Fit data is empty 
Warning in <Fit>: Fit data is empty 
Warning in <Fit>: Fit data is empty 
Warning in <Fit>: Fit data is empty 
Warning in <Fit>: Fit data is empty 
Warning in <Fit>: Fit data is empty 
Warning in <Fit>: Fit data is empty 
Warning in <Fit>: Fit data is empty 
Warning in <Fit>: Fit data is empty 
Warning in <Fit>: Fit data is empty 
Warning in <Fit>: Fit data is empty 
Warning in <Fit>: Fit data is empty 
Warning in <Fit>: Fit data is empty 
Warning in <Fit>: Fit data is empty 
Warning in <Fit>: Fit data is empty 
Warning in <Fit>: Fit data is empty 
Warning in <Fit>: Fit data is empty 
Warning in <Fit>: Fit data is empty 
Warning in <Fit>: Fit data is empty 
Warning in <Fit>: Fit data is empty 
Warning in <Fit>: Fit data is empty 
Warning in <ROOT::Fit::FillData>: fit range is outside histogram range, no fit data for xaxis
Warning in <Fit>: Fit data is empty 
Warning in <Fit>: Fit data is empty 
Warning in <Fit>: Fit data is empty 
Warning in <Fit>: Fit data is empty 
Warning in <Fit>: Fit data is empty 
Warning in <Fit>: Fit data is empty 
Warning in <Fit>: Fit data is empty 
Warning in <Fit>: Fit data is empty 
Warning in <Fit>: Fit data is empty 
Warning in <Fit>: Fit data is empty 
Warning in <Fit>: Fit data is empty 
Warning in <Fit>: Fit data is empty 
Warning in <Fit>: Fit data is empty 
Warning in <Fit>: Fit data is empty 
Warning in <Fit>: Fit data is empty 
Warning in <Fit>: Fit data is empty 
Warning in <Fit>: Fit data is empty 
Warning in <ROOT::Fit::FillData>: fit range is outside histogram range, no fit data for xaxis
Warning in <Fit>: Fit data is empty 
Warning in <Fit>: Fit data is empty 
Warning in <Fit>: Fit data is empty 
Warning in <Fit>: Fit data is empty 
Warning in <Fit>: Fit data is empty 
Warning in <Fit>: Fit data is empty 
Warning in <Fit>: Fit data is empty 
Warning in <Fit>: Fit data is empty 
Warning in <Fit>: Fit data is empty 
Warning in <Fit>: Fit data is empty 
Warning in <ROOT::Fit::FillData>: fit range is outside histogram range, no fit data for xaxis
Warning in <Fit>: Fit data is empty 
Warning in <Fit>: Fit data is empty 
Warning in <Fit>: Fit data is empty 
Warning in <ROOT::Fit::FillData>: fit range is outside histogram range, no fit data for xaxis
Warning in <Fit>: Fit data is empty 
Warning in <Fit>: Fit data is empty 
Warning in <Fit>: Fit data is empty 
Warning in <Fit>: Fit data is empty 
Warning in <Fit>: Fit data is empty 
Warning in <ROOT::Fit::FillData>: fit range is outside histogram range, no fit data for xaxis
Warning in <Fit>: Fit data is empty 
Warning in <Fit>: Fit data is empty 
Warning in <ROOT::Fit::FillData>: fit range is outside histogram range, no fit data for xaxis
Warning in <Fit>: Fit data is empty 
Warning in <ROOT::Fit::FillData>: fit range is outside histogram range, no fit data for xaxis
Warning in <Fit>: Fit data is empty 
Warning in <Fit>: Fit data is empty 
Warning in <Fit>: Fit data is empty 
Warning in <Fit>: Fit data is empty 
Warning in <Fit>: Fit data is empty 
Warning in <ROOT::Fit::FillData>: fit range is outside histogram range, no fit data for xaxis
Warning in <Fit>: Fit data is empty 
Warning in <Fit>: Fit data is empty 
Warning in <Fit>: Fit data is empty 
Warning in <Fit>: Fit data is empty 
Warning in <Fit>: Fit data is empty 
Warning in <Fit>: Fit data is empty 
Warning in <ROOT::Fit::FillData>: fit range is outside histogram range, no fit data for xaxis
Warning in <Fit>: Fit data is empty 
Warning in <Fit>: Fit data is empty 
Warning in <Fit>: Fit data is empty 
Warning in <Fit>: Fit data is empty 
Warning in <Fit>: Fit data is empty 
Warning in <ROOT::Fit::FillData>: fit range is outside histogram range, no fit data for xaxis
Warning in <Fit>: Fit data is empty 
Warning in <ROOT::Fit::FillData>: fit range is outside histogram range, no fit data for xaxis
Warning in <Fit>: Fit data is empty 
Warning in <Fit>: Fit data is empty 
Warning in <Fit>: Fit data is empty 
Warning in <ROOT::Fit::FillData>: fit range is outside histogram range, no fit data for xaxis
Warning in <Fit>: Fit data is empty 
Warning in <Fit>: Fit data is empty 
Warning in <Fit>: Fit data is empty 
Warning in <Fit>: Fit data is empty 
Warning in <Fit>: Fit data is empty 
Warning in <Fit>: Fit data is empty 
Warning in <ROOT::Fit::FillData>: fit range is outside histogram range, no fit data for xaxis
Warning in <Fit>: Fit data is empty 
Warning in <ROOT::Fit::FillData>: fit range is outside histogram range, no fit data for xaxis
Warning in <Fit>: Fit data is empty 
Warning in <Fit>: Fit data is empty 
Warning in <Fit>: Fit data is empty 
Warning in <ROOT::Fit::FillData>: fit range is outside histogram range, no fit data for xaxis
Warning in <Fit>: Fit data is empty 
Warning in <Fit>: Fit data is empty 
Warning in <Fit>: Fit data is empty 
Warning in <Fit>: Fit data is empty 
Warning in <Fit>: Fit data is empty 
Warning in <Fit>: Fit data is empty 
Warning in <Fit>: Fit data is empty 
Warning in <Fit>: Fit data is empty 
Warning in <Fit>: Fit data is empty 
Warning in <Fit>: Fit data is empty 
Warning in <Fit>: Fit data is empty 
Warning in <Fit>: Fit data is empty 
Warning in <Fit>: Fit data is empty 
Warning in <ROOT::Fit::FillData>: fit range is outside histogram range, no fit data for xaxis
Warning in <Fit>: Fit data is empty 
Warning in <Fit>: Fit data is empty 
Warning in <Fit>: Fit data is empty 
Warning in <Fit>: Fit data is empty 
Warning in <ROOT::Fit::FillData>: fit range is outside histogram range, no fit data for xaxis
Warning in <Fit>: Fit data is empty 
Warning in <Fit>: Fit data is empty 
Warning in <ROOT::Fit::FillData>: fit range is outside histogram range, no fit data for xaxis
Warning in <Fit>: Fit data is empty 
Warning in <Fit>: Fit data is empty 
Warning in <Fit>: Fit data is empty 
Warning in <Fit>: Fit data is empty 
Warning in <Fit>: Fit data is empty 
Warning in <ROOT::Fit::FillData>: fit range is outside histogram range, no fit data for xaxis
Warning in <Fit>: Fit data is empty 
Warning in <Fit>: Fit data is empty 
Warning in <ROOT::Fit::FillData>: fit range is outside histogram range, no fit data for xaxis
Warning in <Fit>: Fit data is empty 
Warning in <Fit>: Fit data is empty 
Warning in <ROOT::Fit::FillData>: fit range is outside histogram range, no fit data for xaxis
Warning in <Fit>: Fit data is empty 
Warning in <ROOT::Fit::FillData>: fit range is outside histogram range, no fit data for xaxis
Warning in <Fit>: Fit data is empty 
18:23:09    RootTrackPar   INFO      Wrote performance plots to 'output/ab-nomod/performance_fitting_rz.root:/'
18:23:09    RootPatternR   INFO      Efficiency with tracks (nMatchedtracks/nAlltracks) = 0.998203
18:23:09    RootPatternR   INFO      Fake ratio with tracks (nFaketracks/nAlltracks) = 0
18:23:09    RootPatternR   INFO      Duplicate ratio with tracks (nDuplicatetracks/nAlltracks) = 0.777778
18:23:09    RootPatternR   INFO      Efficiency with particles (nMatchedParticles/nTrueParticles) = 0.999373
18:23:09    RootPatternR   INFO      Fake ratio with particles (nFakeParticles/nTrueParticles) = 0
18:23:09    RootPatternR   INFO      Duplicate ratio with particles (nDuplicateParticles/nTrueParticles) = 0.966165
18:23:09    RootPatternR   INFO      Wrote performance plots to 'output/ab-nomod/performance_finding_rz.root:/'
18:23:09    Sequencer      INFO      No unmasked FPEs encountered
18:23:09    Sequencer      INFO      Processed 200 events in 2.720015 s (wall clock)
18:23:09    Sequencer      INFO      Average time per event: 1.636218 ms/event
18:23:09    Sequencer      INFO      Timing breakdown:
| Algorithm                                      | Total Time (ms) | Time/Event (ms) | Fraction |
|:-----------------------------------------------|----------------:|----------------:|---------:|
| Algorithm:RzTrackFindingAlgorithm              |          177.88 |            0.89 |    54.4% |
| Algorithm:FatrasSimulation                     |           35.78 |            0.18 |    10.9% |
| Writer:RootTrackParameterPerformanceWriter     |           24.85 |            0.12 |     7.6% |
| Algorithm:DigitizationAlgorithm                |           20.65 |            0.10 |     6.3% |
| Writer:RootTrackSummaryWriter                  |           16.07 |            0.08 |     4.9% |
| Writer:RootPatternRecognitionPerformanceWriter |            8.75 |            0.04 |     2.7% |
| Writer:RootPatternRecognitionPerformanceWriter |            8.12 |            0.04 |     2.5% |
| Reader:EventGenerator                          |            7.41 |            0.04 |     2.3% |
| Writer:RootTrackParameterWriter                |            6.56 |            0.03 |     2.0% |
| Algorithm:GridTripletSeedingAlgorithm          |            5.79 |            0.03 |     1.8% |
| Algorithm:TrackParamsEstimationAlgorithm       |            5.08 |            0.03 |     1.6% |
| Algorithm:TrackTruthMatcher                    |            2.88 |            0.01 |     0.9% |
| Algorithm:SpacePointMaker                      |            2.12 |            0.01 |     0.6% |
| Algorithm:SeedsToTracks                        |            2.06 |            0.01 |     0.6% |
| Algorithm:TrackTruthMatcher                    |            1.78 |            0.01 |     0.5% |
| Algorithm:HepMC3InputConverter                 |            0.95 |            0.00 |     0.3% |
| Algorithm:ParticleSelector                     |            0.34 |            0.00 |     0.1% |
| Algorithm:SeedsToProtoTracks                   |            0.19 |            0.00 |     0.1% |
| TOTAL                                          |          327.24 |            1.64 |   100.0% |

