23:00:38    buildITkGeom   INFO      Adding material from /Users/andreas/cern/source/acts/acts-itk/itk-hgtd/material-maps-ITk-HGTD.json
Info in <TGeoManager::Import>: Reading geometry from file: /Users/andreas/cern/source/acts/acts-itk/itk-hgtd/ATLAS-ITk-HGTD.tgeo.root
Info in <TGeoManager::CloseGeometry>: Geometry loaded from file...
Info in <TGeoManager::SetTopVolume>: Top volume is BeamPipe__World. Master volume is BeamPipe__World
Info in <TGeoNavigator::BuildCache>: --- Maximum geometry depth set to 100
Info in <TGeoManager::CloseGeometry>: Voxelization retrieved from file
Info in <TGeoManager::CountLevels>: max level = 9, max placements = 46975
Info in <TGeoManager::CloseGeometry>: 233079 nodes/ 703 volume UID's in Geometry imported from GDML
Info in <TGeoManager::CloseGeometry>: ----------------modeler ready----------------
Warning in <TGeoMatrix::dtor>: Registered matrix ITkPixel__ITkPixelDetectorID was removed
Warning in <TGeoMatrix::dtor>: Registered matrix ITkPixel__ITkPixelDetectorID was removed
Warning in <TGeoMatrix::dtor>: Registered matrix ITkPixel__ITkPixelDetectorID was removed
Warning in <TGeoMatrix::dtor>: Registered matrix ITkPixel__ITkPixelDetectorID was removed
Warning in <TGeoMatrix::dtor>: Registered matrix ITkPixel__ITkPixelDetectorID was removed
Warning in <TGeoMatrix::dtor>: Registered matrix ITkPixel__ITkPixelDetectorID was removed
Warning in <TGeoMatrix::dtor>: Registered matrix ITkStrip__ITkStripID was removed
Warning in <TGeoMatrix::dtor>: Registered matrix ITkStrip__ITkStripID was removed
Warning in <TGeoMatrix::dtor>: Registered matrix ITkStrip__ITkStripID was removed
Warning in <TGeoMatrix::dtor>: Registered matrix HGTD__HGTDID was removed
Warning in <TGeoMatrix::dtor>: Registered matrix HGTD__HGTDID was removed
23:00:45    Sequencer      INFO      Create Sequencer (single-threaded)
23:00:45    Sequencer      INFO      Add Reader 'EventGenerator'
23:00:45    Sequencer      INFO      -> OutputEvent 'particle_gun_event':
23:00:45    Sequencer      INFO         shared_ptr<HepMC3::GenEvent>
23:00:45    Sequencer      INFO      Add Algorithm 'HepMC3InputConverter'
23:00:45    Sequencer      INFO      <- InputEvent 'particle_gun_event':
23:00:45    Sequencer      INFO         shared_ptr<HepMC3::GenEvent>
23:00:45    Sequencer      INFO      -> OutputParticles 'particles_generated':
23:00:45    Sequencer      INFO         flat_set<SimParticle, detail::CompareParticleId, void>
23:00:45    Sequencer      INFO      -> OutputVertices 'vertices_generated':
23:00:45    Sequencer      INFO         flat_set<SimVertex, detail::CompareVertexId, void>
23:00:45    Sequencer      INFO      Key 'particles_generated' aliased to 'particles'
23:00:45    Sequencer      INFO      Key 'vertices_generated' aliased to 'vertices_truth'
23:00:45    Sequencer      INFO      Key 'particles_generated' aliased to 'particles_generated_selected'
23:00:45    Sequencer      INFO      Add Algorithm 'FatrasSimulation'
23:00:45    Sequencer      INFO      <- InputParticles 'particles_generated_selected':
23:00:45    Sequencer      INFO         flat_set<SimParticle, detail::CompareParticleId, void>
23:00:45    Sequencer      INFO      -> OutputSimHits 'simhits':
23:00:45    Sequencer      INFO         flat_multiset<Hit, detail::CompareGeometryId, void>
23:00:45    Sequencer      INFO      -> OutputParticles 'particles_simulated':
23:00:45    Sequencer      INFO         flat_set<SimParticle, detail::CompareParticleId, void>
23:00:45    Sequencer      INFO      Key 'particles_simulated' aliased to 'particles'
23:00:45    Sequencer      INFO      Key 'particles_simulated' aliased to 'particles_simulated_selected'
23:00:45    Sequencer      INFO      Add Algorithm 'DigitizationAlgorithm'
23:00:45    Sequencer      INFO      <- InputHits 'simhits':
23:00:45    Sequencer      INFO         flat_multiset<Hit, detail::CompareGeometryId, void>
23:00:45    Sequencer      INFO      -> OutputMeasurements 'measurements':
23:00:45    Sequencer      INFO         MeasurementContainer
23:00:45    Sequencer      INFO      -> OutputMeasurementSubset 'measurement_subset':
23:00:45    Sequencer      INFO         MeasurementSubset
23:00:45    Sequencer      INFO      -> OutputClusters 'clusters':
23:00:45    Sequencer      INFO         vector<Cluster>
23:00:45    Sequencer      INFO      -> OutputMeasurementParticlesMap 'measurement_particles_map':
23:00:45    Sequencer      INFO         flat_multimap<unsigned int, Barcode, less<unsigned int>, void>
23:00:45    Sequencer      INFO      -> OutputMeasurementSimHitsMap 'measurement_simhits_map':
23:00:45    Sequencer      INFO         flat_multimap<unsigned int, unsigned int, less<unsigned int>, void>
23:00:45    Sequencer      INFO      -> OutputParticleMeasurementsMap 'particle_measurements_map':
23:00:45    Sequencer      INFO         flat_multimap<Barcode, unsigned int, less<Barcode>, void>
23:00:45    Sequencer      INFO      -> OutputSimHitMeasurementsMap 'simhit_measurements_map':
23:00:45    Sequencer      INFO         flat_multimap<unsigned int, unsigned int, less<unsigned int>, void>
23:00:45    Sequencer      INFO      Add Algorithm 'ParticleSelector'
23:00:45    Sequencer      INFO      <- InputParticles 'particles_simulated_selected':
23:00:45    Sequencer      INFO         flat_set<SimParticle, detail::CompareParticleId, void>
23:00:45    Sequencer      INFO      <- InputParticleMeasurementsMap 'particle_measurements_map':
23:00:45    Sequencer      INFO         flat_multimap<Barcode, unsigned int, less<Barcode>, void>
23:00:45    Sequencer      INFO      <- InputMeasurements 'measurements':
23:00:45    Sequencer      INFO         MeasurementContainer
23:00:45    Sequencer      INFO      -> OutputParticles 'tmp_particles_digitized_selected':
23:00:45    Sequencer      INFO         flat_set<SimParticle, detail::CompareParticleId, void>
23:00:45    Sequencer      INFO      Key 'tmp_particles_digitized_selected' aliased to 'particles_selected'
23:00:45    Sequencer      INFO      Key 'tmp_particles_digitized_selected' aliased to 'particles_digitized_selected'
23:00:45    Sequencer      INFO      Add Algorithm 'SpacePointMaker'
23:00:45    Sequencer      INFO      <- InputMeasurements 'measurement_subset':
23:00:45    Sequencer      INFO         MeasurementSubset
23:00:45    Sequencer      INFO      -> OutputSpacePoints 'spacepoints':
23:00:45    Sequencer      INFO         SpacePointContainer
23:00:45    addSeeding     INFO      Using grid triplet seeding
23:00:45    Sequencer      INFO      Add Algorithm 'GridTripletSeedingAlgorithm'
23:00:45    Sequencer      INFO      <- InputSpacePoints 'spacepoints':
23:00:45    Sequencer      INFO         SpacePointContainer
23:00:45    Sequencer      INFO      -> OutputSeeds 'seeds':
23:00:45    Sequencer      INFO         SeedContainer
23:00:45    Sequencer      INFO      Add Algorithm 'TrackParamsEstimationAlgorithm'
23:00:45    Sequencer      INFO      <- InputSeeds 'seeds':
23:00:45    Sequencer      INFO         SeedContainer
23:00:45    Sequencer      INFO      -> OutputTrackParameters 'estimatedparameters':
23:00:45    Sequencer      INFO         vector<BoundTrackParameters>
23:00:45    Sequencer      INFO      -> OutputSeeds 'estimatedseeds':
23:00:45    Sequencer      INFO         SeedContainer
23:00:45    Sequencer      INFO      Add Algorithm 'SeedsToProtoTracks'
23:00:45    Sequencer      INFO      <- InputSeeds 'estimatedseeds':
23:00:45    Sequencer      INFO         SeedContainer
23:00:45    Sequencer      INFO      -> OutputProtoTracks 'seed-protoTracks':
23:00:45    Sequencer      INFO         vector<small_vector<unsigned int, 3ul, void, void>>
23:00:45    Sequencer      INFO      Add Algorithm 'SeedsToTracks'
23:00:45    Sequencer      INFO      <- InputSeeds 'estimatedseeds':
23:00:45    Sequencer      INFO         SeedContainer
23:00:45    Sequencer      INFO      <- InputTrackParameters 'estimatedparameters':
23:00:45    Sequencer      INFO         vector<BoundTrackParameters>
23:00:45    Sequencer      INFO      -> OutputTracks 'seed-tracks':
23:00:45    Sequencer      INFO            TrackContainer<ConstVectorTrackContainer, ConstVectorMultiTrajectory, shared_ptr>
23:00:45    Sequencer      INFO      Add Algorithm 'TrackTruthMatcher'
23:00:45    Sequencer      INFO      <- InputTracks 'seed-tracks':
23:00:45    Sequencer      INFO            TrackContainer<ConstVectorTrackContainer, ConstVectorMultiTrajectory, shared_ptr>
23:00:45    Sequencer      INFO      <- InputParticles 'particles_selected':
23:00:45    Sequencer      INFO         flat_set<SimParticle, detail::CompareParticleId, void>
23:00:45    Sequencer      INFO      <- InputMeasurementParticlesMap 'measurement_particles_map':
23:00:45    Sequencer      INFO         flat_multimap<unsigned int, Barcode, less<unsigned int>, void>
23:00:45    Sequencer      INFO      -> OutputTrackParticleMatching 'seed_particle_matching':
23:00:45    Sequencer      INFO            map<unsigned int, TrackMatchEntry, less<unsigned int>, allocator<pair<unsigned int const, TrackMatchEntry>>>
23:00:45    Sequencer      INFO      -> OutputParticleTrackMatching 'particle_seed_matching':
23:00:45    Sequencer      INFO            map<Barcode, ParticleMatchEntry, less<Barcode>, allocator<pair<Barcode const, ParticleMatchEntry>>>
23:00:45    Sequencer      INFO      Add Writer 'RootPatternRecognitionPerformanceWriter'
23:00:45    Sequencer      INFO      <- InputHandle 'seed-tracks':
23:00:45    Sequencer      INFO            TrackContainer<ConstVectorTrackContainer, ConstVectorMultiTrajectory, shared_ptr>
23:00:45    Sequencer      INFO      <- InputParticles 'particles_selected':
23:00:45    Sequencer      INFO         flat_set<SimParticle, detail::CompareParticleId, void>
23:00:45    Sequencer      INFO      <- InputTrackParticleMatching 'seed_particle_matching':
23:00:45    Sequencer      INFO            map<unsigned int, TrackMatchEntry, less<unsigned int>, allocator<pair<unsigned int const, TrackMatchEntry>>>
23:00:45    Sequencer      INFO      <- InputParticleTrackMatching 'particle_seed_matching':
23:00:45    Sequencer      INFO            map<Barcode, ParticleMatchEntry, less<Barcode>, allocator<pair<Barcode const, ParticleMatchEntry>>>
23:00:45    Sequencer      INFO      <- InputParticleMeasurementsMap 'particle_measurements_map':
23:00:45    Sequencer      INFO         flat_multimap<Barcode, unsigned int, less<Barcode>, void>
23:00:45    Sequencer      INFO      Add Writer 'RootTrackParameterWriter'
23:00:45    Sequencer      INFO      <- InputHandle 'estimatedparameters':
23:00:45    Sequencer      INFO         vector<BoundTrackParameters>
23:00:45    Sequencer      INFO      <- InputProtoTracks 'seed-protoTracks':
23:00:45    Sequencer      INFO         vector<small_vector<unsigned int, 3ul, void, void>>
23:00:45    Sequencer      INFO      <- InputParticles 'particles':
23:00:45    Sequencer      INFO         flat_set<SimParticle, detail::CompareParticleId, void>
23:00:45    Sequencer      INFO      <- InputSimHits 'simhits':
23:00:45    Sequencer      INFO         flat_multiset<Hit, detail::CompareGeometryId, void>
23:00:45    Sequencer      INFO      <- InputMeasurementParticlesMap 'measurement_particles_map':
23:00:45    Sequencer      INFO         flat_multimap<unsigned int, Barcode, less<unsigned int>, void>
23:00:45    Sequencer      INFO      <- InputMeasurementSimHitsMap 'measurement_simhits_map':
23:00:45    Sequencer      INFO         flat_multimap<unsigned int, unsigned int, less<unsigned int>, void>
23:00:45    RzTrackFindi   INFO      RZ layout: 31 cylinders, 358 discs, 181 sensitive layers, 58700 modules, escape r 1016.06 |z| 3480.13
23:00:45    Sequencer      INFO      Add Algorithm 'RzTrackFindingAlgorithm'
23:00:45    Sequencer      INFO      <- InputMeasurements 'measurements':
23:00:45    Sequencer      INFO         MeasurementContainer
23:00:45    Sequencer      INFO      <- InputInitialTrackParameters 'estimatedparameters':
23:00:45    Sequencer      INFO         vector<BoundTrackParameters>
23:00:45    Sequencer      INFO      -> OutputTracks 'rz_tracks':
23:00:45    Sequencer      INFO            TrackContainer<ConstVectorTrackContainer, ConstVectorMultiTrajectory, shared_ptr>
23:00:45    Sequencer      INFO      Add Algorithm 'TrackTruthMatcher'
23:00:45    Sequencer      INFO      <- InputTracks 'rz_tracks':
23:00:45    Sequencer      INFO            TrackContainer<ConstVectorTrackContainer, ConstVectorMultiTrajectory, shared_ptr>
23:00:45    Sequencer      INFO      <- InputParticles 'particles_selected':
23:00:45    Sequencer      INFO         flat_set<SimParticle, detail::CompareParticleId, void>
23:00:45    Sequencer      INFO      <- InputMeasurementParticlesMap 'measurement_particles_map':
23:00:45    Sequencer      INFO         flat_multimap<unsigned int, Barcode, less<unsigned int>, void>
23:00:45    Sequencer      INFO      -> OutputTrackParticleMatching 'rz_track_particle_matching':
23:00:45    Sequencer      INFO            map<unsigned int, TrackMatchEntry, less<unsigned int>, allocator<pair<unsigned int const, TrackMatchEntry>>>
23:00:45    Sequencer      INFO      -> OutputParticleTrackMatching 'rz_particle_track_matching':
23:00:45    Sequencer      INFO            map<Barcode, ParticleMatchEntry, less<Barcode>, allocator<pair<Barcode const, ParticleMatchEntry>>>
23:00:45    Sequencer      INFO      Key 'rz_track_particle_matching' aliased to 'track_particle_matching'
23:00:45    Sequencer      INFO      Key 'rz_particle_track_matching' aliased to 'particle_track_matching'
23:00:45    Sequencer      INFO      Add Writer 'RootTrackSummaryWriter'
23:00:45    Sequencer      INFO      <- InputHandle 'rz_tracks':
23:00:45    Sequencer      INFO            TrackContainer<ConstVectorTrackContainer, ConstVectorMultiTrajectory, shared_ptr>
23:00:45    Sequencer      INFO      <- InputParticles 'particles_selected':
23:00:45    Sequencer      INFO         flat_set<SimParticle, detail::CompareParticleId, void>
23:00:45    Sequencer      INFO      <- InputTrackParticleMatching 'track_particle_matching':
23:00:45    Sequencer      INFO            map<unsigned int, TrackMatchEntry, less<unsigned int>, allocator<pair<unsigned int const, TrackMatchEntry>>>
23:00:45    Sequencer      INFO      Add Writer 'RootTrackParameterPerformanceWriter'
23:00:45    Sequencer      INFO      <- InputHandle 'rz_tracks':
23:00:45    Sequencer      INFO            TrackContainer<ConstVectorTrackContainer, ConstVectorMultiTrajectory, shared_ptr>
23:00:45    Sequencer      INFO      <- InputParticles 'particles_selected':
23:00:45    Sequencer      INFO         flat_set<SimParticle, detail::CompareParticleId, void>
23:00:45    Sequencer      INFO      <- InputTrackParticleMatching 'track_particle_matching':
23:00:45    Sequencer      INFO            map<unsigned int, TrackMatchEntry, less<unsigned int>, allocator<pair<unsigned int const, TrackMatchEntry>>>
23:00:45    Sequencer      INFO      Add Writer 'RootPatternRecognitionPerformanceWriter'
23:00:45    Sequencer      INFO      <- InputHandle 'rz_tracks':
23:00:45    Sequencer      INFO            TrackContainer<ConstVectorTrackContainer, ConstVectorMultiTrajectory, shared_ptr>
23:00:45    Sequencer      INFO      <- InputParticles 'particles_selected':
23:00:45    Sequencer      INFO         flat_set<SimParticle, detail::CompareParticleId, void>
23:00:45    Sequencer      INFO      <- InputTrackParticleMatching 'track_particle_matching':
23:00:45    Sequencer      INFO            map<unsigned int, TrackMatchEntry, less<unsigned int>, allocator<pair<unsigned int const, TrackMatchEntry>>>
23:00:45    Sequencer      INFO      <- InputParticleTrackMatching 'particle_track_matching':
23:00:45    Sequencer      INFO            map<Barcode, ParticleMatchEntry, less<Barcode>, allocator<pair<Barcode const, ParticleMatchEntry>>>
23:00:45    Sequencer      INFO      <- InputParticleMeasurementsMap 'particle_measurements_map':
23:00:45    Sequencer      INFO         flat_multimap<Barcode, unsigned int, less<Barcode>, void>
23:00:45    Sequencer      INFO      Processing events [0, 100)
23:00:45    Sequencer      INFO      Starting event loop with 1 threads
23:00:45    Sequencer      INFO        0 context decorators
23:00:45    Sequencer      INFO        18 sequence elements
23:00:45    Sequencer      INFO        1 readers
23:00:45    Sequencer      INFO        12 algorithms
23:00:45    Sequencer      INFO        5 writers
23:00:45    Digitization   WARNING   4 skipped in Digitization. Enable DEBUG mode to see more details.
23:00:45    Sequencer      INFO      finished event 0
23:00:45    Digitization   WARNING   8 skipped in Digitization. Enable DEBUG mode to see more details.
23:00:45    Sequencer      INFO      finished event 1
23:00:45    Digitization   WARNING   17 skipped in Digitization. Enable DEBUG mode to see more details.
23:00:45    Sequencer      INFO      finished event 2
23:00:45    Digitization   WARNING   22 skipped in Digitization. Enable DEBUG mode to see more details.
23:00:45    Sequencer      INFO      finished event 3
23:00:45    Digitization   WARNING   8 skipped in Digitization. Enable DEBUG mode to see more details.
23:00:45    Sequencer      INFO      finished event 4
23:00:45    Digitization   WARNING   7 skipped in Digitization. Enable DEBUG mode to see more details.
23:00:45    Sequencer      INFO      finished event 5
23:00:45    Digitization   WARNING   24 skipped in Digitization. Enable DEBUG mode to see more details.
23:00:45    Sequencer      INFO      finished event 6
23:00:45    Digitization   WARNING   14 skipped in Digitization. Enable DEBUG mode to see more details.
23:00:45    Sequencer      INFO      finished event 7
23:00:45    Digitization   WARNING   15 skipped in Digitization. Enable DEBUG mode to see more details.
23:00:45    Sequencer      INFO      finished event 8
23:00:45    Digitization   WARNING   15 skipped in Digitization. Enable DEBUG mode to see more details.
23:00:45    Sequencer      INFO      finished event 9
23:00:45    Digitization   WARNING   7 skipped in Digitization. Enable DEBUG mode to see more details.
23:00:45    Sequencer      INFO      finished event 10
23:00:45    Digitization   WARNING   19 skipped in Digitization. Enable DEBUG mode to see more details.
23:00:45    Sequencer      INFO      finished event 11
23:00:45    Digitization   WARNING   15 skipped in Digitization. Enable DEBUG mode to see more details.
23:00:45    Sequencer      INFO      finished event 12
23:00:45    Digitization   WARNING   20 skipped in Digitization. Enable DEBUG mode to see more details.
23:00:45    Sequencer      INFO      finished event 13
23:00:45    Digitization   WARNING   9 skipped in Digitization. Enable DEBUG mode to see more details.
23:00:45    Sequencer      INFO      finished event 14
23:00:45    Digitization   WARNING   20 skipped in Digitization. Enable DEBUG mode to see more details.
23:00:45    Sequencer      INFO      finished event 15
23:00:45    Digitization   WARNING   13 skipped in Digitization. Enable DEBUG mode to see more details.
23:00:45    Sequencer      INFO      finished event 16
23:00:45    Digitization   WARNING   5 skipped in Digitization. Enable DEBUG mode to see more details.
23:00:45    Sequencer      INFO      finished event 17
23:00:45    Digitization   WARNING   9 skipped in Digitization. Enable DEBUG mode to see more details.
23:00:45    Sequencer      INFO      finished event 18
23:00:45    Digitization   WARNING   17 skipped in Digitization. Enable DEBUG mode to see more details.
23:00:45    Sequencer      INFO      finished event 19
23:00:45    Digitization   WARNING   7 skipped in Digitization. Enable DEBUG mode to see more details.
23:00:45    Sequencer      INFO      finished event 20
23:00:45    Digitization   WARNING   13 skipped in Digitization. Enable DEBUG mode to see more details.
23:00:45    Sequencer      INFO      finished event 21
23:00:45    Digitization   WARNING   14 skipped in Digitization. Enable DEBUG mode to see more details.
23:00:45    Sequencer      INFO      finished event 22
23:00:45    Digitization   WARNING   24 skipped in Digitization. Enable DEBUG mode to see more details.
23:00:45    Sequencer      INFO      finished event 23
23:00:45    Digitization   WARNING   16 skipped in Digitization. Enable DEBUG mode to see more details.
23:00:45    Sequencer      INFO      finished event 24
23:00:45    Digitization   WARNING   18 skipped in Digitization. Enable DEBUG mode to see more details.
23:00:45    Sequencer      INFO      finished event 25
23:00:45    Digitization   WARNING   20 skipped in Digitization. Enable DEBUG mode to see more details.
23:00:45    Sequencer      INFO      finished event 26
23:00:45    Digitization   WARNING   10 skipped in Digitization. Enable DEBUG mode to see more details.
23:00:45    Sequencer      INFO      finished event 27
23:00:45    Digitization   WARNING   9 skipped in Digitization. Enable DEBUG mode to see more details.
23:00:45    Sequencer      INFO      finished event 28
23:00:45    Digitization   WARNING   9 skipped in Digitization. Enable DEBUG mode to see more details.
23:00:45    Sequencer      INFO      finished event 29
23:00:45    Digitization   WARNING   20 skipped in Digitization. Enable DEBUG mode to see more details.
23:00:45    Sequencer      INFO      finished event 30
23:00:45    Digitization   WARNING   18 skipped in Digitization. Enable DEBUG mode to see more details.
23:00:45    Sequencer      INFO      finished event 31
23:00:45    Digitization   WARNING   10 skipped in Digitization. Enable DEBUG mode to see more details.
23:00:45    Sequencer      INFO      finished event 32
23:00:45    Digitization   WARNING   16 skipped in Digitization. Enable DEBUG mode to see more details.
23:00:45    Sequencer      INFO      finished event 33
23:00:45    Digitization   WARNING   9 skipped in Digitization. Enable DEBUG mode to see more details.
23:00:45    Sequencer      INFO      finished event 34
23:00:45    Digitization   WARNING   14 skipped in Digitization. Enable DEBUG mode to see more details.
23:00:45    Sequencer      INFO      finished event 35
23:00:45    Digitization   WARNING   25 skipped in Digitization. Enable DEBUG mode to see more details.
23:00:45    Sequencer      INFO      finished event 36
23:00:45    Digitization   WARNING   5 skipped in Digitization. Enable DEBUG mode to see more details.
23:00:45    Sequencer      INFO      finished event 37
23:00:45    Digitization   WARNING   11 skipped in Digitization. Enable DEBUG mode to see more details.
23:00:45    Sequencer      INFO      finished event 38
23:00:45    Digitization   WARNING   5 skipped in Digitization. Enable DEBUG mode to see more details.
23:00:45    Sequencer      INFO      finished event 39
23:00:45    Sequencer      INFO      finished event 40
23:00:45    Digitization   WARNING   22 skipped in Digitization. Enable DEBUG mode to see more details.
23:00:45    Sequencer      INFO      finished event 41
23:00:45    Digitization   WARNING   4 skipped in Digitization. Enable DEBUG mode to see more details.
23:00:45    Sequencer      INFO      finished event 42
23:00:45    Digitization   WARNING   14 skipped in Digitization. Enable DEBUG mode to see more details.
23:00:45    Sequencer      INFO      finished event 43
23:00:45    Digitization   WARNING   7 skipped in Digitization. Enable DEBUG mode to see more details.
23:00:45    Sequencer      INFO      finished event 44
23:00:45    Digitization   WARNING   13 skipped in Digitization. Enable DEBUG mode to see more details.
23:00:45    Sequencer      INFO      finished event 45
23:00:45    Digitization   WARNING   13 skipped in Digitization. Enable DEBUG mode to see more details.
23:00:45    Sequencer      INFO      finished event 46
23:00:45    Digitization   WARNING   11 skipped in Digitization. Enable DEBUG mode to see more details.
23:00:45    Sequencer      INFO      finished event 47
23:00:45    Digitization   WARNING   19 skipped in Digitization. Enable DEBUG mode to see more details.
23:00:45    Sequencer      INFO      finished event 48
23:00:45    Digitization   WARNING   7 skipped in Digitization. Enable DEBUG mode to see more details.
23:00:45    Sequencer      INFO      finished event 49
23:00:45    Digitization   WARNING   28 skipped in Digitization. Enable DEBUG mode to see more details.
23:00:45    Sequencer      INFO      finished event 50
23:00:45    Digitization   WARNING   17 skipped in Digitization. Enable DEBUG mode to see more details.
23:00:45    Sequencer      INFO      finished event 51
23:00:45    Digitization   WARNING   27 skipped in Digitization. Enable DEBUG mode to see more details.
23:00:45    Sequencer      INFO      finished event 52
23:00:45    Digitization   WARNING   15 skipped in Digitization. Enable DEBUG mode to see more details.
23:00:45    Sequencer      INFO      finished event 53
23:00:45    Digitization   WARNING   15 skipped in Digitization. Enable DEBUG mode to see more details.
23:00:45    Sequencer      INFO      finished event 54
23:00:45    Digitization   WARNING   10 skipped in Digitization. Enable DEBUG mode to see more details.
23:00:45    Sequencer      INFO      finished event 55
23:00:45    Digitization   WARNING   23 skipped in Digitization. Enable DEBUG mode to see more details.
23:00:45    Sequencer      INFO      finished event 56
23:00:45    Digitization   WARNING   8 skipped in Digitization. Enable DEBUG mode to see more details.
23:00:45    Sequencer      INFO      finished event 57
23:00:45    Digitization   WARNING   22 skipped in Digitization. Enable DEBUG mode to see more details.
23:00:45    Sequencer      INFO      finished event 58
23:00:45    Digitization   WARNING   12 skipped in Digitization. Enable DEBUG mode to see more details.
23:00:45    Sequencer      INFO      finished event 59
23:00:45    Digitization   WARNING   23 skipped in Digitization. Enable DEBUG mode to see more details.
23:00:45    Sequencer      INFO      finished event 60
23:00:45    Digitization   WARNING   12 skipped in Digitization. Enable DEBUG mode to see more details.
23:00:45    Sequencer      INFO      finished event 61
23:00:45    Digitization   WARNING   22 skipped in Digitization. Enable DEBUG mode to see more details.
23:00:45    Sequencer      INFO      finished event 62
23:00:45    Digitization   WARNING   15 skipped in Digitization. Enable DEBUG mode to see more details.
23:00:45    Sequencer      INFO      finished event 63
23:00:45    Digitization   WARNING   9 skipped in Digitization. Enable DEBUG mode to see more details.
23:00:45    Sequencer      INFO      finished event 64
23:00:45    Digitization   WARNING   15 skipped in Digitization. Enable DEBUG mode to see more details.
23:00:45    Sequencer      INFO      finished event 65
23:00:45    Digitization   WARNING   12 skipped in Digitization. Enable DEBUG mode to see more details.
23:00:45    Sequencer      INFO      finished event 66
23:00:45    Digitization   WARNING   11 skipped in Digitization. Enable DEBUG mode to see more details.
23:00:45    Sequencer      INFO      finished event 67
23:00:45    Digitization   WARNING   14 skipped in Digitization. Enable DEBUG mode to see more details.
23:00:45    Sequencer      INFO      finished event 68
23:00:45    Digitization   WARNING   7 skipped in Digitization. Enable DEBUG mode to see more details.
23:00:45    Sequencer      INFO      finished event 69
23:00:45    Digitization   WARNING   12 skipped in Digitization. Enable DEBUG mode to see more details.
23:00:45    Sequencer      INFO      finished event 70
23:00:45    Digitization   WARNING   8 skipped in Digitization. Enable DEBUG mode to see more details.
23:00:45    Sequencer      INFO      finished event 71
23:00:45    Digitization   WARNING   11 skipped in Digitization. Enable DEBUG mode to see more details.
23:00:45    Sequencer      INFO      finished event 72
23:00:45    Digitization   WARNING   4 skipped in Digitization. Enable DEBUG mode to see more details.
23:00:45    Sequencer      INFO      finished event 73
23:00:45    Digitization   WARNING   18 skipped in Digitization. Enable DEBUG mode to see more details.
23:00:45    Sequencer      INFO      finished event 74
23:00:45    Digitization   WARNING   17 skipped in Digitization. Enable DEBUG mode to see more details.
23:00:45    Sequencer      INFO      finished event 75
23:00:45    Digitization   WARNING   7 skipped in Digitization. Enable DEBUG mode to see more details.
23:00:45    Sequencer      INFO      finished event 76
23:00:45    Digitization   WARNING   3 skipped in Digitization. Enable DEBUG mode to see more details.
23:00:45    Sequencer      INFO      finished event 77
23:00:45    Digitization   WARNING   17 skipped in Digitization. Enable DEBUG mode to see more details.
23:00:45    Sequencer      INFO      finished event 78
23:00:45    Digitization   WARNING   12 skipped in Digitization. Enable DEBUG mode to see more details.
23:00:45    Sequencer      INFO      finished event 79
23:00:45    Digitization   WARNING   12 skipped in Digitization. Enable DEBUG mode to see more details.
23:00:45    Sequencer      INFO      finished event 80
23:00:45    Digitization   WARNING   16 skipped in Digitization. Enable DEBUG mode to see more details.
23:00:45    Sequencer      INFO      finished event 81
23:00:45    Digitization   WARNING   18 skipped in Digitization. Enable DEBUG mode to see more details.
23:00:45    Sequencer      INFO      finished event 82
23:00:45    Digitization   WARNING   16 skipped in Digitization. Enable DEBUG mode to see more details.
23:00:45    Sequencer      INFO      finished event 83
23:00:45    Digitization   WARNING   10 skipped in Digitization. Enable DEBUG mode to see more details.
23:00:45    Sequencer      INFO      finished event 84
23:00:45    Digitization   WARNING   3 skipped in Digitization. Enable DEBUG mode to see more details.
23:00:45    Sequencer      INFO      finished event 85
23:00:45    Digitization   WARNING   14 skipped in Digitization. Enable DEBUG mode to see more details.
23:00:45    Sequencer      INFO      finished event 86
23:00:45    Digitization   WARNING   20 skipped in Digitization. Enable DEBUG mode to see more details.
23:00:45    Sequencer      INFO      finished event 87
23:00:45    Digitization   WARNING   7 skipped in Digitization. Enable DEBUG mode to see more details.
23:00:45    Sequencer      INFO      finished event 88
23:00:45    Digitization   WARNING   5 skipped in Digitization. Enable DEBUG mode to see more details.
23:00:45    Sequencer      INFO      finished event 89
23:00:45    Digitization   WARNING   11 skipped in Digitization. Enable DEBUG mode to see more details.
23:00:45    Sequencer      INFO      finished event 90
23:00:45    Digitization   WARNING   14 skipped in Digitization. Enable DEBUG mode to see more details.
23:00:45    Sequencer      INFO      finished event 91
23:00:45    Digitization   WARNING   10 skipped in Digitization. Enable DEBUG mode to see more details.
23:00:45    Sequencer      INFO      finished event 92
23:00:45    Digitization   WARNING   26 skipped in Digitization. Enable DEBUG mode to see more details.
23:00:45    Sequencer      INFO      finished event 93
23:00:45    Digitization   WARNING   20 skipped in Digitization. Enable DEBUG mode to see more details.
23:00:45    Sequencer      INFO      finished event 94
23:00:45    Digitization   WARNING   24 skipped in Digitization. Enable DEBUG mode to see more details.
23:00:45    Sequencer      INFO      finished event 95
23:00:45    Digitization   WARNING   12 skipped in Digitization. Enable DEBUG mode to see more details.
23:00:45    Sequencer      INFO      finished event 96
23:00:45    Digitization   WARNING   12 skipped in Digitization. Enable DEBUG mode to see more details.
23:00:45    Sequencer      INFO      finished event 97
23:00:45    Digitization   WARNING   13 skipped in Digitization. Enable DEBUG mode to see more details.
23:00:45    Sequencer      INFO      finished event 98
23:00:45    Digitization   WARNING   12 skipped in Digitization. Enable DEBUG mode to see more details.
23:00:45    Sequencer      INFO      finished event 99
23:00:45    RootPatternR   INFO      Efficiency with seeds (nMatchedseeds/nAllseeds) = 1
23:00:45    RootPatternR   INFO      Fake ratio with seeds (nFakeseeds/nAllseeds) = 0
23:00:45    RootPatternR   INFO      Duplicate ratio with seeds (nDuplicateseeds/nAllseeds) = 0.883392
23:00:45    RootPatternR   INFO      Efficiency with particles (nMatchedParticles/nTrueParticles) = 0.99875
23:00:45    RootPatternR   INFO      Fake ratio with particles (nFakeParticles/nTrueParticles) = 0
23:00:45    RootPatternR   INFO      Duplicate ratio with particles (nDuplicateParticles/nTrueParticles) = 0.99625
23:00:45    RootPatternR   INFO      Wrote performance plots to 'output/itk-muon-rz-nomat/performance_seeding.root:/'
23:00:45    RootTrackPar   INFO      Wrote estimated parameters from seed to tree 'estimatedparams' in 'output/itk-muon-rz-nomat/estimatedparams.root'
23:00:45    RzTrackFindi   INFO      RzTrackFinding: 6852 seeds, 5332 tracks, 22.7914 stops and 12.9677 candidates per seed, 9.46099 measurements and 0.324269 holes per track, 0 backward pass failures
23:00:45    RootTrackSum   INFO      Wrote parameters of tracks to tree 'tracksummary' in 'output/itk-muon-rz-nomat/tracksummary_rz.root'
23:00:45    RootTrackPar   INFO      === Track Parameter Performance Summary ===
23:00:45    RootTrackPar   INFO      Total tracks: 5332
23:00:45    RootTrackPar   INFO      Total matched tracks: 494
23:00:45    RootTrackPar   INFO      Total particles: 800
23:00:45    RootTrackPar   INFO      Total matched particles: 494
23:00:45    RootTrackPar   INFO      Track efficiency: 9.26482%
Warning in <ROOT::Fit::FillData>: fit range is outside histogram range, no fit data for xaxis
Warning in <Fit>: Fit data is empty 
Warning in <Fit>: Fit data is empty 
Warning in <Fit>: Fit data is empty 
Warning in <Fit>: Fit data is empty 
Warning in <Fit>: Fit data is empty 
Warning in <Fit>: Fit data is empty 
Warning in <ROOT::Fit::FillData>: fit range is outside histogram range, no fit data for xaxis
Warning in <Fit>: Fit data is empty 
Warning in <Fit>: Fit data is empty 
Warning in <Fit>: Fit data is empty 
Warning in <Fit>: Fit data is empty 
Warning in <Fit>: Fit data is empty 
Warning in <ROOT::Fit::FillData>: fit range is outside histogram range, no fit data for xaxis
Warning in <Fit>: Fit data is empty 
Warning in <Fit>: Fit data is empty 
Warning in <Fit>: Fit data is empty 
Warning in <Fit>: Fit data is empty 
Warning in <ROOT::Fit::FillData>: fit range is outside histogram range, no fit data for xaxis
Warning in <Fit>: Fit data is empty 
Warning in <Fit>: Fit data is empty 
Warning in <Fit>: Fit data is empty 
Warning in <Fit>: Fit data is empty 
Warning in <Fit>: Fit data is empty 
Warning in <Fit>: Fit data is empty 
Warning in <Fit>: Fit data is empty 
Warning in <Fit>: Fit data is empty 
Warning in <Fit>: Fit data is empty 
Warning in <Fit>: Fit data is empty 
Warning in <Fit>: Fit data is empty 
Warning in <ROOT::Fit::FillData>: fit range is outside histogram range, no fit data for xaxis
Warning in <Fit>: Fit data is empty 
Warning in <ROOT::Fit::FillData>: fit range is outside histogram range, no fit data for xaxis
Warning in <Fit>: Fit data is empty 
Warning in <Fit>: Fit data is empty 
Warning in <ROOT::Fit::FillData>: fit range is outside histogram range, no fit data for xaxis
Warning in <Fit>: Fit data is empty 
Warning in <ROOT::Fit::FillData>: fit range is outside histogram range, no fit data for xaxis
Warning in <Fit>: Fit data is empty 
Warning in <Fit>: Fit data is empty 
Warning in <Fit>: Fit data is empty 
Warning in <Fit>: Fit data is empty 
Warning in <ROOT::Fit::FillData>: fit range is outside histogram range, no fit data for xaxis
Warning in <Fit>: Fit data is empty 
Warning in <Fit>: Fit data is empty 
Warning in <Fit>: Fit data is empty 
Warning in <Fit>: Fit data is empty 
Warning in <Fit>: Fit data is empty 
Warning in <ROOT::Fit::FillData>: fit range is outside histogram range, no fit data for xaxis
Warning in <Fit>: Fit data is empty 
Warning in <Fit>: Fit data is empty 
Warning in <Fit>: Fit data is empty 
Warning in <Fit>: Fit data is empty 
Warning in <Fit>: Fit data is empty 
Warning in <Fit>: Fit data is empty 
Warning in <ROOT::Fit::FillData>: fit range is outside histogram range, no fit data for xaxis
Warning in <Fit>: Fit data is empty 
Warning in <Fit>: Fit data is empty 
Warning in <Fit>: Fit data is empty 
Warning in <Fit>: Fit data is empty 
Warning in <Fit>: Fit data is empty 
Warning in <Fit>: Fit data is empty 
Warning in <Fit>: Fit data is empty 
Warning in <ROOT::Fit::FillData>: fit range is outside histogram range, no fit data for xaxis
Warning in <Fit>: Fit data is empty 
Warning in <ROOT::Fit::FillData>: fit range is outside histogram range, no fit data for xaxis
Warning in <Fit>: Fit data is empty 
Warning in <ROOT::Fit::FillData>: fit range is outside histogram range, no fit data for xaxis
Warning in <Fit>: Fit data is empty 
Warning in <ROOT::Fit::FillData>: fit range is outside histogram range, no fit data for xaxis
Warning in <Fit>: Fit data is empty 
Warning in <ROOT::Fit::FillData>: fit range is outside histogram range, no fit data for xaxis
Warning in <Fit>: Fit data is empty 
23:00:47    RootTrackPar   INFO      Wrote performance plots to 'output/itk-muon-rz-nomat/performance_fitting_rz.root:/'
23:00:47    RootPatternR   INFO      Efficiency with tracks (nMatchedtracks/nAlltracks) = 0.666354
23:00:47    RootPatternR   INFO      Fake ratio with tracks (nFaketracks/nAlltracks) = 0.333646
23:00:47    RootPatternR   INFO      Duplicate ratio with tracks (nDuplicatetracks/nAlltracks) = 0.573706
23:00:47    RootPatternR   INFO      Efficiency with particles (nMatchedParticles/nTrueParticles) = 0.6175
23:00:47    RootPatternR   INFO      Fake ratio with particles (nFakeParticles/nTrueParticles) = 0.4225
23:00:47    RootPatternR   INFO      Duplicate ratio with particles (nDuplicateParticles/nTrueParticles) = 0.5875
23:00:47    RootPatternR   INFO      Wrote performance plots to 'output/itk-muon-rz-nomat/performance_finding_rz.root:/'
23:00:47    Sequencer      INFO      No unmasked FPEs encountered
23:00:47    Sequencer      INFO      Processed 100 events in 1.512176 s (wall clock)
23:00:47    Sequencer      INFO      Average time per event: 2.950183 ms/event
23:00:47    Sequencer      INFO      Timing breakdown:
| Algorithm                                      | Total Time (ms) | Time/Event (ms) | Fraction |
|:-----------------------------------------------|----------------:|----------------:|---------:|
| Algorithm:FatrasSimulation                     |          122.60 |            1.23 |    41.6% |
| Algorithm:RzTrackFindingAlgorithm              |           73.86 |            0.74 |    25.0% |
| Algorithm:DigitizationAlgorithm                |           22.50 |            0.22 |     7.6% |
| Algorithm:GridTripletSeedingAlgorithm          |           18.99 |            0.19 |     6.4% |
| Writer:RootTrackParameterPerformanceWriter     |           14.59 |            0.15 |     4.9% |
| Writer:RootTrackSummaryWriter                  |            9.54 |            0.10 |     3.2% |
| Writer:RootPatternRecognitionPerformanceWriter |            6.71 |            0.07 |     2.3% |
| Writer:RootTrackParameterWriter                |            5.87 |            0.06 |     2.0% |
| Writer:RootPatternRecognitionPerformanceWriter |            5.09 |            0.05 |     1.7% |
| Algorithm:TrackParamsEstimationAlgorithm       |            4.93 |            0.05 |     1.7% |
| Algorithm:SpacePointMaker                      |            2.69 |            0.03 |     0.9% |
| Algorithm:SeedsToTracks                        |            2.10 |            0.02 |     0.7% |
| Algorithm:TrackTruthMatcher                    |            1.59 |            0.02 |     0.5% |
| Algorithm:TrackTruthMatcher                    |            1.51 |            0.02 |     0.5% |
| Reader:EventGenerator                          |            1.08 |            0.01 |     0.4% |
| Algorithm:HepMC3InputConverter                 |            1.01 |            0.01 |     0.3% |
| Algorithm:ParticleSelector                     |            0.21 |            0.00 |     0.1% |
| Algorithm:SeedsToProtoTracks                   |            0.15 |            0.00 |     0.1% |
| TOTAL                                          |          295.02 |            2.95 |   100.0% |

