22:57:44    buildITkGeom   INFO      Adding material from /Users/andreas/cern/source/acts/acts-itk/itk-hgtd/material-maps-ITk-HGTD.json
Info in <TGeoManager::Import>: Reading geometry from file: /Users/andreas/cern/source/acts/acts-itk/itk-hgtd/ATLAS-ITk-HGTD.tgeo.root
Info in <TGeoManager::CloseGeometry>: Geometry loaded from file...
Info in <TGeoManager::SetTopVolume>: Top volume is BeamPipe__World. Master volume is BeamPipe__World
Info in <TGeoNavigator::BuildCache>: --- Maximum geometry depth set to 100
Info in <TGeoManager::CloseGeometry>: Voxelization retrieved from file
Info in <TGeoManager::CountLevels>: max level = 9, max placements = 46975
Info in <TGeoManager::CloseGeometry>: 233079 nodes/ 703 volume UID's in Geometry imported from GDML
Info in <TGeoManager::CloseGeometry>: ----------------modeler ready----------------
Warning in <TGeoMatrix::dtor>: Registered matrix ITkPixel__ITkPixelDetectorID was removed
Warning in <TGeoMatrix::dtor>: Registered matrix ITkPixel__ITkPixelDetectorID was removed
Warning in <TGeoMatrix::dtor>: Registered matrix ITkPixel__ITkPixelDetectorID was removed
Warning in <TGeoMatrix::dtor>: Registered matrix ITkPixel__ITkPixelDetectorID was removed
Warning in <TGeoMatrix::dtor>: Registered matrix ITkPixel__ITkPixelDetectorID was removed
Warning in <TGeoMatrix::dtor>: Registered matrix ITkPixel__ITkPixelDetectorID was removed
Warning in <TGeoMatrix::dtor>: Registered matrix ITkStrip__ITkStripID was removed
Warning in <TGeoMatrix::dtor>: Registered matrix ITkStrip__ITkStripID was removed
Warning in <TGeoMatrix::dtor>: Registered matrix ITkStrip__ITkStripID was removed
Warning in <TGeoMatrix::dtor>: Registered matrix HGTD__HGTDID was removed
Warning in <TGeoMatrix::dtor>: Registered matrix HGTD__HGTDID was removed
22:57:53    Sequencer      INFO      Create Sequencer (single-threaded)
22:57:53    Sequencer      INFO      Add Reader 'EventGenerator'
22:57:53    Sequencer      INFO      -> OutputEvent 'particle_gun_event':
22:57:53    Sequencer      INFO         shared_ptr<HepMC3::GenEvent>
22:57:53    Sequencer      INFO      Add Algorithm 'HepMC3InputConverter'
22:57:53    Sequencer      INFO      <- InputEvent 'particle_gun_event':
22:57:53    Sequencer      INFO         shared_ptr<HepMC3::GenEvent>
22:57:53    Sequencer      INFO      -> OutputParticles 'particles_generated':
22:57:53    Sequencer      INFO         flat_set<SimParticle, detail::CompareParticleId, void>
22:57:53    Sequencer      INFO      -> OutputVertices 'vertices_generated':
22:57:53    Sequencer      INFO         flat_set<SimVertex, detail::CompareVertexId, void>
22:57:53    Sequencer      INFO      Key 'particles_generated' aliased to 'particles'
22:57:53    Sequencer      INFO      Key 'vertices_generated' aliased to 'vertices_truth'
22:57:53    Sequencer      INFO      Key 'particles_generated' aliased to 'particles_generated_selected'
22:57:53    Sequencer      INFO      Add Algorithm 'FatrasSimulation'
22:57:53    Sequencer      INFO      <- InputParticles 'particles_generated_selected':
22:57:53    Sequencer      INFO         flat_set<SimParticle, detail::CompareParticleId, void>
22:57:53    Sequencer      INFO      -> OutputSimHits 'simhits':
22:57:53    Sequencer      INFO         flat_multiset<Hit, detail::CompareGeometryId, void>
22:57:53    Sequencer      INFO      -> OutputParticles 'particles_simulated':
22:57:53    Sequencer      INFO         flat_set<SimParticle, detail::CompareParticleId, void>
22:57:53    Sequencer      INFO      Key 'particles_simulated' aliased to 'particles'
22:57:53    Sequencer      INFO      Key 'particles_simulated' aliased to 'particles_simulated_selected'
22:57:53    Sequencer      INFO      Add Algorithm 'DigitizationAlgorithm'
22:57:53    Sequencer      INFO      <- InputHits 'simhits':
22:57:53    Sequencer      INFO         flat_multiset<Hit, detail::CompareGeometryId, void>
22:57:53    Sequencer      INFO      -> OutputMeasurements 'measurements':
22:57:53    Sequencer      INFO         MeasurementContainer
22:57:53    Sequencer      INFO      -> OutputMeasurementSubset 'measurement_subset':
22:57:53    Sequencer      INFO         MeasurementSubset
22:57:53    Sequencer      INFO      -> OutputClusters 'clusters':
22:57:53    Sequencer      INFO         vector<Cluster>
22:57:53    Sequencer      INFO      -> OutputMeasurementParticlesMap 'measurement_particles_map':
22:57:53    Sequencer      INFO         flat_multimap<unsigned int, Barcode, less<unsigned int>, void>
22:57:53    Sequencer      INFO      -> OutputMeasurementSimHitsMap 'measurement_simhits_map':
22:57:53    Sequencer      INFO         flat_multimap<unsigned int, unsigned int, less<unsigned int>, void>
22:57:53    Sequencer      INFO      -> OutputParticleMeasurementsMap 'particle_measurements_map':
22:57:53    Sequencer      INFO         flat_multimap<Barcode, unsigned int, less<Barcode>, void>
22:57:53    Sequencer      INFO      -> OutputSimHitMeasurementsMap 'simhit_measurements_map':
22:57:53    Sequencer      INFO         flat_multimap<unsigned int, unsigned int, less<unsigned int>, void>
22:57:53    Sequencer      INFO      Add Algorithm 'ParticleSelector'
22:57:53    Sequencer      INFO      <- InputParticles 'particles_simulated_selected':
22:57:53    Sequencer      INFO         flat_set<SimParticle, detail::CompareParticleId, void>
22:57:53    Sequencer      INFO      <- InputParticleMeasurementsMap 'particle_measurements_map':
22:57:53    Sequencer      INFO         flat_multimap<Barcode, unsigned int, less<Barcode>, void>
22:57:53    Sequencer      INFO      <- InputMeasurements 'measurements':
22:57:53    Sequencer      INFO         MeasurementContainer
22:57:53    Sequencer      INFO      -> OutputParticles 'tmp_particles_digitized_selected':
22:57:53    Sequencer      INFO         flat_set<SimParticle, detail::CompareParticleId, void>
22:57:53    Sequencer      INFO      Key 'tmp_particles_digitized_selected' aliased to 'particles_selected'
22:57:53    Sequencer      INFO      Key 'tmp_particles_digitized_selected' aliased to 'particles_digitized_selected'
22:57:53    Sequencer      INFO      Add Algorithm 'SpacePointMaker'
22:57:53    Sequencer      INFO      <- InputMeasurements 'measurement_subset':
22:57:53    Sequencer      INFO         MeasurementSubset
22:57:53    Sequencer      INFO      -> OutputSpacePoints 'spacepoints':
22:57:53    Sequencer      INFO         SpacePointContainer
22:57:53    addSeeding     INFO      Using grid triplet seeding
22:57:53    Sequencer      INFO      Add Algorithm 'GridTripletSeedingAlgorithm'
22:57:53    Sequencer      INFO      <- InputSpacePoints 'spacepoints':
22:57:53    Sequencer      INFO         SpacePointContainer
22:57:53    Sequencer      INFO      -> OutputSeeds 'seeds':
22:57:53    Sequencer      INFO         SeedContainer
22:57:53    Sequencer      INFO      Add Algorithm 'TrackParamsEstimationAlgorithm'
22:57:53    Sequencer      INFO      <- InputSeeds 'seeds':
22:57:53    Sequencer      INFO         SeedContainer
22:57:53    Sequencer      INFO      -> OutputTrackParameters 'estimatedparameters':
22:57:53    Sequencer      INFO         vector<BoundTrackParameters>
22:57:53    Sequencer      INFO      -> OutputSeeds 'estimatedseeds':
22:57:53    Sequencer      INFO         SeedContainer
22:57:53    Sequencer      INFO      Add Algorithm 'SeedsToProtoTracks'
22:57:53    Sequencer      INFO      <- InputSeeds 'estimatedseeds':
22:57:53    Sequencer      INFO         SeedContainer
22:57:53    Sequencer      INFO      -> OutputProtoTracks 'seed-protoTracks':
22:57:53    Sequencer      INFO         vector<small_vector<unsigned int, 3ul, void, void>>
22:57:53    Sequencer      INFO      Add Algorithm 'SeedsToTracks'
22:57:53    Sequencer      INFO      <- InputSeeds 'estimatedseeds':
22:57:53    Sequencer      INFO         SeedContainer
22:57:53    Sequencer      INFO      <- InputTrackParameters 'estimatedparameters':
22:57:53    Sequencer      INFO         vector<BoundTrackParameters>
22:57:53    Sequencer      INFO      -> OutputTracks 'seed-tracks':
22:57:53    Sequencer      INFO            TrackContainer<ConstVectorTrackContainer, ConstVectorMultiTrajectory, shared_ptr>
22:57:53    Sequencer      INFO      Add Algorithm 'TrackTruthMatcher'
22:57:53    Sequencer      INFO      <- InputTracks 'seed-tracks':
22:57:53    Sequencer      INFO            TrackContainer<ConstVectorTrackContainer, ConstVectorMultiTrajectory, shared_ptr>
22:57:53    Sequencer      INFO      <- InputParticles 'particles_selected':
22:57:53    Sequencer      INFO         flat_set<SimParticle, detail::CompareParticleId, void>
22:57:53    Sequencer      INFO      <- InputMeasurementParticlesMap 'measurement_particles_map':
22:57:53    Sequencer      INFO         flat_multimap<unsigned int, Barcode, less<unsigned int>, void>
22:57:53    Sequencer      INFO      -> OutputTrackParticleMatching 'seed_particle_matching':
22:57:53    Sequencer      INFO            map<unsigned int, TrackMatchEntry, less<unsigned int>, allocator<pair<unsigned int const, TrackMatchEntry>>>
22:57:53    Sequencer      INFO      -> OutputParticleTrackMatching 'particle_seed_matching':
22:57:53    Sequencer      INFO            map<Barcode, ParticleMatchEntry, less<Barcode>, allocator<pair<Barcode const, ParticleMatchEntry>>>
22:57:54    Sequencer      INFO      Add Writer 'RootPatternRecognitionPerformanceWriter'
22:57:54    Sequencer      INFO      <- InputHandle 'seed-tracks':
22:57:54    Sequencer      INFO            TrackContainer<ConstVectorTrackContainer, ConstVectorMultiTrajectory, shared_ptr>
22:57:54    Sequencer      INFO      <- InputParticles 'particles_selected':
22:57:54    Sequencer      INFO         flat_set<SimParticle, detail::CompareParticleId, void>
22:57:54    Sequencer      INFO      <- InputTrackParticleMatching 'seed_particle_matching':
22:57:54    Sequencer      INFO            map<unsigned int, TrackMatchEntry, less<unsigned int>, allocator<pair<unsigned int const, TrackMatchEntry>>>
22:57:54    Sequencer      INFO      <- InputParticleTrackMatching 'particle_seed_matching':
22:57:54    Sequencer      INFO            map<Barcode, ParticleMatchEntry, less<Barcode>, allocator<pair<Barcode const, ParticleMatchEntry>>>
22:57:54    Sequencer      INFO      <- InputParticleMeasurementsMap 'particle_measurements_map':
22:57:54    Sequencer      INFO         flat_multimap<Barcode, unsigned int, less<Barcode>, void>
22:57:54    Sequencer      INFO      Add Writer 'RootTrackParameterWriter'
22:57:54    Sequencer      INFO      <- InputHandle 'estimatedparameters':
22:57:54    Sequencer      INFO         vector<BoundTrackParameters>
22:57:54    Sequencer      INFO      <- InputProtoTracks 'seed-protoTracks':
22:57:54    Sequencer      INFO         vector<small_vector<unsigned int, 3ul, void, void>>
22:57:54    Sequencer      INFO      <- InputParticles 'particles':
22:57:54    Sequencer      INFO         flat_set<SimParticle, detail::CompareParticleId, void>
22:57:54    Sequencer      INFO      <- InputSimHits 'simhits':
22:57:54    Sequencer      INFO         flat_multiset<Hit, detail::CompareGeometryId, void>
22:57:54    Sequencer      INFO      <- InputMeasurementParticlesMap 'measurement_particles_map':
22:57:54    Sequencer      INFO         flat_multimap<unsigned int, Barcode, less<unsigned int>, void>
22:57:54    Sequencer      INFO      <- InputMeasurementSimHitsMap 'measurement_simhits_map':
22:57:54    Sequencer      INFO         flat_multimap<unsigned int, unsigned int, less<unsigned int>, void>
22:57:54    RzTrackFindi   INFO      RZ layout: 31 cylinders, 358 discs, 181 sensitive layers, 58700 modules, escape r 1016.06 |z| 3480.13
22:57:54    Sequencer      INFO      Add Algorithm 'RzTrackFindingAlgorithm'
22:57:54    Sequencer      INFO      <- InputMeasurements 'measurements':
22:57:54    Sequencer      INFO         MeasurementContainer
22:57:54    Sequencer      INFO      <- InputInitialTrackParameters 'estimatedparameters':
22:57:54    Sequencer      INFO         vector<BoundTrackParameters>
22:57:54    Sequencer      INFO      -> OutputTracks 'rz_tracks':
22:57:54    Sequencer      INFO            TrackContainer<ConstVectorTrackContainer, ConstVectorMultiTrajectory, shared_ptr>
22:57:54    Sequencer      INFO      Add Algorithm 'TrackTruthMatcher'
22:57:54    Sequencer      INFO      <- InputTracks 'rz_tracks':
22:57:54    Sequencer      INFO            TrackContainer<ConstVectorTrackContainer, ConstVectorMultiTrajectory, shared_ptr>
22:57:54    Sequencer      INFO      <- InputParticles 'particles_selected':
22:57:54    Sequencer      INFO         flat_set<SimParticle, detail::CompareParticleId, void>
22:57:54    Sequencer      INFO      <- InputMeasurementParticlesMap 'measurement_particles_map':
22:57:54    Sequencer      INFO         flat_multimap<unsigned int, Barcode, less<unsigned int>, void>
22:57:54    Sequencer      INFO      -> OutputTrackParticleMatching 'rz_track_particle_matching':
22:57:54    Sequencer      INFO            map<unsigned int, TrackMatchEntry, less<unsigned int>, allocator<pair<unsigned int const, TrackMatchEntry>>>
22:57:54    Sequencer      INFO      -> OutputParticleTrackMatching 'rz_particle_track_matching':
22:57:54    Sequencer      INFO            map<Barcode, ParticleMatchEntry, less<Barcode>, allocator<pair<Barcode const, ParticleMatchEntry>>>
22:57:54    Sequencer      INFO      Key 'rz_track_particle_matching' aliased to 'track_particle_matching'
22:57:54    Sequencer      INFO      Key 'rz_particle_track_matching' aliased to 'particle_track_matching'
22:57:54    Sequencer      INFO      Add Writer 'RootTrackSummaryWriter'
22:57:54    Sequencer      INFO      <- InputHandle 'rz_tracks':
22:57:54    Sequencer      INFO            TrackContainer<ConstVectorTrackContainer, ConstVectorMultiTrajectory, shared_ptr>
22:57:54    Sequencer      INFO      <- InputParticles 'particles_selected':
22:57:54    Sequencer      INFO         flat_set<SimParticle, detail::CompareParticleId, void>
22:57:54    Sequencer      INFO      <- InputTrackParticleMatching 'track_particle_matching':
22:57:54    Sequencer      INFO            map<unsigned int, TrackMatchEntry, less<unsigned int>, allocator<pair<unsigned int const, TrackMatchEntry>>>
22:57:54    Sequencer      INFO      Add Writer 'RootTrackParameterPerformanceWriter'
22:57:54    Sequencer      INFO      <- InputHandle 'rz_tracks':
22:57:54    Sequencer      INFO            TrackContainer<ConstVectorTrackContainer, ConstVectorMultiTrajectory, shared_ptr>
22:57:54    Sequencer      INFO      <- InputParticles 'particles_selected':
22:57:54    Sequencer      INFO         flat_set<SimParticle, detail::CompareParticleId, void>
22:57:54    Sequencer      INFO      <- InputTrackParticleMatching 'track_particle_matching':
22:57:54    Sequencer      INFO            map<unsigned int, TrackMatchEntry, less<unsigned int>, allocator<pair<unsigned int const, TrackMatchEntry>>>
22:57:54    Sequencer      INFO      Add Writer 'RootPatternRecognitionPerformanceWriter'
22:57:54    Sequencer      INFO      <- InputHandle 'rz_tracks':
22:57:54    Sequencer      INFO            TrackContainer<ConstVectorTrackContainer, ConstVectorMultiTrajectory, shared_ptr>
22:57:54    Sequencer      INFO      <- InputParticles 'particles_selected':
22:57:54    Sequencer      INFO         flat_set<SimParticle, detail::CompareParticleId, void>
22:57:54    Sequencer      INFO      <- InputTrackParticleMatching 'track_particle_matching':
22:57:54    Sequencer      INFO            map<unsigned int, TrackMatchEntry, less<unsigned int>, allocator<pair<unsigned int const, TrackMatchEntry>>>
22:57:54    Sequencer      INFO      <- InputParticleTrackMatching 'particle_track_matching':
22:57:54    Sequencer      INFO            map<Barcode, ParticleMatchEntry, less<Barcode>, allocator<pair<Barcode const, ParticleMatchEntry>>>
22:57:54    Sequencer      INFO      <- InputParticleMeasurementsMap 'particle_measurements_map':
22:57:54    Sequencer      INFO         flat_multimap<Barcode, unsigned int, less<Barcode>, void>
22:57:54    Sequencer      INFO      Processing events [0, 100)
22:57:54    Sequencer      INFO      Starting event loop with 1 threads
22:57:54    Sequencer      INFO        0 context decorators
22:57:54    Sequencer      INFO        18 sequence elements
22:57:54    Sequencer      INFO        1 readers
22:57:54    Sequencer      INFO        12 algorithms
22:57:54    Sequencer      INFO        5 writers
22:57:54    Digitization   WARNING   4 skipped in Digitization. Enable DEBUG mode to see more details.
22:57:54    Sequencer      INFO      finished event 0
22:57:54    Digitization   WARNING   8 skipped in Digitization. Enable DEBUG mode to see more details.
22:57:54    Sequencer      INFO      finished event 1
22:57:54    Digitization   WARNING   17 skipped in Digitization. Enable DEBUG mode to see more details.
22:57:54    Sequencer      INFO      finished event 2
22:57:54    Digitization   WARNING   22 skipped in Digitization. Enable DEBUG mode to see more details.
22:57:54    Sequencer      INFO      finished event 3
22:57:54    Digitization   WARNING   8 skipped in Digitization. Enable DEBUG mode to see more details.
22:57:54    Sequencer      INFO      finished event 4
22:57:54    Digitization   WARNING   7 skipped in Digitization. Enable DEBUG mode to see more details.
22:57:54    Sequencer      INFO      finished event 5
22:57:54    Digitization   WARNING   24 skipped in Digitization. Enable DEBUG mode to see more details.
22:57:54    Sequencer      INFO      finished event 6
22:57:54    Digitization   WARNING   14 skipped in Digitization. Enable DEBUG mode to see more details.
22:57:54    Sequencer      INFO      finished event 7
22:57:54    Digitization   WARNING   15 skipped in Digitization. Enable DEBUG mode to see more details.
22:57:54    Sequencer      INFO      finished event 8
22:57:54    Digitization   WARNING   15 skipped in Digitization. Enable DEBUG mode to see more details.
22:57:54    Sequencer      INFO      finished event 9
22:57:54    Digitization   WARNING   7 skipped in Digitization. Enable DEBUG mode to see more details.
22:57:54    Sequencer      INFO      finished event 10
22:57:54    Digitization   WARNING   19 skipped in Digitization. Enable DEBUG mode to see more details.
22:57:54    Sequencer      INFO      finished event 11
22:57:54    Digitization   WARNING   15 skipped in Digitization. Enable DEBUG mode to see more details.
22:57:54    Sequencer      INFO      finished event 12
22:57:54    Digitization   WARNING   20 skipped in Digitization. Enable DEBUG mode to see more details.
22:57:54    Sequencer      INFO      finished event 13
22:57:54    Digitization   WARNING   9 skipped in Digitization. Enable DEBUG mode to see more details.
22:57:54    Sequencer      INFO      finished event 14
22:57:54    Digitization   WARNING   20 skipped in Digitization. Enable DEBUG mode to see more details.
22:57:54    Sequencer      INFO      finished event 15
22:57:54    Digitization   WARNING   13 skipped in Digitization. Enable DEBUG mode to see more details.
22:57:54    Sequencer      INFO      finished event 16
22:57:54    Digitization   WARNING   5 skipped in Digitization. Enable DEBUG mode to see more details.
22:57:54    Sequencer      INFO      finished event 17
22:57:54    Digitization   WARNING   9 skipped in Digitization. Enable DEBUG mode to see more details.
22:57:54    Sequencer      INFO      finished event 18
22:57:54    Digitization   WARNING   17 skipped in Digitization. Enable DEBUG mode to see more details.
22:57:54    Sequencer      INFO      finished event 19
22:57:54    Digitization   WARNING   7 skipped in Digitization. Enable DEBUG mode to see more details.
22:57:54    Sequencer      INFO      finished event 20
22:57:54    Digitization   WARNING   13 skipped in Digitization. Enable DEBUG mode to see more details.
22:57:54    Sequencer      INFO      finished event 21
22:57:54    Digitization   WARNING   14 skipped in Digitization. Enable DEBUG mode to see more details.
22:57:54    Sequencer      INFO      finished event 22
22:57:54    Digitization   WARNING   24 skipped in Digitization. Enable DEBUG mode to see more details.
22:57:54    Sequencer      INFO      finished event 23
22:57:54    Digitization   WARNING   16 skipped in Digitization. Enable DEBUG mode to see more details.
22:57:54    Sequencer      INFO      finished event 24
22:57:54    Digitization   WARNING   18 skipped in Digitization. Enable DEBUG mode to see more details.
22:57:54    Sequencer      INFO      finished event 25
22:57:54    Digitization   WARNING   20 skipped in Digitization. Enable DEBUG mode to see more details.
22:57:54    Sequencer      INFO      finished event 26
22:57:54    Digitization   WARNING   10 skipped in Digitization. Enable DEBUG mode to see more details.
22:57:54    Sequencer      INFO      finished event 27
22:57:54    Digitization   WARNING   9 skipped in Digitization. Enable DEBUG mode to see more details.
22:57:54    Sequencer      INFO      finished event 28
22:57:54    Digitization   WARNING   9 skipped in Digitization. Enable DEBUG mode to see more details.
22:57:54    Sequencer      INFO      finished event 29
22:57:54    Digitization   WARNING   20 skipped in Digitization. Enable DEBUG mode to see more details.
22:57:54    Sequencer      INFO      finished event 30
22:57:54    Digitization   WARNING   18 skipped in Digitization. Enable DEBUG mode to see more details.
22:57:54    Sequencer      INFO      finished event 31
22:57:54    Digitization   WARNING   10 skipped in Digitization. Enable DEBUG mode to see more details.
22:57:54    Sequencer      INFO      finished event 32
22:57:54    Digitization   WARNING   16 skipped in Digitization. Enable DEBUG mode to see more details.
22:57:54    Sequencer      INFO      finished event 33
22:57:54    Digitization   WARNING   9 skipped in Digitization. Enable DEBUG mode to see more details.
22:57:54    Sequencer      INFO      finished event 34
22:57:54    Digitization   WARNING   14 skipped in Digitization. Enable DEBUG mode to see more details.
22:57:54    Sequencer      INFO      finished event 35
22:57:54    Digitization   WARNING   25 skipped in Digitization. Enable DEBUG mode to see more details.
22:57:54    Sequencer      INFO      finished event 36
22:57:54    Digitization   WARNING   5 skipped in Digitization. Enable DEBUG mode to see more details.
22:57:54    Sequencer      INFO      finished event 37
22:57:54    Digitization   WARNING   11 skipped in Digitization. Enable DEBUG mode to see more details.
22:57:54    Sequencer      INFO      finished event 38
22:57:54    Digitization   WARNING   5 skipped in Digitization. Enable DEBUG mode to see more details.
22:57:54    Sequencer      INFO      finished event 39
22:57:54    Sequencer      INFO      finished event 40
22:57:54    Digitization   WARNING   22 skipped in Digitization. Enable DEBUG mode to see more details.
22:57:54    Sequencer      INFO      finished event 41
22:57:54    Digitization   WARNING   4 skipped in Digitization. Enable DEBUG mode to see more details.
22:57:54    Sequencer      INFO      finished event 42
22:57:54    Digitization   WARNING   14 skipped in Digitization. Enable DEBUG mode to see more details.
22:57:54    Sequencer      INFO      finished event 43
22:57:54    Digitization   WARNING   7 skipped in Digitization. Enable DEBUG mode to see more details.
22:57:54    Sequencer      INFO      finished event 44
22:57:54    Digitization   WARNING   13 skipped in Digitization. Enable DEBUG mode to see more details.
22:57:54    Sequencer      INFO      finished event 45
22:57:54    Digitization   WARNING   13 skipped in Digitization. Enable DEBUG mode to see more details.
22:57:54    Sequencer      INFO      finished event 46
22:57:54    Digitization   WARNING   11 skipped in Digitization. Enable DEBUG mode to see more details.
22:57:54    Sequencer      INFO      finished event 47
22:57:54    Digitization   WARNING   19 skipped in Digitization. Enable DEBUG mode to see more details.
22:57:54    Sequencer      INFO      finished event 48
22:57:54    Digitization   WARNING   7 skipped in Digitization. Enable DEBUG mode to see more details.
22:57:54    Sequencer      INFO      finished event 49
22:57:54    Digitization   WARNING   28 skipped in Digitization. Enable DEBUG mode to see more details.
22:57:54    Sequencer      INFO      finished event 50
22:57:54    Digitization   WARNING   17 skipped in Digitization. Enable DEBUG mode to see more details.
22:57:54    Sequencer      INFO      finished event 51
22:57:54    Digitization   WARNING   27 skipped in Digitization. Enable DEBUG mode to see more details.
22:57:54    Sequencer      INFO      finished event 52
22:57:54    Digitization   WARNING   15 skipped in Digitization. Enable DEBUG mode to see more details.
22:57:54    Sequencer      INFO      finished event 53
22:57:54    Digitization   WARNING   15 skipped in Digitization. Enable DEBUG mode to see more details.
22:57:54    Sequencer      INFO      finished event 54
22:57:54    Digitization   WARNING   10 skipped in Digitization. Enable DEBUG mode to see more details.
22:57:54    Sequencer      INFO      finished event 55
22:57:54    Digitization   WARNING   23 skipped in Digitization. Enable DEBUG mode to see more details.
22:57:54    Sequencer      INFO      finished event 56
22:57:54    Digitization   WARNING   8 skipped in Digitization. Enable DEBUG mode to see more details.
22:57:54    Sequencer      INFO      finished event 57
22:57:54    Digitization   WARNING   22 skipped in Digitization. Enable DEBUG mode to see more details.
22:57:54    Sequencer      INFO      finished event 58
22:57:54    Digitization   WARNING   12 skipped in Digitization. Enable DEBUG mode to see more details.
22:57:54    Sequencer      INFO      finished event 59
22:57:54    Digitization   WARNING   23 skipped in Digitization. Enable DEBUG mode to see more details.
22:57:54    Sequencer      INFO      finished event 60
22:57:54    Digitization   WARNING   12 skipped in Digitization. Enable DEBUG mode to see more details.
22:57:54    Sequencer      INFO      finished event 61
22:57:54    Digitization   WARNING   22 skipped in Digitization. Enable DEBUG mode to see more details.
22:57:54    Sequencer      INFO      finished event 62
22:57:54    Digitization   WARNING   15 skipped in Digitization. Enable DEBUG mode to see more details.
22:57:54    Sequencer      INFO      finished event 63
22:57:54    Digitization   WARNING   9 skipped in Digitization. Enable DEBUG mode to see more details.
22:57:54    Sequencer      INFO      finished event 64
22:57:54    Digitization   WARNING   15 skipped in Digitization. Enable DEBUG mode to see more details.
22:57:54    Sequencer      INFO      finished event 65
22:57:54    Digitization   WARNING   12 skipped in Digitization. Enable DEBUG mode to see more details.
22:57:54    Sequencer      INFO      finished event 66
22:57:54    Digitization   WARNING   11 skipped in Digitization. Enable DEBUG mode to see more details.
22:57:54    Sequencer      INFO      finished event 67
22:57:54    Digitization   WARNING   14 skipped in Digitization. Enable DEBUG mode to see more details.
22:57:54    Sequencer      INFO      finished event 68
22:57:54    Digitization   WARNING   7 skipped in Digitization. Enable DEBUG mode to see more details.
22:57:54    Sequencer      INFO      finished event 69
22:57:54    Digitization   WARNING   12 skipped in Digitization. Enable DEBUG mode to see more details.
22:57:54    Sequencer      INFO      finished event 70
22:57:54    Digitization   WARNING   8 skipped in Digitization. Enable DEBUG mode to see more details.
22:57:54    Sequencer      INFO      finished event 71
22:57:54    Digitization   WARNING   11 skipped in Digitization. Enable DEBUG mode to see more details.
22:57:54    Sequencer      INFO      finished event 72
22:57:54    Digitization   WARNING   4 skipped in Digitization. Enable DEBUG mode to see more details.
22:57:54    Sequencer      INFO      finished event 73
22:57:54    Digitization   WARNING   18 skipped in Digitization. Enable DEBUG mode to see more details.
22:57:54    Sequencer      INFO      finished event 74
22:57:54    Digitization   WARNING   17 skipped in Digitization. Enable DEBUG mode to see more details.
22:57:54    Sequencer      INFO      finished event 75
22:57:54    Digitization   WARNING   7 skipped in Digitization. Enable DEBUG mode to see more details.
22:57:54    Sequencer      INFO      finished event 76
22:57:54    Digitization   WARNING   3 skipped in Digitization. Enable DEBUG mode to see more details.
22:57:54    Sequencer      INFO      finished event 77
22:57:54    Digitization   WARNING   17 skipped in Digitization. Enable DEBUG mode to see more details.
22:57:54    Sequencer      INFO      finished event 78
22:57:54    Digitization   WARNING   12 skipped in Digitization. Enable DEBUG mode to see more details.
22:57:54    Sequencer      INFO      finished event 79
22:57:54    Digitization   WARNING   12 skipped in Digitization. Enable DEBUG mode to see more details.
22:57:54    Sequencer      INFO      finished event 80
22:57:55    Digitization   WARNING   16 skipped in Digitization. Enable DEBUG mode to see more details.
22:57:55    Sequencer      INFO      finished event 81
22:57:55    Digitization   WARNING   18 skipped in Digitization. Enable DEBUG mode to see more details.
22:57:55    Sequencer      INFO      finished event 82
22:57:55    Digitization   WARNING   16 skipped in Digitization. Enable DEBUG mode to see more details.
22:57:55    Sequencer      INFO      finished event 83
22:57:55    Digitization   WARNING   10 skipped in Digitization. Enable DEBUG mode to see more details.
22:57:55    Sequencer      INFO      finished event 84
22:57:55    Digitization   WARNING   3 skipped in Digitization. Enable DEBUG mode to see more details.
22:57:55    Sequencer      INFO      finished event 85
22:57:55    Digitization   WARNING   14 skipped in Digitization. Enable DEBUG mode to see more details.
22:57:55    Sequencer      INFO      finished event 86
22:57:55    Digitization   WARNING   20 skipped in Digitization. Enable DEBUG mode to see more details.
22:57:55    Sequencer      INFO      finished event 87
22:57:55    Digitization   WARNING   7 skipped in Digitization. Enable DEBUG mode to see more details.
22:57:55    Sequencer      INFO      finished event 88
22:57:55    Digitization   WARNING   5 skipped in Digitization. Enable DEBUG mode to see more details.
22:57:55    Sequencer      INFO      finished event 89
22:57:55    Digitization   WARNING   11 skipped in Digitization. Enable DEBUG mode to see more details.
22:57:55    Sequencer      INFO      finished event 90
22:57:55    Digitization   WARNING   14 skipped in Digitization. Enable DEBUG mode to see more details.
22:57:55    Sequencer      INFO      finished event 91
22:57:55    Digitization   WARNING   10 skipped in Digitization. Enable DEBUG mode to see more details.
22:57:55    Sequencer      INFO      finished event 92
22:57:55    Digitization   WARNING   26 skipped in Digitization. Enable DEBUG mode to see more details.
22:57:55    Sequencer      INFO      finished event 93
22:57:55    Digitization   WARNING   20 skipped in Digitization. Enable DEBUG mode to see more details.
22:57:55    Sequencer      INFO      finished event 94
22:57:55    Digitization   WARNING   24 skipped in Digitization. Enable DEBUG mode to see more details.
22:57:55    Sequencer      INFO      finished event 95
22:57:55    Digitization   WARNING   12 skipped in Digitization. Enable DEBUG mode to see more details.
22:57:55    Sequencer      INFO      finished event 96
22:57:55    Digitization   WARNING   12 skipped in Digitization. Enable DEBUG mode to see more details.
22:57:55    Sequencer      INFO      finished event 97
22:57:55    Digitization   WARNING   13 skipped in Digitization. Enable DEBUG mode to see more details.
22:57:55    Sequencer      INFO      finished event 98
22:57:55    Digitization   WARNING   12 skipped in Digitization. Enable DEBUG mode to see more details.
22:57:55    Sequencer      INFO      finished event 99
22:57:55    RootPatternR   INFO      Efficiency with seeds (nMatchedseeds/nAllseeds) = 1
22:57:55    RootPatternR   INFO      Fake ratio with seeds (nFakeseeds/nAllseeds) = 0
22:57:55    RootPatternR   INFO      Duplicate ratio with seeds (nDuplicateseeds/nAllseeds) = 0.883392
22:57:55    RootPatternR   INFO      Efficiency with particles (nMatchedParticles/nTrueParticles) = 0.99875
22:57:55    RootPatternR   INFO      Fake ratio with particles (nFakeParticles/nTrueParticles) = 0
22:57:55    RootPatternR   INFO      Duplicate ratio with particles (nDuplicateParticles/nTrueParticles) = 0.99625
22:57:55    RootPatternR   INFO      Wrote performance plots to 'output/itk-muon-rz/performance_seeding.root:/'
22:57:55    RootTrackPar   INFO      Wrote estimated parameters from seed to tree 'estimatedparams' in 'output/itk-muon-rz/estimatedparams.root'
22:57:55    RzTrackFindi   INFO      RzTrackFinding: 6852 seeds, 6627 tracks, 26.9066 stops and 15.8163 candidates per seed, 11.9227 measurements and 0.586842 holes per track, 0 backward pass failures
22:57:55    RootTrackSum   INFO      Wrote parameters of tracks to tree 'tracksummary' in 'output/itk-muon-rz/tracksummary_rz.root'
22:57:55    RootTrackPar   INFO      === Track Parameter Performance Summary ===
22:57:55    RootTrackPar   INFO      Total tracks: 6627
22:57:55    RootTrackPar   INFO      Total matched tracks: 794
22:57:55    RootTrackPar   INFO      Total particles: 800
22:57:55    RootTrackPar   INFO      Total matched particles: 794
22:57:55    RootTrackPar   INFO      Track efficiency: 11.9813%
Warning in <Fit>: Fit data is empty 
Warning in <Fit>: Fit data is empty 
Warning in <Fit>: Fit data is empty 
Warning in <Fit>: Fit data is empty 
Warning in <Fit>: Fit data is empty 
Warning in <Fit>: Fit data is empty 
Warning in <Fit>: Fit data is empty 
Warning in <ROOT::Fit::FillData>: fit range is outside histogram range, no fit data for xaxis
Warning in <Fit>: Fit data is empty 
Warning in <Fit>: Fit data is empty 
Warning in <Fit>: Fit data is empty 
Warning in <Fit>: Fit data is empty 
Warning in <Fit>: Fit data is empty 
Warning in <Fit>: Fit data is empty 
Warning in <Fit>: Fit data is empty 
Warning in <Fit>: Fit data is empty 
Warning in <Fit>: Fit data is empty 
Warning in <Fit>: Fit data is empty 
Error in <Minuit2>: VariableMetricBuilder Initial matrix not pos.def.
Warning in <Fit>: Fit data is empty 
Warning in <Fit>: Fit data is empty 
Warning in <Fit>: Fit data is empty 
Warning in <Fit>: Fit data is empty 
Warning in <Fit>: Fit data is empty 
Warning in <Fit>: Fit data is empty 
Warning in <Fit>: Fit data is empty 
Warning in <Fit>: Fit data is empty 
Warning in <Fit>: Fit data is empty 
Warning in <ROOT::Fit::FillData>: fit range is outside histogram range, no fit data for xaxis
Warning in <Fit>: Fit data is empty 
Warning in <Fit>: Fit data is empty 
Warning in <Fit>: Fit data is empty 
Error in <Minuit2>: VariableMetricBuilder Initial matrix not pos.def.
Warning in <Fit>: Fit data is empty 
Warning in <ROOT::Fit::FillData>: fit range is outside histogram range, no fit data for xaxis
Warning in <Fit>: Fit data is empty 
Warning in <ROOT::Fit::FillData>: fit range is outside histogram range, no fit data for xaxis
Warning in <Fit>: Fit data is empty 
Warning in <ROOT::Fit::FillData>: fit range is outside histogram range, no fit data for xaxis
Warning in <Fit>: Fit data is empty 
Warning in <Fit>: Fit data is empty 
Warning in <Fit>: Fit data is empty 
Warning in <Fit>: Fit data is empty 
Warning in <Fit>: Fit data is empty 
Warning in <Fit>: Fit data is empty 
Warning in <Fit>: Fit data is empty 
Warning in <Fit>: Fit data is empty 
Warning in <Fit>: Fit data is empty 
Warning in <Fit>: Fit data is empty 
Warning in <Fit>: Fit data is empty 
Warning in <Fit>: Fit data is empty 
Warning in <Fit>: Fit data is empty 
Warning in <Fit>: Fit data is empty 
Warning in <Fit>: Fit data is empty 
Warning in <Fit>: Fit data is empty 
Warning in <Fit>: Fit data is empty 
Warning in <Fit>: Fit data is empty 
Warning in <Fit>: Fit data is empty 
Warning in <Fit>: Fit data is empty 
Warning in <Fit>: Fit data is empty 
Warning in <Fit>: Fit data is empty 
Warning in <Fit>: Fit data is empty 
Warning in <Fit>: Fit data is empty 
Warning in <Fit>: Fit data is empty 
Warning in <Fit>: Fit data is empty 
Warning in <Fit>: Fit data is empty 
Warning in <Fit>: Fit data is empty 
Warning in <Fit>: Fit data is empty 
Warning in <Fit>: Fit data is empty 
Warning in <Fit>: Fit data is empty 
Warning in <Fit>: Fit data is empty 
Warning in <Fit>: Fit data is empty 
Warning in <Fit>: Fit data is empty 
Warning in <Fit>: Fit data is empty 
Warning in <Fit>: Fit data is empty 
Warning in <Fit>: Fit data is empty 
Warning in <Fit>: Fit data is empty 
Warning in <Fit>: Fit data is empty 
Warning in <Fit>: Fit data is empty 
Warning in <Fit>: Fit data is empty 
Warning in <Fit>: Fit data is empty 
Warning in <ROOT::Fit::FillData>: fit range is outside histogram range, no fit data for xaxis
Warning in <Fit>: Fit data is empty 
Warning in <Fit>: Fit data is empty 
Warning in <Fit>: Fit data is empty 
Warning in <Fit>: Fit data is empty 
Warning in <Fit>: Fit data is empty 
Warning in <Fit>: Fit data is empty 
Warning in <ROOT::Fit::FillData>: fit range is outside histogram range, no fit data for xaxis
Warning in <Fit>: Fit data is empty 
Warning in <Fit>: Fit data is empty 
Warning in <ROOT::Fit::FillData>: fit range is outside histogram range, no fit data for xaxis
Warning in <Fit>: Fit data is empty 
Warning in <ROOT::Fit::FillData>: fit range is outside histogram range, no fit data for xaxis
Warning in <Fit>: Fit data is empty 
Warning in <Fit>: Fit data is empty 
Warning in <Fit>: Fit data is empty 
Warning in <ROOT::Fit::FillData>: fit range is outside histogram range, no fit data for xaxis
Warning in <Fit>: Fit data is empty 
Warning in <Fit>: Fit data is empty 
22:57:57    RootTrackPar   INFO      Wrote performance plots to 'output/itk-muon-rz/performance_fitting_rz.root:/'
22:57:57    RootPatternR   INFO      Efficiency with tracks (nMatchedtracks/nAlltracks) = 0.901916
22:57:57    RootPatternR   INFO      Fake ratio with tracks (nFaketracks/nAlltracks) = 0.0980836
22:57:57    RootPatternR   INFO      Duplicate ratio with tracks (nDuplicatetracks/nAlltracks) = 0.782104
22:57:57    RootPatternR   INFO      Efficiency with particles (nMatchedParticles/nTrueParticles) = 0.9925
22:57:57    RootPatternR   INFO      Fake ratio with particles (nFakeParticles/nTrueParticles) = 0.2825
22:57:57    RootPatternR   INFO      Duplicate ratio with particles (nDuplicateParticles/nTrueParticles) = 0.9875
22:57:57    RootPatternR   INFO      Wrote performance plots to 'output/itk-muon-rz/performance_finding_rz.root:/'
22:57:57    Sequencer      INFO      No unmasked FPEs encountered
22:57:57    Sequencer      INFO      Processed 100 events in 2.505704 s (wall clock)
22:57:57    Sequencer      INFO      Average time per event: 4.042790 ms/event
22:57:57    Sequencer      INFO      Timing breakdown:
| Algorithm                                      | Total Time (ms) | Time/Event (ms) | Fraction |
|:-----------------------------------------------|----------------:|----------------:|---------:|
| Algorithm:FatrasSimulation                     |          156.11 |            1.56 |    38.6% |
| Algorithm:RzTrackFindingAlgorithm              |          120.00 |            1.20 |    29.7% |
| Writer:RootTrackParameterPerformanceWriter     |           24.57 |            0.25 |     6.1% |
| Algorithm:DigitizationAlgorithm                |           23.93 |            0.24 |     5.9% |
| Algorithm:GridTripletSeedingAlgorithm          |           22.27 |            0.22 |     5.5% |
| Writer:RootTrackSummaryWriter                  |           12.15 |            0.12 |     3.0% |
| Writer:RootPatternRecognitionPerformanceWriter |            7.70 |            0.08 |     1.9% |
| Writer:RootPatternRecognitionPerformanceWriter |            7.39 |            0.07 |     1.8% |
| Writer:RootTrackParameterWriter                |            6.78 |            0.07 |     1.7% |
| Algorithm:TrackParamsEstimationAlgorithm       |            6.59 |            0.07 |     1.6% |
| Algorithm:SpacePointMaker                      |            4.12 |            0.04 |     1.0% |
| Algorithm:SeedsToTracks                        |            2.97 |            0.03 |     0.7% |
| Reader:EventGenerator                          |            2.91 |            0.03 |     0.7% |
| Algorithm:TrackTruthMatcher                    |            2.57 |            0.03 |     0.6% |
| Algorithm:TrackTruthMatcher                    |            1.82 |            0.02 |     0.4% |
| Algorithm:HepMC3InputConverter                 |            1.75 |            0.02 |     0.4% |
| Algorithm:ParticleSelector                     |            0.39 |            0.00 |     0.1% |
| Algorithm:SeedsToProtoTracks                   |            0.26 |            0.00 |     0.1% |
| TOTAL                                          |          404.28 |            4.04 |   100.0% |

