22:58:10    buildITkGeom   INFO      Adding material from /Users/andreas/cern/source/acts/acts-itk/itk-hgtd/material-maps-ITk-HGTD.json
Info in <TGeoManager::Import>: Reading geometry from file: /Users/andreas/cern/source/acts/acts-itk/itk-hgtd/ATLAS-ITk-HGTD.tgeo.root
Info in <TGeoManager::CloseGeometry>: Geometry loaded from file...
Info in <TGeoManager::SetTopVolume>: Top volume is BeamPipe__World. Master volume is BeamPipe__World
Info in <TGeoNavigator::BuildCache>: --- Maximum geometry depth set to 100
Info in <TGeoManager::CloseGeometry>: Voxelization retrieved from file
Info in <TGeoManager::CountLevels>: max level = 9, max placements = 46975
Info in <TGeoManager::CloseGeometry>: 233079 nodes/ 703 volume UID's in Geometry imported from GDML
Info in <TGeoManager::CloseGeometry>: ----------------modeler ready----------------
Warning in <TGeoMatrix::dtor>: Registered matrix ITkPixel__ITkPixelDetectorID was removed
Warning in <TGeoMatrix::dtor>: Registered matrix ITkPixel__ITkPixelDetectorID was removed
Warning in <TGeoMatrix::dtor>: Registered matrix ITkPixel__ITkPixelDetectorID was removed
Warning in <TGeoMatrix::dtor>: Registered matrix ITkPixel__ITkPixelDetectorID was removed
Warning in <TGeoMatrix::dtor>: Registered matrix ITkPixel__ITkPixelDetectorID was removed
Warning in <TGeoMatrix::dtor>: Registered matrix ITkPixel__ITkPixelDetectorID was removed
Warning in <TGeoMatrix::dtor>: Registered matrix ITkStrip__ITkStripID was removed
Warning in <TGeoMatrix::dtor>: Registered matrix ITkStrip__ITkStripID was removed
Warning in <TGeoMatrix::dtor>: Registered matrix ITkStrip__ITkStripID was removed
Warning in <TGeoMatrix::dtor>: Registered matrix HGTD__HGTDID was removed
Warning in <TGeoMatrix::dtor>: Registered matrix HGTD__HGTDID was removed
22:58:17    Sequencer      INFO      Create Sequencer (single-threaded)
22:58:17    Sequencer      INFO      Add Reader 'EventGenerator'
22:58:17    Sequencer      INFO      -> OutputEvent 'particle_gun_event':
22:58:17    Sequencer      INFO         shared_ptr<HepMC3::GenEvent>
22:58:17    Sequencer      INFO      Add Algorithm 'HepMC3InputConverter'
22:58:17    Sequencer      INFO      <- InputEvent 'particle_gun_event':
22:58:17    Sequencer      INFO         shared_ptr<HepMC3::GenEvent>
22:58:17    Sequencer      INFO      -> OutputParticles 'particles_generated':
22:58:17    Sequencer      INFO         flat_set<SimParticle, detail::CompareParticleId, void>
22:58:17    Sequencer      INFO      -> OutputVertices 'vertices_generated':
22:58:17    Sequencer      INFO         flat_set<SimVertex, detail::CompareVertexId, void>
22:58:17    Sequencer      INFO      Key 'particles_generated' aliased to 'particles'
22:58:17    Sequencer      INFO      Key 'vertices_generated' aliased to 'vertices_truth'
22:58:17    Sequencer      INFO      Key 'particles_generated' aliased to 'particles_generated_selected'
22:58:17    Sequencer      INFO      Add Algorithm 'FatrasSimulation'
22:58:17    Sequencer      INFO      <- InputParticles 'particles_generated_selected':
22:58:17    Sequencer      INFO         flat_set<SimParticle, detail::CompareParticleId, void>
22:58:17    Sequencer      INFO      -> OutputSimHits 'simhits':
22:58:17    Sequencer      INFO         flat_multiset<Hit, detail::CompareGeometryId, void>
22:58:17    Sequencer      INFO      -> OutputParticles 'particles_simulated':
22:58:17    Sequencer      INFO         flat_set<SimParticle, detail::CompareParticleId, void>
22:58:17    Sequencer      INFO      Key 'particles_simulated' aliased to 'particles'
22:58:17    Sequencer      INFO      Key 'particles_simulated' aliased to 'particles_simulated_selected'
22:58:17    Sequencer      INFO      Add Algorithm 'DigitizationAlgorithm'
22:58:17    Sequencer      INFO      <- InputHits 'simhits':
22:58:17    Sequencer      INFO         flat_multiset<Hit, detail::CompareGeometryId, void>
22:58:17    Sequencer      INFO      -> OutputMeasurements 'measurements':
22:58:17    Sequencer      INFO         MeasurementContainer
22:58:17    Sequencer      INFO      -> OutputMeasurementSubset 'measurement_subset':
22:58:17    Sequencer      INFO         MeasurementSubset
22:58:17    Sequencer      INFO      -> OutputClusters 'clusters':
22:58:17    Sequencer      INFO         vector<Cluster>
22:58:17    Sequencer      INFO      -> OutputMeasurementParticlesMap 'measurement_particles_map':
22:58:17    Sequencer      INFO         flat_multimap<unsigned int, Barcode, less<unsigned int>, void>
22:58:17    Sequencer      INFO      -> OutputMeasurementSimHitsMap 'measurement_simhits_map':
22:58:17    Sequencer      INFO         flat_multimap<unsigned int, unsigned int, less<unsigned int>, void>
22:58:17    Sequencer      INFO      -> OutputParticleMeasurementsMap 'particle_measurements_map':
22:58:17    Sequencer      INFO         flat_multimap<Barcode, unsigned int, less<Barcode>, void>
22:58:17    Sequencer      INFO      -> OutputSimHitMeasurementsMap 'simhit_measurements_map':
22:58:17    Sequencer      INFO         flat_multimap<unsigned int, unsigned int, less<unsigned int>, void>
22:58:17    Sequencer      INFO      Add Algorithm 'ParticleSelector'
22:58:17    Sequencer      INFO      <- InputParticles 'particles_simulated_selected':
22:58:17    Sequencer      INFO         flat_set<SimParticle, detail::CompareParticleId, void>
22:58:17    Sequencer      INFO      <- InputParticleMeasurementsMap 'particle_measurements_map':
22:58:17    Sequencer      INFO         flat_multimap<Barcode, unsigned int, less<Barcode>, void>
22:58:17    Sequencer      INFO      <- InputMeasurements 'measurements':
22:58:17    Sequencer      INFO         MeasurementContainer
22:58:17    Sequencer      INFO      -> OutputParticles 'tmp_particles_digitized_selected':
22:58:17    Sequencer      INFO         flat_set<SimParticle, detail::CompareParticleId, void>
22:58:17    Sequencer      INFO      Key 'tmp_particles_digitized_selected' aliased to 'particles_selected'
22:58:17    Sequencer      INFO      Key 'tmp_particles_digitized_selected' aliased to 'particles_digitized_selected'
22:58:17    Sequencer      INFO      Add Algorithm 'SpacePointMaker'
22:58:17    Sequencer      INFO      <- InputMeasurements 'measurement_subset':
22:58:17    Sequencer      INFO         MeasurementSubset
22:58:17    Sequencer      INFO      -> OutputSpacePoints 'spacepoints':
22:58:17    Sequencer      INFO         SpacePointContainer
22:58:17    addSeeding     INFO      Using grid triplet seeding
22:58:17    Sequencer      INFO      Add Algorithm 'GridTripletSeedingAlgorithm'
22:58:17    Sequencer      INFO      <- InputSpacePoints 'spacepoints':
22:58:17    Sequencer      INFO         SpacePointContainer
22:58:17    Sequencer      INFO      -> OutputSeeds 'seeds':
22:58:17    Sequencer      INFO         SeedContainer
22:58:17    Sequencer      INFO      Add Algorithm 'TrackParamsEstimationAlgorithm'
22:58:17    Sequencer      INFO      <- InputSeeds 'seeds':
22:58:17    Sequencer      INFO         SeedContainer
22:58:17    Sequencer      INFO      -> OutputTrackParameters 'estimatedparameters':
22:58:17    Sequencer      INFO         vector<BoundTrackParameters>
22:58:17    Sequencer      INFO      -> OutputSeeds 'estimatedseeds':
22:58:17    Sequencer      INFO         SeedContainer
22:58:17    Sequencer      INFO      Add Algorithm 'SeedsToProtoTracks'
22:58:17    Sequencer      INFO      <- InputSeeds 'estimatedseeds':
22:58:17    Sequencer      INFO         SeedContainer
22:58:17    Sequencer      INFO      -> OutputProtoTracks 'seed-protoTracks':
22:58:17    Sequencer      INFO         vector<small_vector<unsigned int, 3ul, void, void>>
22:58:17    Sequencer      INFO      Add Algorithm 'SeedsToTracks'
22:58:17    Sequencer      INFO      <- InputSeeds 'estimatedseeds':
22:58:17    Sequencer      INFO         SeedContainer
22:58:17    Sequencer      INFO      <- InputTrackParameters 'estimatedparameters':
22:58:17    Sequencer      INFO         vector<BoundTrackParameters>
22:58:17    Sequencer      INFO      -> OutputTracks 'seed-tracks':
22:58:17    Sequencer      INFO            TrackContainer<ConstVectorTrackContainer, ConstVectorMultiTrajectory, shared_ptr>
22:58:17    Sequencer      INFO      Add Algorithm 'TrackTruthMatcher'
22:58:17    Sequencer      INFO      <- InputTracks 'seed-tracks':
22:58:17    Sequencer      INFO            TrackContainer<ConstVectorTrackContainer, ConstVectorMultiTrajectory, shared_ptr>
22:58:17    Sequencer      INFO      <- InputParticles 'particles_selected':
22:58:17    Sequencer      INFO         flat_set<SimParticle, detail::CompareParticleId, void>
22:58:17    Sequencer      INFO      <- InputMeasurementParticlesMap 'measurement_particles_map':
22:58:17    Sequencer      INFO         flat_multimap<unsigned int, Barcode, less<unsigned int>, void>
22:58:17    Sequencer      INFO      -> OutputTrackParticleMatching 'seed_particle_matching':
22:58:17    Sequencer      INFO            map<unsigned int, TrackMatchEntry, less<unsigned int>, allocator<pair<unsigned int const, TrackMatchEntry>>>
22:58:17    Sequencer      INFO      -> OutputParticleTrackMatching 'particle_seed_matching':
22:58:17    Sequencer      INFO            map<Barcode, ParticleMatchEntry, less<Barcode>, allocator<pair<Barcode const, ParticleMatchEntry>>>
22:58:17    Sequencer      INFO      Add Writer 'RootPatternRecognitionPerformanceWriter'
22:58:17    Sequencer      INFO      <- InputHandle 'seed-tracks':
22:58:17    Sequencer      INFO            TrackContainer<ConstVectorTrackContainer, ConstVectorMultiTrajectory, shared_ptr>
22:58:17    Sequencer      INFO      <- InputParticles 'particles_selected':
22:58:17    Sequencer      INFO         flat_set<SimParticle, detail::CompareParticleId, void>
22:58:17    Sequencer      INFO      <- InputTrackParticleMatching 'seed_particle_matching':
22:58:17    Sequencer      INFO            map<unsigned int, TrackMatchEntry, less<unsigned int>, allocator<pair<unsigned int const, TrackMatchEntry>>>
22:58:17    Sequencer      INFO      <- InputParticleTrackMatching 'particle_seed_matching':
22:58:17    Sequencer      INFO            map<Barcode, ParticleMatchEntry, less<Barcode>, allocator<pair<Barcode const, ParticleMatchEntry>>>
22:58:17    Sequencer      INFO      <- InputParticleMeasurementsMap 'particle_measurements_map':
22:58:17    Sequencer      INFO         flat_multimap<Barcode, unsigned int, less<Barcode>, void>
22:58:17    Sequencer      INFO      Add Writer 'RootTrackParameterWriter'
22:58:17    Sequencer      INFO      <- InputHandle 'estimatedparameters':
22:58:17    Sequencer      INFO         vector<BoundTrackParameters>
22:58:17    Sequencer      INFO      <- InputProtoTracks 'seed-protoTracks':
22:58:17    Sequencer      INFO         vector<small_vector<unsigned int, 3ul, void, void>>
22:58:17    Sequencer      INFO      <- InputParticles 'particles':
22:58:17    Sequencer      INFO         flat_set<SimParticle, detail::CompareParticleId, void>
22:58:17    Sequencer      INFO      <- InputSimHits 'simhits':
22:58:17    Sequencer      INFO         flat_multiset<Hit, detail::CompareGeometryId, void>
22:58:17    Sequencer      INFO      <- InputMeasurementParticlesMap 'measurement_particles_map':
22:58:17    Sequencer      INFO         flat_multimap<unsigned int, Barcode, less<unsigned int>, void>
22:58:17    Sequencer      INFO      <- InputMeasurementSimHitsMap 'measurement_simhits_map':
22:58:17    Sequencer      INFO         flat_multimap<unsigned int, unsigned int, less<unsigned int>, void>
22:58:17    Sequencer      INFO      Add Algorithm 'TrackFindingAlgorithm'
22:58:17    Sequencer      INFO      <- InputMeasurements 'measurement_subset':
22:58:17    Sequencer      INFO         MeasurementSubset
22:58:17    Sequencer      INFO      <- InputInitialTrackParameters 'estimatedparameters':
22:58:17    Sequencer      INFO         vector<BoundTrackParameters>
22:58:17    Sequencer      INFO      -> OutputTracks 'ckf_tracks':
22:58:17    Sequencer      INFO            TrackContainer<ConstVectorTrackContainer, ConstVectorMultiTrajectory, shared_ptr>
22:58:17    Sequencer      INFO      Key 'ckf_tracks' aliased to 'tracks'
22:58:17    Sequencer      INFO      Add Algorithm 'TrackTruthMatcher'
22:58:17    Sequencer      INFO      <- InputTracks 'ckf_tracks':
22:58:17    Sequencer      INFO            TrackContainer<ConstVectorTrackContainer, ConstVectorMultiTrajectory, shared_ptr>
22:58:17    Sequencer      INFO      <- InputParticles 'particles_selected':
22:58:17    Sequencer      INFO         flat_set<SimParticle, detail::CompareParticleId, void>
22:58:17    Sequencer      INFO      <- InputMeasurementParticlesMap 'measurement_particles_map':
22:58:17    Sequencer      INFO         flat_multimap<unsigned int, Barcode, less<unsigned int>, void>
22:58:17    Sequencer      INFO      -> OutputTrackParticleMatching 'ckf_track_particle_matching':
22:58:17    Sequencer      INFO            map<unsigned int, TrackMatchEntry, less<unsigned int>, allocator<pair<unsigned int const, TrackMatchEntry>>>
22:58:17    Sequencer      INFO      -> OutputParticleTrackMatching 'ckf_particle_track_matching':
22:58:17    Sequencer      INFO            map<Barcode, ParticleMatchEntry, less<Barcode>, allocator<pair<Barcode const, ParticleMatchEntry>>>
22:58:17    Sequencer      INFO      Key 'ckf_track_particle_matching' aliased to 'track_particle_matching'
22:58:17    Sequencer      INFO      Key 'ckf_particle_track_matching' aliased to 'particle_track_matching'
22:58:17    Sequencer      INFO      Add Writer 'RootTrackSummaryWriter'
22:58:17    Sequencer      INFO      <- InputHandle 'ckf_tracks':
22:58:17    Sequencer      INFO            TrackContainer<ConstVectorTrackContainer, ConstVectorMultiTrajectory, shared_ptr>
22:58:17    Sequencer      INFO      <- InputParticles 'particles_selected':
22:58:17    Sequencer      INFO         flat_set<SimParticle, detail::CompareParticleId, void>
22:58:17    Sequencer      INFO      <- InputTrackParticleMatching 'track_particle_matching':
22:58:17    Sequencer      INFO            map<unsigned int, TrackMatchEntry, less<unsigned int>, allocator<pair<unsigned int const, TrackMatchEntry>>>
22:58:17    Sequencer      INFO      Add Writer 'RootTrackParameterPerformanceWriter'
22:58:17    Sequencer      INFO      <- InputHandle 'ckf_tracks':
22:58:17    Sequencer      INFO            TrackContainer<ConstVectorTrackContainer, ConstVectorMultiTrajectory, shared_ptr>
22:58:17    Sequencer      INFO      <- InputParticles 'particles_selected':
22:58:17    Sequencer      INFO         flat_set<SimParticle, detail::CompareParticleId, void>
22:58:17    Sequencer      INFO      <- InputTrackParticleMatching 'track_particle_matching':
22:58:17    Sequencer      INFO            map<unsigned int, TrackMatchEntry, less<unsigned int>, allocator<pair<unsigned int const, TrackMatchEntry>>>
22:58:17    Sequencer      INFO      Add Writer 'RootPatternRecognitionPerformanceWriter'
22:58:17    Sequencer      INFO      <- InputHandle 'ckf_tracks':
22:58:17    Sequencer      INFO            TrackContainer<ConstVectorTrackContainer, ConstVectorMultiTrajectory, shared_ptr>
22:58:17    Sequencer      INFO      <- InputParticles 'particles_selected':
22:58:17    Sequencer      INFO         flat_set<SimParticle, detail::CompareParticleId, void>
22:58:17    Sequencer      INFO      <- InputTrackParticleMatching 'track_particle_matching':
22:58:17    Sequencer      INFO            map<unsigned int, TrackMatchEntry, less<unsigned int>, allocator<pair<unsigned int const, TrackMatchEntry>>>
22:58:17    Sequencer      INFO      <- InputParticleTrackMatching 'particle_track_matching':
22:58:17    Sequencer      INFO            map<Barcode, ParticleMatchEntry, less<Barcode>, allocator<pair<Barcode const, ParticleMatchEntry>>>
22:58:17    Sequencer      INFO      <- InputParticleMeasurementsMap 'particle_measurements_map':
22:58:17    Sequencer      INFO         flat_multimap<Barcode, unsigned int, less<Barcode>, void>
22:58:17    Sequencer      INFO      Processing events [0, 100)
22:58:17    Sequencer      INFO      Starting event loop with 1 threads
22:58:17    Sequencer      INFO        0 context decorators
22:58:17    Sequencer      INFO        18 sequence elements
22:58:17    Sequencer      INFO        1 readers
22:58:17    Sequencer      INFO        12 algorithms
22:58:17    Sequencer      INFO        5 writers
22:58:17    Digitization   WARNING   4 skipped in Digitization. Enable DEBUG mode to see more details.
22:58:17    Sequencer      INFO      finished event 0
22:58:17    Digitization   WARNING   8 skipped in Digitization. Enable DEBUG mode to see more details.
22:58:17    Sequencer      INFO      finished event 1
22:58:17    Digitization   WARNING   17 skipped in Digitization. Enable DEBUG mode to see more details.
22:58:17    Sequencer      INFO      finished event 2
22:58:17    Digitization   WARNING   22 skipped in Digitization. Enable DEBUG mode to see more details.
22:58:17    Sequencer      INFO      finished event 3
22:58:17    Digitization   WARNING   8 skipped in Digitization. Enable DEBUG mode to see more details.
22:58:17    Sequencer      INFO      finished event 4
22:58:17    Digitization   WARNING   7 skipped in Digitization. Enable DEBUG mode to see more details.
22:58:17    Sequencer      INFO      finished event 5
22:58:17    Digitization   WARNING   24 skipped in Digitization. Enable DEBUG mode to see more details.
22:58:17    Sequencer      INFO      finished event 6
22:58:17    Digitization   WARNING   14 skipped in Digitization. Enable DEBUG mode to see more details.
22:58:17    Sequencer      INFO      finished event 7
22:58:17    Digitization   WARNING   15 skipped in Digitization. Enable DEBUG mode to see more details.
22:58:17    Sequencer      INFO      finished event 8
22:58:17    Digitization   WARNING   15 skipped in Digitization. Enable DEBUG mode to see more details.
22:58:17    Sequencer      INFO      finished event 9
22:58:17    Digitization   WARNING   7 skipped in Digitization. Enable DEBUG mode to see more details.
22:58:17    Sequencer      INFO      finished event 10
22:58:17    Digitization   WARNING   19 skipped in Digitization. Enable DEBUG mode to see more details.
22:58:18    Sequencer      INFO      finished event 11
22:58:18    Digitization   WARNING   15 skipped in Digitization. Enable DEBUG mode to see more details.
22:58:18    Sequencer      INFO      finished event 12
22:58:18    Digitization   WARNING   20 skipped in Digitization. Enable DEBUG mode to see more details.
22:58:18    Sequencer      INFO      finished event 13
22:58:18    Digitization   WARNING   9 skipped in Digitization. Enable DEBUG mode to see more details.
22:58:18    Sequencer      INFO      finished event 14
22:58:18    Digitization   WARNING   20 skipped in Digitization. Enable DEBUG mode to see more details.
22:58:18    Sequencer      INFO      finished event 15
22:58:18    Digitization   WARNING   13 skipped in Digitization. Enable DEBUG mode to see more details.
22:58:18    Sequencer      INFO      finished event 16
22:58:18    Digitization   WARNING   5 skipped in Digitization. Enable DEBUG mode to see more details.
22:58:18    Sequencer      INFO      finished event 17
22:58:18    Digitization   WARNING   9 skipped in Digitization. Enable DEBUG mode to see more details.
22:58:18    Sequencer      INFO      finished event 18
22:58:18    Digitization   WARNING   17 skipped in Digitization. Enable DEBUG mode to see more details.
22:58:18    Sequencer      INFO      finished event 19
22:58:18    Digitization   WARNING   7 skipped in Digitization. Enable DEBUG mode to see more details.
22:58:18    Sequencer      INFO      finished event 20
22:58:18    Digitization   WARNING   13 skipped in Digitization. Enable DEBUG mode to see more details.
22:58:18    Sequencer      INFO      finished event 21
22:58:18    Digitization   WARNING   14 skipped in Digitization. Enable DEBUG mode to see more details.
22:58:18    Sequencer      INFO      finished event 22
22:58:18    Digitization   WARNING   24 skipped in Digitization. Enable DEBUG mode to see more details.
22:58:18    Sequencer      INFO      finished event 23
22:58:18    Digitization   WARNING   16 skipped in Digitization. Enable DEBUG mode to see more details.
22:58:18    Sequencer      INFO      finished event 24
22:58:18    Digitization   WARNING   18 skipped in Digitization. Enable DEBUG mode to see more details.
22:58:18    Sequencer      INFO      finished event 25
22:58:18    Digitization   WARNING   20 skipped in Digitization. Enable DEBUG mode to see more details.
22:58:18    Sequencer      INFO      finished event 26
22:58:18    Digitization   WARNING   10 skipped in Digitization. Enable DEBUG mode to see more details.
22:58:18    Sequencer      INFO      finished event 27
22:58:18    Digitization   WARNING   9 skipped in Digitization. Enable DEBUG mode to see more details.
22:58:18    Sequencer      INFO      finished event 28
22:58:18    Digitization   WARNING   9 skipped in Digitization. Enable DEBUG mode to see more details.
22:58:18    Sequencer      INFO      finished event 29
22:58:18    Digitization   WARNING   20 skipped in Digitization. Enable DEBUG mode to see more details.
22:58:18    Sequencer      INFO      finished event 30
22:58:18    Digitization   WARNING   18 skipped in Digitization. Enable DEBUG mode to see more details.
22:58:18    Sequencer      INFO      finished event 31
22:58:18    Digitization   WARNING   10 skipped in Digitization. Enable DEBUG mode to see more details.
22:58:18    Sequencer      INFO      finished event 32
22:58:18    Digitization   WARNING   16 skipped in Digitization. Enable DEBUG mode to see more details.
22:58:18    Sequencer      INFO      finished event 33
22:58:18    Digitization   WARNING   9 skipped in Digitization. Enable DEBUG mode to see more details.
22:58:18    Sequencer      INFO      finished event 34
22:58:18    Digitization   WARNING   14 skipped in Digitization. Enable DEBUG mode to see more details.
22:58:18    Sequencer      INFO      finished event 35
22:58:18    Digitization   WARNING   25 skipped in Digitization. Enable DEBUG mode to see more details.
22:58:18    Sequencer      INFO      finished event 36
22:58:18    Digitization   WARNING   5 skipped in Digitization. Enable DEBUG mode to see more details.
22:58:18    Sequencer      INFO      finished event 37
22:58:18    Digitization   WARNING   11 skipped in Digitization. Enable DEBUG mode to see more details.
22:58:18    Sequencer      INFO      finished event 38
22:58:18    Digitization   WARNING   5 skipped in Digitization. Enable DEBUG mode to see more details.
22:58:18    Sequencer      INFO      finished event 39
22:58:18    Sequencer      INFO      finished event 40
22:58:18    Digitization   WARNING   22 skipped in Digitization. Enable DEBUG mode to see more details.
22:58:18    Sequencer      INFO      finished event 41
22:58:18    Digitization   WARNING   4 skipped in Digitization. Enable DEBUG mode to see more details.
22:58:18    Sequencer      INFO      finished event 42
22:58:18    Digitization   WARNING   14 skipped in Digitization. Enable DEBUG mode to see more details.
22:58:18    Sequencer      INFO      finished event 43
22:58:18    Digitization   WARNING   7 skipped in Digitization. Enable DEBUG mode to see more details.
22:58:18    Sequencer      INFO      finished event 44
22:58:18    Digitization   WARNING   13 skipped in Digitization. Enable DEBUG mode to see more details.
22:58:18    Sequencer      INFO      finished event 45
22:58:18    Digitization   WARNING   13 skipped in Digitization. Enable DEBUG mode to see more details.
22:58:18    Sequencer      INFO      finished event 46
22:58:18    Digitization   WARNING   11 skipped in Digitization. Enable DEBUG mode to see more details.
22:58:18    Sequencer      INFO      finished event 47
22:58:18    Digitization   WARNING   19 skipped in Digitization. Enable DEBUG mode to see more details.
22:58:18    Sequencer      INFO      finished event 48
22:58:18    Digitization   WARNING   7 skipped in Digitization. Enable DEBUG mode to see more details.
22:58:18    Sequencer      INFO      finished event 49
22:58:18    Digitization   WARNING   28 skipped in Digitization. Enable DEBUG mode to see more details.
22:58:18    Sequencer      INFO      finished event 50
22:58:18    Digitization   WARNING   17 skipped in Digitization. Enable DEBUG mode to see more details.
22:58:18    Sequencer      INFO      finished event 51
22:58:18    Digitization   WARNING   27 skipped in Digitization. Enable DEBUG mode to see more details.
22:58:18    Sequencer      INFO      finished event 52
22:58:18    Digitization   WARNING   15 skipped in Digitization. Enable DEBUG mode to see more details.
22:58:18    Sequencer      INFO      finished event 53
22:58:18    Digitization   WARNING   15 skipped in Digitization. Enable DEBUG mode to see more details.
22:58:18    Sequencer      INFO      finished event 54
22:58:18    Digitization   WARNING   10 skipped in Digitization. Enable DEBUG mode to see more details.
22:58:18    Sequencer      INFO      finished event 55
22:58:18    Digitization   WARNING   23 skipped in Digitization. Enable DEBUG mode to see more details.
22:58:18    Sequencer      INFO      finished event 56
22:58:18    Digitization   WARNING   8 skipped in Digitization. Enable DEBUG mode to see more details.
22:58:18    Sequencer      INFO      finished event 57
22:58:18    Digitization   WARNING   22 skipped in Digitization. Enable DEBUG mode to see more details.
22:58:18    Sequencer      INFO      finished event 58
22:58:18    Digitization   WARNING   12 skipped in Digitization. Enable DEBUG mode to see more details.
22:58:18    Sequencer      INFO      finished event 59
22:58:18    Digitization   WARNING   23 skipped in Digitization. Enable DEBUG mode to see more details.
22:58:18    Sequencer      INFO      finished event 60
22:58:18    Digitization   WARNING   12 skipped in Digitization. Enable DEBUG mode to see more details.
22:58:18    Sequencer      INFO      finished event 61
22:58:18    Digitization   WARNING   22 skipped in Digitization. Enable DEBUG mode to see more details.
22:58:18    Sequencer      INFO      finished event 62
22:58:18    Digitization   WARNING   15 skipped in Digitization. Enable DEBUG mode to see more details.
22:58:18    Sequencer      INFO      finished event 63
22:58:18    Digitization   WARNING   9 skipped in Digitization. Enable DEBUG mode to see more details.
22:58:18    Sequencer      INFO      finished event 64
22:58:18    Digitization   WARNING   15 skipped in Digitization. Enable DEBUG mode to see more details.
22:58:18    Sequencer      INFO      finished event 65
22:58:18    Digitization   WARNING   12 skipped in Digitization. Enable DEBUG mode to see more details.
22:58:19    Sequencer      INFO      finished event 66
22:58:19    Digitization   WARNING   11 skipped in Digitization. Enable DEBUG mode to see more details.
22:58:19    Sequencer      INFO      finished event 67
22:58:19    Digitization   WARNING   14 skipped in Digitization. Enable DEBUG mode to see more details.
22:58:19    Sequencer      INFO      finished event 68
22:58:19    Digitization   WARNING   7 skipped in Digitization. Enable DEBUG mode to see more details.
22:58:19    Sequencer      INFO      finished event 69
22:58:19    Digitization   WARNING   12 skipped in Digitization. Enable DEBUG mode to see more details.
22:58:19    Sequencer      INFO      finished event 70
22:58:19    Digitization   WARNING   8 skipped in Digitization. Enable DEBUG mode to see more details.
22:58:19    Sequencer      INFO      finished event 71
22:58:19    Digitization   WARNING   11 skipped in Digitization. Enable DEBUG mode to see more details.
22:58:19    Sequencer      INFO      finished event 72
22:58:19    Digitization   WARNING   4 skipped in Digitization. Enable DEBUG mode to see more details.
22:58:19    Sequencer      INFO      finished event 73
22:58:19    Digitization   WARNING   18 skipped in Digitization. Enable DEBUG mode to see more details.
22:58:19    Sequencer      INFO      finished event 74
22:58:19    Digitization   WARNING   17 skipped in Digitization. Enable DEBUG mode to see more details.
22:58:19    Sequencer      INFO      finished event 75
22:58:19    Digitization   WARNING   7 skipped in Digitization. Enable DEBUG mode to see more details.
22:58:19    Sequencer      INFO      finished event 76
22:58:19    Digitization   WARNING   3 skipped in Digitization. Enable DEBUG mode to see more details.
22:58:19    Sequencer      INFO      finished event 77
22:58:19    Digitization   WARNING   17 skipped in Digitization. Enable DEBUG mode to see more details.
22:58:19    Sequencer      INFO      finished event 78
22:58:19    Digitization   WARNING   12 skipped in Digitization. Enable DEBUG mode to see more details.
22:58:19    Sequencer      INFO      finished event 79
22:58:19    Digitization   WARNING   12 skipped in Digitization. Enable DEBUG mode to see more details.
22:58:19    Sequencer      INFO      finished event 80
22:58:19    Digitization   WARNING   16 skipped in Digitization. Enable DEBUG mode to see more details.
22:58:19    Sequencer      INFO      finished event 81
22:58:19    Digitization   WARNING   18 skipped in Digitization. Enable DEBUG mode to see more details.
22:58:19    Sequencer      INFO      finished event 82
22:58:19    Digitization   WARNING   16 skipped in Digitization. Enable DEBUG mode to see more details.
22:58:19    Sequencer      INFO      finished event 83
22:58:19    Digitization   WARNING   10 skipped in Digitization. Enable DEBUG mode to see more details.
22:58:19    Sequencer      INFO      finished event 84
22:58:19    Digitization   WARNING   3 skipped in Digitization. Enable DEBUG mode to see more details.
22:58:19    Sequencer      INFO      finished event 85
22:58:19    Digitization   WARNING   14 skipped in Digitization. Enable DEBUG mode to see more details.
22:58:19    Sequencer      INFO      finished event 86
22:58:19    Digitization   WARNING   20 skipped in Digitization. Enable DEBUG mode to see more details.
22:58:19    Sequencer      INFO      finished event 87
22:58:19    Digitization   WARNING   7 skipped in Digitization. Enable DEBUG mode to see more details.
22:58:19    Sequencer      INFO      finished event 88
22:58:19    Digitization   WARNING   5 skipped in Digitization. Enable DEBUG mode to see more details.
22:58:19    Sequencer      INFO      finished event 89
22:58:19    Digitization   WARNING   11 skipped in Digitization. Enable DEBUG mode to see more details.
22:58:19    Sequencer      INFO      finished event 90
22:58:19    Digitization   WARNING   14 skipped in Digitization. Enable DEBUG mode to see more details.
22:58:19    Sequencer      INFO      finished event 91
22:58:19    Digitization   WARNING   10 skipped in Digitization. Enable DEBUG mode to see more details.
22:58:19    Sequencer      INFO      finished event 92
22:58:19    Digitization   WARNING   26 skipped in Digitization. Enable DEBUG mode to see more details.
22:58:19    Sequencer      INFO      finished event 93
22:58:19    Digitization   WARNING   20 skipped in Digitization. Enable DEBUG mode to see more details.
22:58:19    Sequencer      INFO      finished event 94
22:58:19    Digitization   WARNING   24 skipped in Digitization. Enable DEBUG mode to see more details.
22:58:19    Sequencer      INFO      finished event 95
22:58:19    Digitization   WARNING   12 skipped in Digitization. Enable DEBUG mode to see more details.
22:58:19    Sequencer      INFO      finished event 96
22:58:19    Digitization   WARNING   12 skipped in Digitization. Enable DEBUG mode to see more details.
22:58:19    Sequencer      INFO      finished event 97
22:58:19    Digitization   WARNING   13 skipped in Digitization. Enable DEBUG mode to see more details.
22:58:19    Sequencer      INFO      finished event 98
22:58:19    Digitization   WARNING   12 skipped in Digitization. Enable DEBUG mode to see more details.
22:58:19    Sequencer      INFO      finished event 99
22:58:19    RootPatternR   INFO      Efficiency with seeds (nMatchedseeds/nAllseeds) = 1
22:58:19    RootPatternR   INFO      Fake ratio with seeds (nFakeseeds/nAllseeds) = 0
22:58:19    RootPatternR   INFO      Duplicate ratio with seeds (nDuplicateseeds/nAllseeds) = 0.883392
22:58:19    RootPatternR   INFO      Efficiency with particles (nMatchedParticles/nTrueParticles) = 0.99875
22:58:19    RootPatternR   INFO      Fake ratio with particles (nFakeParticles/nTrueParticles) = 0
22:58:19    RootPatternR   INFO      Duplicate ratio with particles (nDuplicateParticles/nTrueParticles) = 0.99625
22:58:19    RootPatternR   INFO      Wrote performance plots to 'output/itk-muon-ckf/performance_seeding.root:/'
22:58:19    RootTrackPar   INFO      Wrote estimated parameters from seed to tree 'estimatedparams' in 'output/itk-muon-ckf/estimatedparams.root'
22:58:19    TrackFinding   INFO      TrackFindingAlgorithm statistics:
22:58:19    TrackFinding   INFO      - total seeds: 6852
22:58:19    TrackFinding   INFO      - deduplicated seeds: 0
22:58:19    TrackFinding   INFO      - failed seeds: 0
22:58:19    TrackFinding   INFO      - failed smoothing: 0
22:58:19    TrackFinding   INFO      - failed extrapolation: 0
22:58:19    TrackFinding   INFO      - failure ratio seeds: 0
22:58:19    TrackFinding   INFO      - found tracks: 6852
22:58:19    TrackFinding   INFO      - selected tracks: 6843
22:58:19    TrackFinding   INFO      - stopped branches: 0
22:58:19    TrackFinding   INFO      - skipped second pass: 0
22:58:19    RootTrackSum   INFO      Wrote parameters of tracks to tree 'tracksummary' in 'output/itk-muon-ckf/tracksummary_ckf.root'
22:58:19    RootTrackPar   INFO      === Track Parameter Performance Summary ===
22:58:19    RootTrackPar   INFO      Total tracks: 6843
22:58:19    RootTrackPar   INFO      Total matched tracks: 799
22:58:19    RootTrackPar   INFO      Total particles: 800
22:58:19    RootTrackPar   INFO      Total matched particles: 799
22:58:19    RootTrackPar   INFO      Track efficiency: 11.6762%
Warning in <ROOT::Fit::FillData>: fit range is outside histogram range, no fit data for xaxis
Warning in <Fit>: Fit data is empty 
Warning in <Fit>: Fit data is empty 
Warning in <Fit>: Fit data is empty 
Warning in <Fit>: Fit data is empty 
Warning in <Fit>: Fit data is empty 
Warning in <Fit>: Fit data is empty 
Warning in <Fit>: Fit data is empty 
Warning in <Fit>: Fit data is empty 
Warning in <Fit>: Fit data is empty 
Warning in <Fit>: Fit data is empty 
Warning in <Fit>: Fit data is empty 
Warning in <ROOT::Fit::FillData>: fit range is outside histogram range, no fit data for xaxis
Warning in <Fit>: Fit data is empty 
Warning in <Fit>: Fit data is empty 
Warning in <Fit>: Fit data is empty 
Warning in <Fit>: Fit data is empty 
Warning in <Fit>: Fit data is empty 
Warning in <Fit>: Fit data is empty 
Warning in <Fit>: Fit data is empty 
Warning in <ROOT::Fit::FillData>: fit range is outside histogram range, no fit data for xaxis
Warning in <Fit>: Fit data is empty 
Warning in <Fit>: Fit data is empty 
Warning in <Fit>: Fit data is empty 
Warning in <Fit>: Fit data is empty 
Warning in <Fit>: Fit data is empty 
Warning in <Fit>: Fit data is empty 
Warning in <Fit>: Fit data is empty 
Warning in <Fit>: Fit data is empty 
Warning in <Fit>: Fit data is empty 
Warning in <ROOT::Fit::FillData>: fit range is outside histogram range, no fit data for xaxis
Warning in <Fit>: Fit data is empty 
Warning in <Fit>: Fit data is empty 
Warning in <Fit>: Fit data is empty 
Warning in <ROOT::Fit::FillData>: fit range is outside histogram range, no fit data for xaxis
Warning in <Fit>: Fit data is empty 
Warning in <ROOT::Fit::FillData>: fit range is outside histogram range, no fit data for xaxis
Warning in <Fit>: Fit data is empty 
Warning in <Fit>: Fit data is empty 
Warning in <Fit>: Fit data is empty 
Warning in <Fit>: Fit data is empty 
Warning in <Fit>: Fit data is empty 
Warning in <ROOT::Fit::FillData>: fit range is outside histogram range, no fit data for xaxis
Warning in <Fit>: Fit data is empty 
Warning in <Fit>: Fit data is empty 
Warning in <Fit>: Fit data is empty 
Warning in <Fit>: Fit data is empty 
Warning in <Fit>: Fit data is empty 
Warning in <Fit>: Fit data is empty 
Warning in <Fit>: Fit data is empty 
Warning in <Fit>: Fit data is empty 
Warning in <Fit>: Fit data is empty 
Warning in <Fit>: Fit data is empty 
Warning in <Fit>: Fit data is empty 
Warning in <Fit>: Fit data is empty 
Warning in <Fit>: Fit data is empty 
Warning in <Fit>: Fit data is empty 
Warning in <Fit>: Fit data is empty 
Warning in <Fit>: Fit data is empty 
Warning in <Fit>: Fit data is empty 
Warning in <Fit>: Fit data is empty 
Warning in <Fit>: Fit data is empty 
Warning in <Fit>: Fit data is empty 
Warning in <Fit>: Fit data is empty 
Warning in <Fit>: Fit data is empty 
Warning in <Fit>: Fit data is empty 
Warning in <Fit>: Fit data is empty 
Warning in <Fit>: Fit data is empty 
Warning in <Fit>: Fit data is empty 
Warning in <ROOT::Fit::FillData>: fit range is outside histogram range, no fit data for xaxis
Warning in <Fit>: Fit data is empty 
Warning in <Fit>: Fit data is empty 
Warning in <Fit>: Fit data is empty 
Warning in <Fit>: Fit data is empty 
Warning in <ROOT::Fit::FillData>: fit range is outside histogram range, no fit data for xaxis
Warning in <Fit>: Fit data is empty 
Warning in <Fit>: Fit data is empty 
Warning in <Fit>: Fit data is empty 
Warning in <Fit>: Fit data is empty 
Warning in <Fit>: Fit data is empty 
Warning in <Fit>: Fit data is empty 
Warning in <Fit>: Fit data is empty 
Warning in <Fit>: Fit data is empty 
Warning in <Fit>: Fit data is empty 
Warning in <Fit>: Fit data is empty 
Warning in <Fit>: Fit data is empty 
Warning in <Fit>: Fit data is empty 
Warning in <ROOT::Fit::FillData>: fit range is outside histogram range, no fit data for xaxis
Warning in <Fit>: Fit data is empty 
Warning in <ROOT::Fit::FillData>: fit range is outside histogram range, no fit data for xaxis
Warning in <Fit>: Fit data is empty 
Warning in <Fit>: Fit data is empty 
22:58:21    RootTrackPar   INFO      Wrote performance plots to 'output/itk-muon-ckf/performance_fitting_ckf.root:/'
22:58:21    RootPatternR   INFO      Efficiency with tracks (nMatchedtracks/nAlltracks) = 0.98714
22:58:21    RootPatternR   INFO      Fake ratio with tracks (nFaketracks/nAlltracks) = 0.0128599
22:58:21    RootPatternR   INFO      Duplicate ratio with tracks (nDuplicatetracks/nAlltracks) = 0.870378
22:58:21    RootPatternR   INFO      Efficiency with particles (nMatchedParticles/nTrueParticles) = 0.99875
22:58:21    RootPatternR   INFO      Fake ratio with particles (nFakeParticles/nTrueParticles) = 0.0575
22:58:21    RootPatternR   INFO      Duplicate ratio with particles (nDuplicateParticles/nTrueParticles) = 0.99625
22:58:21    RootPatternR   INFO      Wrote performance plots to 'output/itk-muon-ckf/performance_finding_ckf.root:/'
22:58:21    Sequencer      INFO      No unmasked FPEs encountered
22:58:21    Sequencer      INFO      Processed 100 events in 4.001697 s (wall clock)
22:58:21    Sequencer      INFO      Average time per event: 18.500691 ms/event
22:58:21    Sequencer      INFO      Timing breakdown:
| Algorithm                                      | Total Time (ms) | Time/Event (ms) | Fraction |
|:-----------------------------------------------|----------------:|----------------:|---------:|
| Algorithm:TrackFindingAlgorithm                |         1576.07 |           15.76 |    85.2% |
| Algorithm:FatrasSimulation                     |          153.12 |            1.53 |     8.3% |
| Writer:RootTrackParameterPerformanceWriter     |           26.44 |            0.26 |     1.4% |
| Algorithm:DigitizationAlgorithm                |           20.81 |            0.21 |     1.1% |
| Algorithm:GridTripletSeedingAlgorithm          |           19.81 |            0.20 |     1.1% |
| Writer:RootTrackSummaryWriter                  |           13.14 |            0.13 |     0.7% |
| Writer:RootTrackParameterWriter                |            7.19 |            0.07 |     0.4% |
| Writer:RootPatternRecognitionPerformanceWriter |            7.09 |            0.07 |     0.4% |
| Writer:RootPatternRecognitionPerformanceWriter |            6.96 |            0.07 |     0.4% |
| Algorithm:TrackParamsEstimationAlgorithm       |            5.28 |            0.05 |     0.3% |
| Algorithm:SpacePointMaker                      |            3.20 |            0.03 |     0.2% |
| Algorithm:TrackTruthMatcher                    |            2.85 |            0.03 |     0.2% |
| Algorithm:SeedsToTracks                        |            2.44 |            0.02 |     0.1% |
| Reader:EventGenerator                          |            1.87 |            0.02 |     0.1% |
| Algorithm:HepMC3InputConverter                 |            1.65 |            0.02 |     0.1% |
| Algorithm:TrackTruthMatcher                    |            1.58 |            0.02 |     0.1% |
| Algorithm:ParticleSelector                     |            0.34 |            0.00 |     0.0% |
| Algorithm:SeedsToProtoTracks                   |            0.23 |            0.00 |     0.0% |
| TOTAL                                          |         1850.07 |           18.50 |   100.0% |

