17:32:47    GenericDetec   INFO      Building tracking geometry
17:32:47    GenericDetec   INFO      Building tracking geometry for Generic Detector in Gen1 mode
17:32:47    GenericDetec   INFO      Tracking geometry built
17:32:47    Sequencer      INFO      Create Sequencer (single-threaded)
17:32:47    Sequencer      INFO      Add Reader 'EventGenerator'
17:32:47    Sequencer      INFO      -> OutputEvent 'particle_gun_event':
17:32:47    Sequencer      INFO         shared_ptr<HepMC3::GenEvent>
17:32:47    Sequencer      INFO      Add Algorithm 'HepMC3InputConverter'
17:32:47    Sequencer      INFO      <- InputEvent 'particle_gun_event':
17:32:47    Sequencer      INFO         shared_ptr<HepMC3::GenEvent>
17:32:47    Sequencer      INFO      -> OutputParticles 'particles_generated':
17:32:47    Sequencer      INFO         flat_set<SimParticle, detail::CompareParticleId, void>
17:32:47    Sequencer      INFO      -> OutputVertices 'vertices_generated':
17:32:47    Sequencer      INFO         flat_set<SimVertex, detail::CompareVertexId, void>
17:32:47    Sequencer      INFO      Key 'particles_generated' aliased to 'particles'
17:32:47    Sequencer      INFO      Key 'vertices_generated' aliased to 'vertices_truth'
17:32:47    Sequencer      INFO      Key 'particles_generated' aliased to 'particles_generated_selected'
17:32:47    Sequencer      INFO      Add Algorithm 'FatrasSimulation'
17:32:47    Sequencer      INFO      <- InputParticles 'particles_generated_selected':
17:32:47    Sequencer      INFO         flat_set<SimParticle, detail::CompareParticleId, void>
17:32:47    Sequencer      INFO      -> OutputSimHits 'simhits':
17:32:47    Sequencer      INFO         flat_multiset<Hit, detail::CompareGeometryId, void>
17:32:47    Sequencer      INFO      -> OutputParticles 'particles_simulated':
17:32:47    Sequencer      INFO         flat_set<SimParticle, detail::CompareParticleId, void>
17:32:47    Sequencer      INFO      Key 'particles_simulated' aliased to 'particles'
17:32:47    Sequencer      INFO      Key 'particles_simulated' aliased to 'particles_simulated_selected'
17:32:47    Sequencer      INFO      Add Algorithm 'DigitizationAlgorithm'
17:32:47    Sequencer      INFO      <- InputHits 'simhits':
17:32:47    Sequencer      INFO         flat_multiset<Hit, detail::CompareGeometryId, void>
17:32:47    Sequencer      INFO      -> OutputMeasurements 'measurements':
17:32:47    Sequencer      INFO         MeasurementContainer
17:32:47    Sequencer      INFO      -> OutputMeasurementSubset 'measurement_subset':
17:32:47    Sequencer      INFO         MeasurementSubset
17:32:47    Sequencer      INFO      -> OutputClusters 'clusters':
17:32:47    Sequencer      INFO         vector<Cluster>
17:32:47    Sequencer      INFO      -> OutputMeasurementParticlesMap 'measurement_particles_map':
17:32:47    Sequencer      INFO         flat_multimap<unsigned int, Barcode, less<unsigned int>, void>
17:32:47    Sequencer      INFO      -> OutputMeasurementSimHitsMap 'measurement_simhits_map':
17:32:47    Sequencer      INFO         flat_multimap<unsigned int, unsigned int, less<unsigned int>, void>
17:32:47    Sequencer      INFO      -> OutputParticleMeasurementsMap 'particle_measurements_map':
17:32:47    Sequencer      INFO         flat_multimap<Barcode, unsigned int, less<Barcode>, void>
17:32:47    Sequencer      INFO      -> OutputSimHitMeasurementsMap 'simhit_measurements_map':
17:32:47    Sequencer      INFO         flat_multimap<unsigned int, unsigned int, less<unsigned int>, void>
17:32:47    Sequencer      INFO      Add Algorithm 'ParticleSelector'
17:32:47    Sequencer      INFO      <- InputParticles 'particles_simulated_selected':
17:32:47    Sequencer      INFO         flat_set<SimParticle, detail::CompareParticleId, void>
17:32:47    Sequencer      INFO      <- InputParticleMeasurementsMap 'particle_measurements_map':
17:32:47    Sequencer      INFO         flat_multimap<Barcode, unsigned int, less<Barcode>, void>
17:32:47    Sequencer      INFO      <- InputMeasurements 'measurements':
17:32:47    Sequencer      INFO         MeasurementContainer
17:32:47    Sequencer      INFO      -> OutputParticles 'tmp_particles_digitized_selected':
17:32:47    Sequencer      INFO         flat_set<SimParticle, detail::CompareParticleId, void>
17:32:47    Sequencer      INFO      Key 'tmp_particles_digitized_selected' aliased to 'particles_selected'
17:32:47    Sequencer      INFO      Key 'tmp_particles_digitized_selected' aliased to 'particles_digitized_selected'
17:32:47    Sequencer      INFO      Add Algorithm 'SpacePointMaker'
17:32:47    Sequencer      INFO      <- InputMeasurements 'measurement_subset':
17:32:47    Sequencer      INFO         MeasurementSubset
17:32:47    Sequencer      INFO      -> OutputSpacePoints 'spacepoints':
17:32:47    Sequencer      INFO         SpacePointContainer
17:32:47    addSeeding     INFO      Using grid triplet seeding
17:32:47    Sequencer      INFO      Add Algorithm 'GridTripletSeedingAlgorithm'
17:32:47    Sequencer      INFO      <- InputSpacePoints 'spacepoints':
17:32:47    Sequencer      INFO         SpacePointContainer
17:32:47    Sequencer      INFO      -> OutputSeeds 'seeds':
17:32:47    Sequencer      INFO         SeedContainer
17:32:47    Sequencer      INFO      Add Algorithm 'TrackParamsEstimationAlgorithm'
17:32:47    Sequencer      INFO      <- InputSeeds 'seeds':
17:32:47    Sequencer      INFO         SeedContainer
17:32:47    Sequencer      INFO      -> OutputTrackParameters 'estimatedparameters':
17:32:47    Sequencer      INFO         vector<BoundTrackParameters>
17:32:47    Sequencer      INFO      -> OutputSeeds 'estimatedseeds':
17:32:47    Sequencer      INFO         SeedContainer
17:32:47    Sequencer      INFO      Add Algorithm 'SeedsToProtoTracks'
17:32:47    Sequencer      INFO      <- InputSeeds 'estimatedseeds':
17:32:47    Sequencer      INFO         SeedContainer
17:32:47    Sequencer      INFO      -> OutputProtoTracks 'seed-protoTracks':
17:32:47    Sequencer      INFO         vector<small_vector<unsigned int, 3ul, void, void>>
17:32:47    Sequencer      INFO      Add Algorithm 'SeedsToTracks'
17:32:47    Sequencer      INFO      <- InputSeeds 'estimatedseeds':
17:32:47    Sequencer      INFO         SeedContainer
17:32:47    Sequencer      INFO      <- InputTrackParameters 'estimatedparameters':
17:32:47    Sequencer      INFO         vector<BoundTrackParameters>
17:32:47    Sequencer      INFO      -> OutputTracks 'seed-tracks':
17:32:47    Sequencer      INFO            TrackContainer<ConstVectorTrackContainer, ConstVectorMultiTrajectory, shared_ptr>
17:32:47    Sequencer      INFO      Add Algorithm 'TrackTruthMatcher'
17:32:47    Sequencer      INFO      <- InputTracks 'seed-tracks':
17:32:47    Sequencer      INFO            TrackContainer<ConstVectorTrackContainer, ConstVectorMultiTrajectory, shared_ptr>
17:32:47    Sequencer      INFO      <- InputParticles 'particles_selected':
17:32:47    Sequencer      INFO         flat_set<SimParticle, detail::CompareParticleId, void>
17:32:47    Sequencer      INFO      <- InputMeasurementParticlesMap 'measurement_particles_map':
17:32:47    Sequencer      INFO         flat_multimap<unsigned int, Barcode, less<unsigned int>, void>
17:32:47    Sequencer      INFO      -> OutputTrackParticleMatching 'seed_particle_matching':
17:32:47    Sequencer      INFO            map<unsigned int, TrackMatchEntry, less<unsigned int>, allocator<pair<unsigned int const, TrackMatchEntry>>>
17:32:47    Sequencer      INFO      -> OutputParticleTrackMatching 'particle_seed_matching':
17:32:47    Sequencer      INFO            map<Barcode, ParticleMatchEntry, less<Barcode>, allocator<pair<Barcode const, ParticleMatchEntry>>>
17:32:49    Sequencer      INFO      Add Writer 'RootPatternRecognitionPerformanceWriter'
17:32:49    Sequencer      INFO      <- InputHandle 'seed-tracks':
17:32:49    Sequencer      INFO            TrackContainer<ConstVectorTrackContainer, ConstVectorMultiTrajectory, shared_ptr>
17:32:49    Sequencer      INFO      <- InputParticles 'particles_selected':
17:32:49    Sequencer      INFO         flat_set<SimParticle, detail::CompareParticleId, void>
17:32:49    Sequencer      INFO      <- InputTrackParticleMatching 'seed_particle_matching':
17:32:49    Sequencer      INFO            map<unsigned int, TrackMatchEntry, less<unsigned int>, allocator<pair<unsigned int const, TrackMatchEntry>>>
17:32:49    Sequencer      INFO      <- InputParticleTrackMatching 'particle_seed_matching':
17:32:49    Sequencer      INFO            map<Barcode, ParticleMatchEntry, less<Barcode>, allocator<pair<Barcode const, ParticleMatchEntry>>>
17:32:49    Sequencer      INFO      <- InputParticleMeasurementsMap 'particle_measurements_map':
17:32:49    Sequencer      INFO         flat_multimap<Barcode, unsigned int, less<Barcode>, void>
17:32:49    Sequencer      INFO      Add Writer 'RootTrackParameterWriter'
17:32:49    Sequencer      INFO      <- InputHandle 'estimatedparameters':
17:32:49    Sequencer      INFO         vector<BoundTrackParameters>
17:32:49    Sequencer      INFO      <- InputProtoTracks 'seed-protoTracks':
17:32:49    Sequencer      INFO         vector<small_vector<unsigned int, 3ul, void, void>>
17:32:49    Sequencer      INFO      <- InputParticles 'particles':
17:32:49    Sequencer      INFO         flat_set<SimParticle, detail::CompareParticleId, void>
17:32:49    Sequencer      INFO      <- InputSimHits 'simhits':
17:32:49    Sequencer      INFO         flat_multiset<Hit, detail::CompareGeometryId, void>
17:32:49    Sequencer      INFO      <- InputMeasurementParticlesMap 'measurement_particles_map':
17:32:49    Sequencer      INFO         flat_multimap<unsigned int, Barcode, less<unsigned int>, void>
17:32:49    Sequencer      INFO      <- InputMeasurementSimHitsMap 'measurement_simhits_map':
17:32:49    Sequencer      INFO         flat_multimap<unsigned int, unsigned int, less<unsigned int>, void>
17:32:49    Sequencer      INFO      Add Algorithm 'TrackFindingAlgorithm'
17:32:49    Sequencer      INFO      <- InputMeasurements 'measurement_subset':
17:32:49    Sequencer      INFO         MeasurementSubset
17:32:49    Sequencer      INFO      <- InputInitialTrackParameters 'estimatedparameters':
17:32:49    Sequencer      INFO         vector<BoundTrackParameters>
17:32:49    Sequencer      INFO      -> OutputTracks 'ckf_tracks':
17:32:49    Sequencer      INFO            TrackContainer<ConstVectorTrackContainer, ConstVectorMultiTrajectory, shared_ptr>
17:32:49    Sequencer      INFO      Key 'ckf_tracks' aliased to 'tracks'
17:32:49    Sequencer      INFO      Add Algorithm 'TrackTruthMatcher'
17:32:49    Sequencer      INFO      <- InputTracks 'ckf_tracks':
17:32:49    Sequencer      INFO            TrackContainer<ConstVectorTrackContainer, ConstVectorMultiTrajectory, shared_ptr>
17:32:49    Sequencer      INFO      <- InputParticles 'particles_selected':
17:32:49    Sequencer      INFO         flat_set<SimParticle, detail::CompareParticleId, void>
17:32:49    Sequencer      INFO      <- InputMeasurementParticlesMap 'measurement_particles_map':
17:32:49    Sequencer      INFO         flat_multimap<unsigned int, Barcode, less<unsigned int>, void>
17:32:49    Sequencer      INFO      -> OutputTrackParticleMatching 'ckf_track_particle_matching':
17:32:49    Sequencer      INFO            map<unsigned int, TrackMatchEntry, less<unsigned int>, allocator<pair<unsigned int const, TrackMatchEntry>>>
17:32:49    Sequencer      INFO      -> OutputParticleTrackMatching 'ckf_particle_track_matching':
17:32:49    Sequencer      INFO            map<Barcode, ParticleMatchEntry, less<Barcode>, allocator<pair<Barcode const, ParticleMatchEntry>>>
17:32:49    Sequencer      INFO      Key 'ckf_track_particle_matching' aliased to 'track_particle_matching'
17:32:49    Sequencer      INFO      Key 'ckf_particle_track_matching' aliased to 'particle_track_matching'
17:32:49    Sequencer      INFO      Add Writer 'RootTrackSummaryWriter'
17:32:49    Sequencer      INFO      <- InputHandle 'ckf_tracks':
17:32:49    Sequencer      INFO            TrackContainer<ConstVectorTrackContainer, ConstVectorMultiTrajectory, shared_ptr>
17:32:49    Sequencer      INFO      <- InputParticles 'particles_selected':
17:32:49    Sequencer      INFO         flat_set<SimParticle, detail::CompareParticleId, void>
17:32:49    Sequencer      INFO      <- InputTrackParticleMatching 'track_particle_matching':
17:32:49    Sequencer      INFO            map<unsigned int, TrackMatchEntry, less<unsigned int>, allocator<pair<unsigned int const, TrackMatchEntry>>>
17:32:49    Sequencer      INFO      Add Writer 'RootTrackParameterPerformanceWriter'
17:32:49    Sequencer      INFO      <- InputHandle 'ckf_tracks':
17:32:49    Sequencer      INFO            TrackContainer<ConstVectorTrackContainer, ConstVectorMultiTrajectory, shared_ptr>
17:32:49    Sequencer      INFO      <- InputParticles 'particles_selected':
17:32:49    Sequencer      INFO         flat_set<SimParticle, detail::CompareParticleId, void>
17:32:49    Sequencer      INFO      <- InputTrackParticleMatching 'track_particle_matching':
17:32:49    Sequencer      INFO            map<unsigned int, TrackMatchEntry, less<unsigned int>, allocator<pair<unsigned int const, TrackMatchEntry>>>
17:32:49    Sequencer      INFO      Add Writer 'RootPatternRecognitionPerformanceWriter'
17:32:49    Sequencer      INFO      <- InputHandle 'ckf_tracks':
17:32:49    Sequencer      INFO            TrackContainer<ConstVectorTrackContainer, ConstVectorMultiTrajectory, shared_ptr>
17:32:49    Sequencer      INFO      <- InputParticles 'particles_selected':
17:32:49    Sequencer      INFO         flat_set<SimParticle, detail::CompareParticleId, void>
17:32:49    Sequencer      INFO      <- InputTrackParticleMatching 'track_particle_matching':
17:32:49    Sequencer      INFO            map<unsigned int, TrackMatchEntry, less<unsigned int>, allocator<pair<unsigned int const, TrackMatchEntry>>>
17:32:49    Sequencer      INFO      <- InputParticleTrackMatching 'particle_track_matching':
17:32:49    Sequencer      INFO            map<Barcode, ParticleMatchEntry, less<Barcode>, allocator<pair<Barcode const, ParticleMatchEntry>>>
17:32:49    Sequencer      INFO      <- InputParticleMeasurementsMap 'particle_measurements_map':
17:32:49    Sequencer      INFO         flat_multimap<Barcode, unsigned int, less<Barcode>, void>
17:32:49    Sequencer      INFO      Processing events [0, 200)
17:32:49    Sequencer      INFO      Starting event loop with 1 threads
17:32:49    Sequencer      INFO        0 context decorators
17:32:49    Sequencer      INFO        18 sequence elements
17:32:49    Sequencer      INFO        1 readers
17:32:49    Sequencer      INFO        12 algorithms
17:32:49    Sequencer      INFO        5 writers
17:32:49    Sequencer      INFO      100 / 200 events processed
17:32:49    Sequencer      INFO      200 / 200 events processed
17:32:49    RootPatternR   INFO      Efficiency with seeds (nMatchedseeds/nAllseeds) = 0.99821
17:32:49    RootPatternR   INFO      Fake ratio with seeds (nFakeseeds/nAllseeds) = 0
17:32:49    RootPatternR   INFO      Duplicate ratio with seeds (nDuplicateseeds/nAllseeds) = 0.778466
17:32:49    RootPatternR   INFO      Efficiency with particles (nMatchedParticles/nTrueParticles) = 1
17:32:49    RootPatternR   INFO      Fake ratio with particles (nFakeParticles/nTrueParticles) = 0
17:32:49    RootPatternR   INFO      Duplicate ratio with particles (nDuplicateParticles/nTrueParticles) = 0.967419
17:32:49    RootPatternR   INFO      Wrote performance plots to 'output/muon200-ckf/performance_seeding.root:/'
17:32:49    RootTrackPar   INFO      Wrote estimated parameters from seed to tree 'estimatedparams' in 'output/muon200-ckf/estimatedparams.root'
17:32:49    TrackFinding   INFO      TrackFindingAlgorithm statistics:
17:32:49    TrackFinding   INFO      - total seeds: 7263
17:32:49    TrackFinding   INFO      - deduplicated seeds: 0
17:32:49    TrackFinding   INFO      - failed seeds: 0
17:32:49    TrackFinding   INFO      - failed smoothing: 0
17:32:49    TrackFinding   INFO      - failed extrapolation: 0
17:32:49    TrackFinding   INFO      - failure ratio seeds: 0
17:32:49    TrackFinding   INFO      - found tracks: 7263
17:32:49    TrackFinding   INFO      - selected tracks: 7244
17:32:49    TrackFinding   INFO      - stopped branches: 0
17:32:49    TrackFinding   INFO      - skipped second pass: 0
17:32:49    RootTrackSum   INFO      Wrote parameters of tracks to tree 'tracksummary' in 'output/muon200-ckf/tracksummary_ckf.root'
17:32:49    RootTrackPar   INFO      === Track Parameter Performance Summary ===
17:32:49    RootTrackPar   INFO      Total tracks: 7244
17:32:49    RootTrackPar   INFO      Total matched tracks: 1595
17:32:49    RootTrackPar   INFO      Total particles: 1596
17:32:49    RootTrackPar   INFO      Total matched particles: 1595
17:32:49    RootTrackPar   INFO      Track efficiency: 22.0182%
Warning in <Fit>: Fit data is empty 
Warning in <Fit>: Fit data is empty 
Warning in <Fit>: Fit data is empty 
Warning in <Fit>: Fit data is empty 
Warning in <Fit>: Fit data is empty 
Warning in <Fit>: Fit data is empty 
Warning in <Fit>: Fit data is empty 
Warning in <Fit>: Fit data is empty 
Warning in <Fit>: Fit data is empty 
Warning in <Fit>: Fit data is empty 
Warning in <Fit>: Fit data is empty 
Warning in <Fit>: Fit data is empty 
Warning in <Fit>: Fit data is empty 
Warning in <Fit>: Fit data is empty 
Warning in <Fit>: Fit data is empty 
Warning in <Fit>: Fit data is empty 
Warning in <Fit>: Fit data is empty 
Warning in <Fit>: Fit data is empty 
Warning in <Fit>: Fit data is empty 
Warning in <Fit>: Fit data is empty 
Warning in <Fit>: Fit data is empty 
Warning in <Fit>: Fit data is empty 
Warning in <Fit>: Fit data is empty 
Warning in <Fit>: Fit data is empty 
Warning in <Fit>: Fit data is empty 
Warning in <Fit>: Fit data is empty 
Warning in <Fit>: Fit data is empty 
Warning in <Fit>: Fit data is empty 
Warning in <Fit>: Fit data is empty 
Warning in <Fit>: Fit data is empty 
Warning in <Fit>: Fit data is empty 
Warning in <Fit>: Fit data is empty 
Warning in <Fit>: Fit data is empty 
Warning in <Fit>: Fit data is empty 
Warning in <Fit>: Fit data is empty 
Warning in <Fit>: Fit data is empty 
Warning in <Fit>: Fit data is empty 
Warning in <Fit>: Fit data is empty 
Warning in <Fit>: Fit data is empty 
Warning in <Fit>: Fit data is empty 
Warning in <Fit>: Fit data is empty 
Warning in <Fit>: Fit data is empty 
Warning in <Fit>: Fit data is empty 
Warning in <Fit>: Fit data is empty 
Warning in <Fit>: Fit data is empty 
Warning in <Fit>: Fit data is empty 
Warning in <ROOT::Fit::FillData>: fit range is outside histogram range, no fit data for xaxis
Warning in <Fit>: Fit data is empty 
Warning in <Fit>: Fit data is empty 
Warning in <Fit>: Fit data is empty 
Warning in <Fit>: Fit data is empty 
Warning in <Fit>: Fit data is empty 
Warning in <Fit>: Fit data is empty 
Warning in <Fit>: Fit data is empty 
Warning in <Fit>: Fit data is empty 
Warning in <Fit>: Fit data is empty 
Warning in <ROOT::Fit::FillData>: fit range is outside histogram range, no fit data for xaxis
Warning in <Fit>: Fit data is empty 
Warning in <Fit>: Fit data is empty 
Warning in <Fit>: Fit data is empty 
Warning in <Fit>: Fit data is empty 
Warning in <ROOT::Fit::FillData>: fit range is outside histogram range, no fit data for xaxis
Warning in <Fit>: Fit data is empty 
Warning in <Fit>: Fit data is empty 
Warning in <Fit>: Fit data is empty 
Warning in <Fit>: Fit data is empty 
Warning in <Fit>: Fit data is empty 
Warning in <Fit>: Fit data is empty 
Warning in <Fit>: Fit data is empty 
Warning in <Fit>: Fit data is empty 
Warning in <Fit>: Fit data is empty 
Warning in <Fit>: Fit data is empty 
Warning in <Fit>: Fit data is empty 
Warning in <Fit>: Fit data is empty 
Warning in <Fit>: Fit data is empty 
Warning in <Fit>: Fit data is empty 
Warning in <Fit>: Fit data is empty 
Warning in <Fit>: Fit data is empty 
Warning in <Fit>: Fit data is empty 
Warning in <Fit>: Fit data is empty 
Warning in <Fit>: Fit data is empty 
Warning in <Fit>: Fit data is empty 
Warning in <Fit>: Fit data is empty 
Warning in <Fit>: Fit data is empty 
Warning in <Fit>: Fit data is empty 
Warning in <Fit>: Fit data is empty 
Warning in <Fit>: Fit data is empty 
Warning in <Fit>: Fit data is empty 
Warning in <Fit>: Fit data is empty 
Warning in <Fit>: Fit data is empty 
Warning in <Fit>: Fit data is empty 
Warning in <Fit>: Fit data is empty 
Warning in <Fit>: Fit data is empty 
Warning in <Fit>: Fit data is empty 
Warning in <Fit>: Fit data is empty 
Warning in <Fit>: Fit data is empty 
Warning in <Fit>: Fit data is empty 
Warning in <Fit>: Fit data is empty 
Warning in <Fit>: Fit data is empty 
Warning in <Fit>: Fit data is empty 
Warning in <Fit>: Fit data is empty 
Warning in <Fit>: Fit data is empty 
Warning in <Fit>: Fit data is empty 
Warning in <Fit>: Fit data is empty 
Warning in <Fit>: Fit data is empty 
Warning in <Fit>: Fit data is empty 
Warning in <Fit>: Fit data is empty 
Warning in <Fit>: Fit data is empty 
Warning in <Fit>: Fit data is empty 
Warning in <Fit>: Fit data is empty 
Warning in <Fit>: Fit data is empty 
Warning in <Fit>: Fit data is empty 
Warning in <Fit>: Fit data is empty 
Warning in <Fit>: Fit data is empty 
Warning in <Fit>: Fit data is empty 
Warning in <Fit>: Fit data is empty 
Warning in <Fit>: Fit data is empty 
Warning in <Fit>: Fit data is empty 
Warning in <Fit>: Fit data is empty 
Warning in <Fit>: Fit data is empty 
Warning in <Fit>: Fit data is empty 
Warning in <ROOT::Fit::FillData>: fit range is outside histogram range, no fit data for xaxis
Warning in <Fit>: Fit data is empty 
Warning in <Fit>: Fit data is empty 
Warning in <Fit>: Fit data is empty 
Warning in <Fit>: Fit data is empty 
Warning in <Fit>: Fit data is empty 
Warning in <Fit>: Fit data is empty 
Warning in <Fit>: Fit data is empty 
Warning in <Fit>: Fit data is empty 
Warning in <Fit>: Fit data is empty 
17:32:52    RootTrackPar   INFO      Wrote performance plots to 'output/muon200-ckf/performance_fitting_ckf.root:/'
17:32:52    RootPatternR   INFO      Efficiency with tracks (nMatchedtracks/nAlltracks) = 0.998205
17:32:52    RootPatternR   INFO      Fake ratio with tracks (nFaketracks/nAlltracks) = 0
17:32:52    RootPatternR   INFO      Duplicate ratio with tracks (nDuplicatetracks/nAlltracks) = 0.778023
17:32:52    RootPatternR   INFO      Efficiency with particles (nMatchedParticles/nTrueParticles) = 0.999373
17:32:52    RootPatternR   INFO      Fake ratio with particles (nFakeParticles/nTrueParticles) = 0
17:32:52    RootPatternR   INFO      Duplicate ratio with particles (nDuplicateParticles/nTrueParticles) = 0.966792
17:32:52    RootPatternR   INFO      Wrote performance plots to 'output/muon200-ckf/performance_finding_ckf.root:/'
17:32:52    Sequencer      INFO      No unmasked FPEs encountered
17:32:52    Sequencer      INFO      Processed 200 events in 3.042308 s (wall clock)
17:32:52    Sequencer      INFO      Average time per event: 2.999364 ms/event
17:32:52    Sequencer      INFO      Timing breakdown:
| Algorithm                                      | Total Time (ms) | Time/Event (ms) | Fraction |
|:-----------------------------------------------|----------------:|----------------:|---------:|
| Algorithm:TrackFindingAlgorithm                |          441.59 |            2.21 |    73.6% |
| Algorithm:FatrasSimulation                     |           39.44 |            0.20 |     6.6% |
| Writer:RootTrackParameterPerformanceWriter     |           27.77 |            0.14 |     4.6% |
| Algorithm:DigitizationAlgorithm                |           22.42 |            0.11 |     3.7% |
| Writer:RootTrackSummaryWriter                  |           16.91 |            0.08 |     2.8% |
| Writer:RootPatternRecognitionPerformanceWriter |            9.36 |            0.05 |     1.6% |
| Writer:RootPatternRecognitionPerformanceWriter |            8.83 |            0.04 |     1.5% |
| Writer:RootTrackParameterWriter                |            7.14 |            0.04 |     1.2% |
| Algorithm:GridTripletSeedingAlgorithm          |            6.39 |            0.03 |     1.1% |
| Algorithm:TrackParamsEstimationAlgorithm       |            5.46 |            0.03 |     0.9% |
| Algorithm:TrackTruthMatcher                    |            3.33 |            0.02 |     0.6% |
| Algorithm:SpacePointMaker                      |            2.76 |            0.01 |     0.5% |
| Reader:EventGenerator                          |            2.56 |            0.01 |     0.4% |
| Algorithm:SeedsToTracks                        |            2.31 |            0.01 |     0.4% |
| Algorithm:TrackTruthMatcher                    |            1.89 |            0.01 |     0.3% |
| Algorithm:HepMC3InputConverter                 |            1.12 |            0.01 |     0.2% |
| Algorithm:ParticleSelector                     |            0.40 |            0.00 |     0.1% |
| Algorithm:SeedsToProtoTracks                   |            0.22 |            0.00 |     0.0% |
| TOTAL                                          |          599.87 |            3.00 |   100.0% |

