Warning in <TGeoMixture::ComputeDerivedQuantities>: Mixture PE: sum of weights is: 6
DD4hep           WARN  ++ STD conditions NOT defined by client. NTP defaults taken.
Detector         WARN  +++ Object 'compact_checksum' is already defined. New value will be ignored
Compact          WARN  ++ Overwriting/updating Header structure is very dangerous. Try to avoid this.
Compact          WARN  ++     Header definition in: file:///Users/andreas/cern/build/acts/acts/dev3/_deps/odd-src/xml/detectors/CalorimeterHCal.xml
Detector         WARN  +++ Object 'compact_checksum' is already defined. New value will be ignored
18:32:25    DD4hepDetect   INFO      Translating DD4hep geometry into Acts geometry
18:32:25    DD4hepDetect   INFO      Translating DD4hep sub detector: BeamPipe
18:32:25    DD4hepDetect   INFO      Translating DD4hep sub detector: Pixels
18:32:25    DD4hepDetect   INFO      Translating DD4hep sub detector: PST
18:32:25    DD4hepDetect   INFO      Translating DD4hep sub detector: ShortStrips
18:32:25    DD4hepDetect   INFO      Translating DD4hep sub detector: LongStrips
18:32:25    DD4hepDetect   INFO      Translating DD4hep sub detector: Solenoid
18:32:25    DD4hepDetect   INFO      Translating DD4hep sub detector: ECal
18:32:25    DD4hepDetect   INFO      Translating DD4hep sub detector: HCal
18:32:25    D2A_V:ECal     INFO      No layers present, returning nullptr
18:32:25    TrackingGeom   INFO      Received nullptr volume from builder, keeping previous highest volume
18:32:25    D2A_V:HCal     INFO      No layers present, returning nullptr
18:32:25    TrackingGeom   INFO      Received nullptr volume from builder, keeping previous highest volume
18:32:25    Sequencer      INFO      Create Sequencer (single-threaded)
18:32:25    Sequencer      INFO      Add Reader 'EventGenerator'
18:32:25    Sequencer      INFO      -> OutputEvent 'particle_gun_event':
18:32:25    Sequencer      INFO         shared_ptr<HepMC3::GenEvent>
18:32:25    Sequencer      INFO      Add Algorithm 'HepMC3InputConverter'
18:32:25    Sequencer      INFO      <- InputEvent 'particle_gun_event':
18:32:25    Sequencer      INFO         shared_ptr<HepMC3::GenEvent>
18:32:25    Sequencer      INFO      -> OutputParticles 'particles_generated':
18:32:25    Sequencer      INFO         flat_set<SimParticle, detail::CompareParticleId, void>
18:32:25    Sequencer      INFO      -> OutputVertices 'vertices_generated':
18:32:25    Sequencer      INFO         flat_set<SimVertex, detail::CompareVertexId, void>
18:32:25    Sequencer      INFO      Key 'particles_generated' aliased to 'particles'
18:32:25    Sequencer      INFO      Key 'vertices_generated' aliased to 'vertices_truth'
18:32:25    Sequencer      INFO      Key 'particles_generated' aliased to 'particles_generated_selected'
18:32:25    Sequencer      INFO      Add Algorithm 'FatrasSimulation'
18:32:25    Sequencer      INFO      <- InputParticles 'particles_generated_selected':
18:32:25    Sequencer      INFO         flat_set<SimParticle, detail::CompareParticleId, void>
18:32:25    Sequencer      INFO      -> OutputSimHits 'simhits':
18:32:25    Sequencer      INFO         flat_multiset<Hit, detail::CompareGeometryId, void>
18:32:25    Sequencer      INFO      -> OutputParticles 'particles_simulated':
18:32:25    Sequencer      INFO         flat_set<SimParticle, detail::CompareParticleId, void>
18:32:25    Sequencer      INFO      Key 'particles_simulated' aliased to 'particles'
18:32:25    Sequencer      INFO      Key 'particles_simulated' aliased to 'particles_simulated_selected'
18:32:25    Sequencer      INFO      Add Algorithm 'DigitizationAlgorithm'
18:32:25    Sequencer      INFO      <- InputHits 'simhits':
18:32:25    Sequencer      INFO         flat_multiset<Hit, detail::CompareGeometryId, void>
18:32:25    Sequencer      INFO      -> OutputMeasurements 'measurements':
18:32:25    Sequencer      INFO         MeasurementContainer
18:32:25    Sequencer      INFO      -> OutputMeasurementSubset 'measurement_subset':
18:32:25    Sequencer      INFO         MeasurementSubset
18:32:25    Sequencer      INFO      -> OutputClusters 'clusters':
18:32:25    Sequencer      INFO         vector<Cluster>
18:32:25    Sequencer      INFO      -> OutputMeasurementParticlesMap 'measurement_particles_map':
18:32:25    Sequencer      INFO         flat_multimap<unsigned int, Barcode, less<unsigned int>, void>
18:32:25    Sequencer      INFO      -> OutputMeasurementSimHitsMap 'measurement_simhits_map':
18:32:25    Sequencer      INFO         flat_multimap<unsigned int, unsigned int, less<unsigned int>, void>
18:32:25    Sequencer      INFO      -> OutputParticleMeasurementsMap 'particle_measurements_map':
18:32:25    Sequencer      INFO         flat_multimap<Barcode, unsigned int, less<Barcode>, void>
18:32:25    Sequencer      INFO      -> OutputSimHitMeasurementsMap 'simhit_measurements_map':
18:32:25    Sequencer      INFO         flat_multimap<unsigned int, unsigned int, less<unsigned int>, void>
18:32:25    Sequencer      INFO      Add Algorithm 'ParticleSelector'
18:32:25    Sequencer      INFO      <- InputParticles 'particles_simulated_selected':
18:32:25    Sequencer      INFO         flat_set<SimParticle, detail::CompareParticleId, void>
18:32:25    Sequencer      INFO      <- InputParticleMeasurementsMap 'particle_measurements_map':
18:32:25    Sequencer      INFO         flat_multimap<Barcode, unsigned int, less<Barcode>, void>
18:32:25    Sequencer      INFO      <- InputMeasurements 'measurements':
18:32:25    Sequencer      INFO         MeasurementContainer
18:32:25    Sequencer      INFO      -> OutputParticles 'tmp_particles_digitized_selected':
18:32:25    Sequencer      INFO         flat_set<SimParticle, detail::CompareParticleId, void>
18:32:25    Sequencer      INFO      Key 'tmp_particles_digitized_selected' aliased to 'particles_selected'
18:32:25    Sequencer      INFO      Key 'tmp_particles_digitized_selected' aliased to 'particles_digitized_selected'
18:32:25    Sequencer      INFO      Add Algorithm 'SpacePointMaker'
18:32:25    Sequencer      INFO      <- InputMeasurements 'measurement_subset':
18:32:25    Sequencer      INFO         MeasurementSubset
18:32:25    Sequencer      INFO      -> OutputSpacePoints 'spacepoints':
18:32:25    Sequencer      INFO         SpacePointContainer
18:32:25    addSeeding     INFO      Using grid triplet seeding
18:32:25    Sequencer      INFO      Add Algorithm 'GridTripletSeedingAlgorithm'
18:32:25    Sequencer      INFO      <- InputSpacePoints 'spacepoints':
18:32:25    Sequencer      INFO         SpacePointContainer
18:32:25    Sequencer      INFO      -> OutputSeeds 'seeds':
18:32:25    Sequencer      INFO         SeedContainer
18:32:25    Sequencer      INFO      Add Algorithm 'TrackParamsEstimationAlgorithm'
18:32:25    Sequencer      INFO      <- InputSeeds 'seeds':
18:32:25    Sequencer      INFO         SeedContainer
18:32:25    Sequencer      INFO      -> OutputTrackParameters 'estimatedparameters':
18:32:25    Sequencer      INFO         vector<BoundTrackParameters>
18:32:25    Sequencer      INFO      -> OutputSeeds 'estimatedseeds':
18:32:25    Sequencer      INFO         SeedContainer
18:32:25    Sequencer      INFO      Add Algorithm 'SeedsToProtoTracks'
18:32:25    Sequencer      INFO      <- InputSeeds 'estimatedseeds':
18:32:25    Sequencer      INFO         SeedContainer
18:32:25    Sequencer      INFO      -> OutputProtoTracks 'seed-protoTracks':
18:32:25    Sequencer      INFO         vector<small_vector<unsigned int, 3ul, void, void>>
18:32:25    Sequencer      INFO      Add Algorithm 'SeedsToTracks'
18:32:25    Sequencer      INFO      <- InputSeeds 'estimatedseeds':
18:32:25    Sequencer      INFO         SeedContainer
18:32:25    Sequencer      INFO      <- InputTrackParameters 'estimatedparameters':
18:32:25    Sequencer      INFO         vector<BoundTrackParameters>
18:32:25    Sequencer      INFO      -> OutputTracks 'seed-tracks':
18:32:25    Sequencer      INFO            TrackContainer<ConstVectorTrackContainer, ConstVectorMultiTrajectory, shared_ptr>
18:32:25    Sequencer      INFO      Add Algorithm 'TrackTruthMatcher'
18:32:25    Sequencer      INFO      <- InputTracks 'seed-tracks':
18:32:25    Sequencer      INFO            TrackContainer<ConstVectorTrackContainer, ConstVectorMultiTrajectory, shared_ptr>
18:32:25    Sequencer      INFO      <- InputParticles 'particles_selected':
18:32:25    Sequencer      INFO         flat_set<SimParticle, detail::CompareParticleId, void>
18:32:25    Sequencer      INFO      <- InputMeasurementParticlesMap 'measurement_particles_map':
18:32:25    Sequencer      INFO         flat_multimap<unsigned int, Barcode, less<unsigned int>, void>
18:32:25    Sequencer      INFO      -> OutputTrackParticleMatching 'seed_particle_matching':
18:32:25    Sequencer      INFO            map<unsigned int, TrackMatchEntry, less<unsigned int>, allocator<pair<unsigned int const, TrackMatchEntry>>>
18:32:25    Sequencer      INFO      -> OutputParticleTrackMatching 'particle_seed_matching':
18:32:25    Sequencer      INFO            map<Barcode, ParticleMatchEntry, less<Barcode>, allocator<pair<Barcode const, ParticleMatchEntry>>>
18:32:25    Sequencer      INFO      Add Writer 'RootPatternRecognitionPerformanceWriter'
18:32:25    Sequencer      INFO      <- InputHandle 'seed-tracks':
18:32:25    Sequencer      INFO            TrackContainer<ConstVectorTrackContainer, ConstVectorMultiTrajectory, shared_ptr>
18:32:25    Sequencer      INFO      <- InputParticles 'particles_selected':
18:32:25    Sequencer      INFO         flat_set<SimParticle, detail::CompareParticleId, void>
18:32:25    Sequencer      INFO      <- InputTrackParticleMatching 'seed_particle_matching':
18:32:25    Sequencer      INFO            map<unsigned int, TrackMatchEntry, less<unsigned int>, allocator<pair<unsigned int const, TrackMatchEntry>>>
18:32:25    Sequencer      INFO      <- InputParticleTrackMatching 'particle_seed_matching':
18:32:25    Sequencer      INFO            map<Barcode, ParticleMatchEntry, less<Barcode>, allocator<pair<Barcode const, ParticleMatchEntry>>>
18:32:25    Sequencer      INFO      <- InputParticleMeasurementsMap 'particle_measurements_map':
18:32:25    Sequencer      INFO         flat_multimap<Barcode, unsigned int, less<Barcode>, void>
18:32:25    Sequencer      INFO      Add Writer 'RootTrackParameterWriter'
18:32:25    Sequencer      INFO      <- InputHandle 'estimatedparameters':
18:32:25    Sequencer      INFO         vector<BoundTrackParameters>
18:32:25    Sequencer      INFO      <- InputProtoTracks 'seed-protoTracks':
18:32:25    Sequencer      INFO         vector<small_vector<unsigned int, 3ul, void, void>>
18:32:25    Sequencer      INFO      <- InputParticles 'particles':
18:32:25    Sequencer      INFO         flat_set<SimParticle, detail::CompareParticleId, void>
18:32:25    Sequencer      INFO      <- InputSimHits 'simhits':
18:32:25    Sequencer      INFO         flat_multiset<Hit, detail::CompareGeometryId, void>
18:32:25    Sequencer      INFO      <- InputMeasurementParticlesMap 'measurement_particles_map':
18:32:25    Sequencer      INFO         flat_multimap<unsigned int, Barcode, less<unsigned int>, void>
18:32:25    Sequencer      INFO      <- InputMeasurementSimHitsMap 'measurement_simhits_map':
18:32:25    Sequencer      INFO         flat_multimap<unsigned int, unsigned int, less<unsigned int>, void>
18:32:25    RzTrackFindi   INFO      RZ layout: 25 cylinders, 38 discs, 48 sensitive layers, 18824 modules, escape r 1202 |z| 4002
18:32:25    Sequencer      INFO      Add Algorithm 'RzTrackFindingAlgorithm'
18:32:25    Sequencer      INFO      <- InputMeasurements 'measurements':
18:32:25    Sequencer      INFO         MeasurementContainer
18:32:25    Sequencer      INFO      <- InputInitialTrackParameters 'estimatedparameters':
18:32:25    Sequencer      INFO         vector<BoundTrackParameters>
18:32:25    Sequencer      INFO      -> OutputTracks 'rz_tracks':
18:32:25    Sequencer      INFO            TrackContainer<ConstVectorTrackContainer, ConstVectorMultiTrajectory, shared_ptr>
18:32:25    Sequencer      INFO      Add Algorithm 'TrackTruthMatcher'
18:32:25    Sequencer      INFO      <- InputTracks 'rz_tracks':
18:32:25    Sequencer      INFO            TrackContainer<ConstVectorTrackContainer, ConstVectorMultiTrajectory, shared_ptr>
18:32:25    Sequencer      INFO      <- InputParticles 'particles_selected':
18:32:25    Sequencer      INFO         flat_set<SimParticle, detail::CompareParticleId, void>
18:32:25    Sequencer      INFO      <- InputMeasurementParticlesMap 'measurement_particles_map':
18:32:25    Sequencer      INFO         flat_multimap<unsigned int, Barcode, less<unsigned int>, void>
18:32:25    Sequencer      INFO      -> OutputTrackParticleMatching 'rz_track_particle_matching':
18:32:25    Sequencer      INFO            map<unsigned int, TrackMatchEntry, less<unsigned int>, allocator<pair<unsigned int const, TrackMatchEntry>>>
18:32:25    Sequencer      INFO      -> OutputParticleTrackMatching 'rz_particle_track_matching':
18:32:25    Sequencer      INFO            map<Barcode, ParticleMatchEntry, less<Barcode>, allocator<pair<Barcode const, ParticleMatchEntry>>>
18:32:25    Sequencer      INFO      Key 'rz_track_particle_matching' aliased to 'track_particle_matching'
18:32:25    Sequencer      INFO      Key 'rz_particle_track_matching' aliased to 'particle_track_matching'
18:32:25    Sequencer      INFO      Add Writer 'RootTrackSummaryWriter'
18:32:25    Sequencer      INFO      <- InputHandle 'rz_tracks':
18:32:25    Sequencer      INFO            TrackContainer<ConstVectorTrackContainer, ConstVectorMultiTrajectory, shared_ptr>
18:32:25    Sequencer      INFO      <- InputParticles 'particles_selected':
18:32:25    Sequencer      INFO         flat_set<SimParticle, detail::CompareParticleId, void>
18:32:25    Sequencer      INFO      <- InputTrackParticleMatching 'track_particle_matching':
18:32:25    Sequencer      INFO            map<unsigned int, TrackMatchEntry, less<unsigned int>, allocator<pair<unsigned int const, TrackMatchEntry>>>
18:32:25    Sequencer      INFO      Add Writer 'RootTrackParameterPerformanceWriter'
18:32:25    Sequencer      INFO      <- InputHandle 'rz_tracks':
18:32:25    Sequencer      INFO            TrackContainer<ConstVectorTrackContainer, ConstVectorMultiTrajectory, shared_ptr>
18:32:25    Sequencer      INFO      <- InputParticles 'particles_selected':
18:32:25    Sequencer      INFO         flat_set<SimParticle, detail::CompareParticleId, void>
18:32:25    Sequencer      INFO      <- InputTrackParticleMatching 'track_particle_matching':
18:32:25    Sequencer      INFO            map<unsigned int, TrackMatchEntry, less<unsigned int>, allocator<pair<unsigned int const, TrackMatchEntry>>>
18:32:25    Sequencer      INFO      Add Writer 'RootPatternRecognitionPerformanceWriter'
18:32:25    Sequencer      INFO      <- InputHandle 'rz_tracks':
18:32:25    Sequencer      INFO            TrackContainer<ConstVectorTrackContainer, ConstVectorMultiTrajectory, shared_ptr>
18:32:25    Sequencer      INFO      <- InputParticles 'particles_selected':
18:32:25    Sequencer      INFO         flat_set<SimParticle, detail::CompareParticleId, void>
18:32:25    Sequencer      INFO      <- InputTrackParticleMatching 'track_particle_matching':
18:32:25    Sequencer      INFO            map<unsigned int, TrackMatchEntry, less<unsigned int>, allocator<pair<unsigned int const, TrackMatchEntry>>>
18:32:25    Sequencer      INFO      <- InputParticleTrackMatching 'particle_track_matching':
18:32:25    Sequencer      INFO            map<Barcode, ParticleMatchEntry, less<Barcode>, allocator<pair<Barcode const, ParticleMatchEntry>>>
18:32:25    Sequencer      INFO      <- InputParticleMeasurementsMap 'particle_measurements_map':
18:32:25    Sequencer      INFO         flat_multimap<Barcode, unsigned int, less<Barcode>, void>
18:32:25    Sequencer      INFO      Processing events [0, 200)
18:32:25    Sequencer      INFO      Starting event loop with 1 threads
18:32:25    Sequencer      INFO        0 context decorators
18:32:25    Sequencer      INFO        18 sequence elements
18:32:25    Sequencer      INFO        1 readers
18:32:25    Sequencer      INFO        12 algorithms
18:32:25    Sequencer      INFO        5 writers
18:32:25    Sequencer      INFO      100 / 200 events processed
18:32:25    Sequencer      INFO      200 / 200 events processed
18:32:25    RootPatternR   INFO      Efficiency with seeds (nMatchedseeds/nAllseeds) = 1
18:32:25    RootPatternR   INFO      Fake ratio with seeds (nFakeseeds/nAllseeds) = 0
18:32:25    RootPatternR   INFO      Duplicate ratio with seeds (nDuplicateseeds/nAllseeds) = 0.781763
18:32:25    RootPatternR   INFO      Efficiency with particles (nMatchedParticles/nTrueParticles) = 0.99625
18:32:25    RootPatternR   INFO      Fake ratio with particles (nFakeParticles/nTrueParticles) = 0
18:32:25    RootPatternR   INFO      Duplicate ratio with particles (nDuplicateParticles/nTrueParticles) = 0.964375
18:32:25    RootPatternR   INFO      Wrote performance plots to 'output/odd-inf10000/performance_seeding.root:/'
18:32:25    RootTrackPar   INFO      Wrote estimated parameters from seed to tree 'estimatedparams' in 'output/odd-inf10000/estimatedparams.root'
18:32:25    RzTrackFindi   INFO      RzTrackFinding: 7304 seeds, 7238 tracks, 20.6869 stops and 17.0868 candidates per seed, 13.1004 measurements and 0.0549876 holes per track, 41 backward pass failures
18:32:25    RootTrackSum   INFO      Wrote parameters of tracks to tree 'tracksummary' in 'output/odd-inf10000/tracksummary_rz.root'
18:32:25    RootTrackPar   INFO      === Track Parameter Performance Summary ===
18:32:25    RootTrackPar   INFO      Total tracks: 7238
18:32:25    RootTrackPar   INFO      Total matched tracks: 1589
18:32:25    RootTrackPar   INFO      Total particles: 1600
18:32:25    RootTrackPar   INFO      Total matched particles: 1589
18:32:25    RootTrackPar   INFO      Track efficiency: 21.9536%
Warning in <Fit>: Fit data is empty 
Warning in <Fit>: Fit data is empty 
Warning in <Fit>: Fit data is empty 
Warning in <Fit>: Fit data is empty 
Warning in <Fit>: Fit data is empty 
Warning in <Fit>: Fit data is empty 
Warning in <Fit>: Fit data is empty 
Warning in <Fit>: Fit data is empty 
Warning in <Fit>: Fit data is empty 
Warning in <Fit>: Fit data is empty 
Warning in <Fit>: Fit data is empty 
Warning in <Fit>: Fit data is empty 
Warning in <Fit>: Fit data is empty 
Warning in <Fit>: Fit data is empty 
Warning in <Fit>: Fit data is empty 
Warning in <Fit>: Fit data is empty 
Warning in <Fit>: Fit data is empty 
Warning in <Fit>: Fit data is empty 
Warning in <Fit>: Fit data is empty 
Warning in <Fit>: Fit data is empty 
Warning in <Fit>: Fit data is empty 
Warning in <Fit>: Fit data is empty 
Warning in <Fit>: Fit data is empty 
Warning in <Fit>: Fit data is empty 
Warning in <Fit>: Fit data is empty 
Warning in <Fit>: Fit data is empty 
Warning in <Fit>: Fit data is empty 
Warning in <Fit>: Fit data is empty 
Warning in <Fit>: Fit data is empty 
Warning in <ROOT::Fit::FillData>: fit range is outside histogram range, no fit data for xaxis
Warning in <Fit>: Fit data is empty 
Warning in <Fit>: Fit data is empty 
Warning in <Fit>: Fit data is empty 
Warning in <Fit>: Fit data is empty 
Warning in <Fit>: Fit data is empty 
Warning in <Fit>: Fit data is empty 
Warning in <ROOT::Fit::FillData>: fit range is outside histogram range, no fit data for xaxis
Warning in <Fit>: Fit data is empty 
Warning in <Fit>: Fit data is empty 
Warning in <Fit>: Fit data is empty 
Warning in <Fit>: Fit data is empty 
Warning in <Fit>: Fit data is empty 
Warning in <Fit>: Fit data is empty 
Warning in <Fit>: Fit data is empty 
Warning in <Fit>: Fit data is empty 
Warning in <Fit>: Fit data is empty 
Warning in <Fit>: Fit data is empty 
Warning in <Fit>: Fit data is empty 
Warning in <Fit>: Fit data is empty 
Warning in <Fit>: Fit data is empty 
Warning in <ROOT::Fit::FillData>: fit range is outside histogram range, no fit data for xaxis
Warning in <Fit>: Fit data is empty 
Warning in <Fit>: Fit data is empty 
Warning in <ROOT::Fit::FillData>: fit range is outside histogram range, no fit data for xaxis
Warning in <Fit>: Fit data is empty 
Warning in <Fit>: Fit data is empty 
Warning in <Fit>: Fit data is empty 
Warning in <Fit>: Fit data is empty 
Warning in <Fit>: Fit data is empty 
Warning in <ROOT::Fit::FillData>: fit range is outside histogram range, no fit data for xaxis
Warning in <Fit>: Fit data is empty 
Warning in <Fit>: Fit data is empty 
Warning in <Fit>: Fit data is empty 
Warning in <Fit>: Fit data is empty 
Warning in <Fit>: Fit data is empty 
Warning in <Fit>: Fit data is empty 
Warning in <Fit>: Fit data is empty 
Warning in <Fit>: Fit data is empty 
Warning in <Fit>: Fit data is empty 
Warning in <Fit>: Fit data is empty 
Warning in <ROOT::Fit::FillData>: fit range is outside histogram range, no fit data for xaxis
Warning in <Fit>: Fit data is empty 
Warning in <Fit>: Fit data is empty 
Warning in <Fit>: Fit data is empty 
Warning in <Fit>: Fit data is empty 
Warning in <Fit>: Fit data is empty 
Warning in <Fit>: Fit data is empty 
Warning in <Fit>: Fit data is empty 
Warning in <Fit>: Fit data is empty 
Warning in <Fit>: Fit data is empty 
Warning in <Fit>: Fit data is empty 
Warning in <Fit>: Fit data is empty 
Warning in <Fit>: Fit data is empty 
Warning in <ROOT::Fit::FillData>: fit range is outside histogram range, no fit data for xaxis
Warning in <Fit>: Fit data is empty 
Warning in <Fit>: Fit data is empty 
Warning in <Fit>: Fit data is empty 
Warning in <Fit>: Fit data is empty 
Warning in <ROOT::Fit::FillData>: fit range is outside histogram range, no fit data for xaxis
Warning in <Fit>: Fit data is empty 
Warning in <Fit>: Fit data is empty 
Warning in <Fit>: Fit data is empty 
Warning in <Fit>: Fit data is empty 
Warning in <ROOT::Fit::FillData>: fit range is outside histogram range, no fit data for xaxis
Warning in <Fit>: Fit data is empty 
Warning in <Fit>: Fit data is empty 
Warning in <Fit>: Fit data is empty 
Warning in <Fit>: Fit data is empty 
Warning in <Fit>: Fit data is empty 
Warning in <Fit>: Fit data is empty 
Warning in <Fit>: Fit data is empty 
Warning in <Fit>: Fit data is empty 
Warning in <Fit>: Fit data is empty 
Warning in <Fit>: Fit data is empty 
Warning in <Fit>: Fit data is empty 
Warning in <Fit>: Fit data is empty 
Warning in <ROOT::Fit::FillData>: fit range is outside histogram range, no fit data for xaxis
Warning in <Fit>: Fit data is empty 
Warning in <Fit>: Fit data is empty 
Warning in <Fit>: Fit data is empty 
Warning in <Fit>: Fit data is empty 
Warning in <ROOT::Fit::FillData>: fit range is outside histogram range, no fit data for xaxis
Warning in <Fit>: Fit data is empty 
Warning in <Fit>: Fit data is empty 
Warning in <Fit>: Fit data is empty 
Warning in <Fit>: Fit data is empty 
Warning in <ROOT::Fit::FillData>: fit range is outside histogram range, no fit data for xaxis
Warning in <Fit>: Fit data is empty 
Warning in <Fit>: Fit data is empty 
Warning in <ROOT::Fit::FillData>: fit range is outside histogram range, no fit data for xaxis
Warning in <Fit>: Fit data is empty 
Warning in <ROOT::Fit::FillData>: fit range is outside histogram range, no fit data for xaxis
Warning in <Fit>: Fit data is empty 
Warning in <ROOT::Fit::FillData>: fit range is outside histogram range, no fit data for xaxis
Warning in <Fit>: Fit data is empty 
Warning in <Fit>: Fit data is empty 
Warning in <Fit>: Fit data is empty 
Warning in <ROOT::Fit::FillData>: fit range is outside histogram range, no fit data for xaxis
Warning in <Fit>: Fit data is empty 
Warning in <Fit>: Fit data is empty 
Warning in <Fit>: Fit data is empty 
Warning in <ROOT::Fit::FillData>: fit range is outside histogram range, no fit data for xaxis
Warning in <Fit>: Fit data is empty 
Warning in <Fit>: Fit data is empty 
Warning in <Fit>: Fit data is empty 
Warning in <Fit>: Fit data is empty 
Warning in <Fit>: Fit data is empty 
Warning in <Fit>: Fit data is empty 
Warning in <Fit>: Fit data is empty 
Warning in <ROOT::Fit::FillData>: fit range is outside histogram range, no fit data for xaxis
Warning in <Fit>: Fit data is empty 
18:32:27    RootTrackPar   INFO      Wrote performance plots to 'output/odd-inf10000/performance_fitting_rz.root:/'
18:32:27    RootPatternR   INFO      Efficiency with tracks (nMatchedtracks/nAlltracks) = 0.998895
18:32:27    RootPatternR   INFO      Fake ratio with tracks (nFaketracks/nAlltracks) = 0.00110528
18:32:27    RootPatternR   INFO      Duplicate ratio with tracks (nDuplicatetracks/nAlltracks) = 0.779359
18:32:27    RootPatternR   INFO      Efficiency with particles (nMatchedParticles/nTrueParticles) = 0.993125
18:32:27    RootPatternR   INFO      Fake ratio with particles (nFakeParticles/nTrueParticles) = 0.000625
18:32:27    RootPatternR   INFO      Duplicate ratio with particles (nDuplicateParticles/nTrueParticles) = 0.96125
18:32:27    RootPatternR   INFO      Wrote performance plots to 'output/odd-inf10000/performance_finding_rz.root:/'
18:32:27    Sequencer      INFO      No unmasked FPEs encountered
18:32:27    Sequencer      INFO      Processed 200 events in 2.506408 s (wall clock)
18:32:27    Sequencer      INFO      Average time per event: 1.740844 ms/event
18:32:27    Sequencer      INFO      Timing breakdown:
| Algorithm                                      | Total Time (ms) | Time/Event (ms) | Fraction |
|:-----------------------------------------------|----------------:|----------------:|---------:|
| Algorithm:RzTrackFindingAlgorithm              |          199.25 |            1.00 |    57.2% |
| Algorithm:FatrasSimulation                     |           40.81 |            0.20 |    11.7% |
| Algorithm:DigitizationAlgorithm                |           23.44 |            0.12 |     6.7% |
| Writer:RootTrackParameterPerformanceWriter     |           23.14 |            0.12 |     6.6% |
| Writer:RootTrackSummaryWriter                  |           14.26 |            0.07 |     4.1% |
| Writer:RootPatternRecognitionPerformanceWriter |            8.80 |            0.04 |     2.5% |
| Writer:RootPatternRecognitionPerformanceWriter |            8.10 |            0.04 |     2.3% |
| Writer:RootTrackParameterWriter                |            6.89 |            0.03 |     2.0% |
| Algorithm:GridTripletSeedingAlgorithm          |            5.68 |            0.03 |     1.6% |
| Algorithm:TrackParamsEstimationAlgorithm       |            5.09 |            0.03 |     1.5% |
| Algorithm:TrackTruthMatcher                    |            3.23 |            0.02 |     0.9% |
| Algorithm:SpacePointMaker                      |            2.34 |            0.01 |     0.7% |
| Algorithm:SeedsToTracks                        |            2.05 |            0.01 |     0.6% |
| Algorithm:TrackTruthMatcher                    |            1.85 |            0.01 |     0.5% |
| Reader:EventGenerator                          |            1.82 |            0.01 |     0.5% |
| Algorithm:HepMC3InputConverter                 |            0.89 |            0.00 |     0.3% |
| Algorithm:ParticleSelector                     |            0.33 |            0.00 |     0.1% |
| Algorithm:SeedsToProtoTracks                   |            0.19 |            0.00 |     0.1% |
| TOTAL                                          |          348.17 |            1.74 |   100.0% |

