Warning in <TGeoMixture::ComputeDerivedQuantities>: Mixture PE: sum of weights is: 6
DD4hep           WARN  ++ STD conditions NOT defined by client. NTP defaults taken.
Detector         WARN  +++ Object 'compact_checksum' is already defined. New value will be ignored
Compact          WARN  ++ Overwriting/updating Header structure is very dangerous. Try to avoid this.
Compact          WARN  ++     Header definition in: file:///Users/andreas/cern/build/acts/acts/dev3/_deps/odd-src/xml/detectors/CalorimeterHCal.xml
Detector         WARN  +++ Object 'compact_checksum' is already defined. New value will be ignored
18:35:16    DD4hepDetect   INFO      Translating DD4hep geometry into Acts geometry
18:35:16    DD4hepDetect   INFO      Translating DD4hep sub detector: BeamPipe
18:35:16    DD4hepDetect   INFO      Translating DD4hep sub detector: Pixels
18:35:16    DD4hepDetect   INFO      Translating DD4hep sub detector: PST
18:35:16    DD4hepDetect   INFO      Translating DD4hep sub detector: ShortStrips
18:35:16    DD4hepDetect   INFO      Translating DD4hep sub detector: LongStrips
18:35:16    DD4hepDetect   INFO      Translating DD4hep sub detector: Solenoid
18:35:16    DD4hepDetect   INFO      Translating DD4hep sub detector: ECal
18:35:16    DD4hepDetect   INFO      Translating DD4hep sub detector: HCal
18:35:16    D2A_V:ECal     INFO      No layers present, returning nullptr
18:35:16    TrackingGeom   INFO      Received nullptr volume from builder, keeping previous highest volume
18:35:16    D2A_V:HCal     INFO      No layers present, returning nullptr
18:35:16    TrackingGeom   INFO      Received nullptr volume from builder, keeping previous highest volume
18:35:17    Sequencer      INFO      Create Sequencer (single-threaded)
18:35:17    Sequencer      INFO      Add Reader 'EventGenerator'
18:35:17    Sequencer      INFO      -> OutputEvent 'particle_gun_event':
18:35:17    Sequencer      INFO         shared_ptr<HepMC3::GenEvent>
18:35:17    Sequencer      INFO      Add Algorithm 'HepMC3InputConverter'
18:35:17    Sequencer      INFO      <- InputEvent 'particle_gun_event':
18:35:17    Sequencer      INFO         shared_ptr<HepMC3::GenEvent>
18:35:17    Sequencer      INFO      -> OutputParticles 'particles_generated':
18:35:17    Sequencer      INFO         flat_set<SimParticle, detail::CompareParticleId, void>
18:35:17    Sequencer      INFO      -> OutputVertices 'vertices_generated':
18:35:17    Sequencer      INFO         flat_set<SimVertex, detail::CompareVertexId, void>
18:35:17    Sequencer      INFO      Key 'particles_generated' aliased to 'particles'
18:35:17    Sequencer      INFO      Key 'vertices_generated' aliased to 'vertices_truth'
18:35:17    Sequencer      INFO      Key 'particles_generated' aliased to 'particles_generated_selected'
18:35:17    Sequencer      INFO      Add Algorithm 'FatrasSimulation'
18:35:17    Sequencer      INFO      <- InputParticles 'particles_generated_selected':
18:35:17    Sequencer      INFO         flat_set<SimParticle, detail::CompareParticleId, void>
18:35:17    Sequencer      INFO      -> OutputSimHits 'simhits':
18:35:17    Sequencer      INFO         flat_multiset<Hit, detail::CompareGeometryId, void>
18:35:17    Sequencer      INFO      -> OutputParticles 'particles_simulated':
18:35:17    Sequencer      INFO         flat_set<SimParticle, detail::CompareParticleId, void>
18:35:17    Sequencer      INFO      Key 'particles_simulated' aliased to 'particles'
18:35:17    Sequencer      INFO      Key 'particles_simulated' aliased to 'particles_simulated_selected'
18:35:17    Sequencer      INFO      Add Algorithm 'DigitizationAlgorithm'
18:35:17    Sequencer      INFO      <- InputHits 'simhits':
18:35:17    Sequencer      INFO         flat_multiset<Hit, detail::CompareGeometryId, void>
18:35:17    Sequencer      INFO      -> OutputMeasurements 'measurements':
18:35:17    Sequencer      INFO         MeasurementContainer
18:35:17    Sequencer      INFO      -> OutputMeasurementSubset 'measurement_subset':
18:35:17    Sequencer      INFO         MeasurementSubset
18:35:17    Sequencer      INFO      -> OutputClusters 'clusters':
18:35:17    Sequencer      INFO         vector<Cluster>
18:35:17    Sequencer      INFO      -> OutputMeasurementParticlesMap 'measurement_particles_map':
18:35:17    Sequencer      INFO         flat_multimap<unsigned int, Barcode, less<unsigned int>, void>
18:35:17    Sequencer      INFO      -> OutputMeasurementSimHitsMap 'measurement_simhits_map':
18:35:17    Sequencer      INFO         flat_multimap<unsigned int, unsigned int, less<unsigned int>, void>
18:35:17    Sequencer      INFO      -> OutputParticleMeasurementsMap 'particle_measurements_map':
18:35:17    Sequencer      INFO         flat_multimap<Barcode, unsigned int, less<Barcode>, void>
18:35:17    Sequencer      INFO      -> OutputSimHitMeasurementsMap 'simhit_measurements_map':
18:35:17    Sequencer      INFO         flat_multimap<unsigned int, unsigned int, less<unsigned int>, void>
18:35:17    Sequencer      INFO      Add Algorithm 'ParticleSelector'
18:35:17    Sequencer      INFO      <- InputParticles 'particles_simulated_selected':
18:35:17    Sequencer      INFO         flat_set<SimParticle, detail::CompareParticleId, void>
18:35:17    Sequencer      INFO      <- InputParticleMeasurementsMap 'particle_measurements_map':
18:35:17    Sequencer      INFO         flat_multimap<Barcode, unsigned int, less<Barcode>, void>
18:35:17    Sequencer      INFO      <- InputMeasurements 'measurements':
18:35:17    Sequencer      INFO         MeasurementContainer
18:35:17    Sequencer      INFO      -> OutputParticles 'tmp_particles_digitized_selected':
18:35:17    Sequencer      INFO         flat_set<SimParticle, detail::CompareParticleId, void>
18:35:17    Sequencer      INFO      Key 'tmp_particles_digitized_selected' aliased to 'particles_selected'
18:35:17    Sequencer      INFO      Key 'tmp_particles_digitized_selected' aliased to 'particles_digitized_selected'
18:35:17    Sequencer      INFO      Add Algorithm 'SpacePointMaker'
18:35:17    Sequencer      INFO      <- InputMeasurements 'measurement_subset':
18:35:17    Sequencer      INFO         MeasurementSubset
18:35:17    Sequencer      INFO      -> OutputSpacePoints 'spacepoints':
18:35:17    Sequencer      INFO         SpacePointContainer
18:35:17    addSeeding     INFO      Using grid triplet seeding
18:35:17    Sequencer      INFO      Add Algorithm 'GridTripletSeedingAlgorithm'
18:35:17    Sequencer      INFO      <- InputSpacePoints 'spacepoints':
18:35:17    Sequencer      INFO         SpacePointContainer
18:35:17    Sequencer      INFO      -> OutputSeeds 'seeds':
18:35:17    Sequencer      INFO         SeedContainer
18:35:17    Sequencer      INFO      Add Algorithm 'TrackParamsEstimationAlgorithm'
18:35:17    Sequencer      INFO      <- InputSeeds 'seeds':
18:35:17    Sequencer      INFO         SeedContainer
18:35:17    Sequencer      INFO      -> OutputTrackParameters 'estimatedparameters':
18:35:17    Sequencer      INFO         vector<BoundTrackParameters>
18:35:17    Sequencer      INFO      -> OutputSeeds 'estimatedseeds':
18:35:17    Sequencer      INFO         SeedContainer
18:35:17    Sequencer      INFO      Add Algorithm 'SeedsToProtoTracks'
18:35:17    Sequencer      INFO      <- InputSeeds 'estimatedseeds':
18:35:17    Sequencer      INFO         SeedContainer
18:35:17    Sequencer      INFO      -> OutputProtoTracks 'seed-protoTracks':
18:35:17    Sequencer      INFO         vector<small_vector<unsigned int, 3ul, void, void>>
18:35:17    Sequencer      INFO      Add Algorithm 'SeedsToTracks'
18:35:17    Sequencer      INFO      <- InputSeeds 'estimatedseeds':
18:35:17    Sequencer      INFO         SeedContainer
18:35:17    Sequencer      INFO      <- InputTrackParameters 'estimatedparameters':
18:35:17    Sequencer      INFO         vector<BoundTrackParameters>
18:35:17    Sequencer      INFO      -> OutputTracks 'seed-tracks':
18:35:17    Sequencer      INFO            TrackContainer<ConstVectorTrackContainer, ConstVectorMultiTrajectory, shared_ptr>
18:35:17    Sequencer      INFO      Add Algorithm 'TrackTruthMatcher'
18:35:17    Sequencer      INFO      <- InputTracks 'seed-tracks':
18:35:17    Sequencer      INFO            TrackContainer<ConstVectorTrackContainer, ConstVectorMultiTrajectory, shared_ptr>
18:35:17    Sequencer      INFO      <- InputParticles 'particles_selected':
18:35:17    Sequencer      INFO         flat_set<SimParticle, detail::CompareParticleId, void>
18:35:17    Sequencer      INFO      <- InputMeasurementParticlesMap 'measurement_particles_map':
18:35:17    Sequencer      INFO         flat_multimap<unsigned int, Barcode, less<unsigned int>, void>
18:35:17    Sequencer      INFO      -> OutputTrackParticleMatching 'seed_particle_matching':
18:35:17    Sequencer      INFO            map<unsigned int, TrackMatchEntry, less<unsigned int>, allocator<pair<unsigned int const, TrackMatchEntry>>>
18:35:17    Sequencer      INFO      -> OutputParticleTrackMatching 'particle_seed_matching':
18:35:17    Sequencer      INFO            map<Barcode, ParticleMatchEntry, less<Barcode>, allocator<pair<Barcode const, ParticleMatchEntry>>>
18:35:17    Sequencer      INFO      Add Writer 'RootPatternRecognitionPerformanceWriter'
18:35:17    Sequencer      INFO      <- InputHandle 'seed-tracks':
18:35:17    Sequencer      INFO            TrackContainer<ConstVectorTrackContainer, ConstVectorMultiTrajectory, shared_ptr>
18:35:17    Sequencer      INFO      <- InputParticles 'particles_selected':
18:35:17    Sequencer      INFO         flat_set<SimParticle, detail::CompareParticleId, void>
18:35:17    Sequencer      INFO      <- InputTrackParticleMatching 'seed_particle_matching':
18:35:17    Sequencer      INFO            map<unsigned int, TrackMatchEntry, less<unsigned int>, allocator<pair<unsigned int const, TrackMatchEntry>>>
18:35:17    Sequencer      INFO      <- InputParticleTrackMatching 'particle_seed_matching':
18:35:17    Sequencer      INFO            map<Barcode, ParticleMatchEntry, less<Barcode>, allocator<pair<Barcode const, ParticleMatchEntry>>>
18:35:17    Sequencer      INFO      <- InputParticleMeasurementsMap 'particle_measurements_map':
18:35:17    Sequencer      INFO         flat_multimap<Barcode, unsigned int, less<Barcode>, void>
18:35:18    Sequencer      INFO      Add Writer 'RootTrackParameterWriter'
18:35:18    Sequencer      INFO      <- InputHandle 'estimatedparameters':
18:35:18    Sequencer      INFO         vector<BoundTrackParameters>
18:35:18    Sequencer      INFO      <- InputProtoTracks 'seed-protoTracks':
18:35:18    Sequencer      INFO         vector<small_vector<unsigned int, 3ul, void, void>>
18:35:18    Sequencer      INFO      <- InputParticles 'particles':
18:35:18    Sequencer      INFO         flat_set<SimParticle, detail::CompareParticleId, void>
18:35:18    Sequencer      INFO      <- InputSimHits 'simhits':
18:35:18    Sequencer      INFO         flat_multiset<Hit, detail::CompareGeometryId, void>
18:35:18    Sequencer      INFO      <- InputMeasurementParticlesMap 'measurement_particles_map':
18:35:18    Sequencer      INFO         flat_multimap<unsigned int, Barcode, less<unsigned int>, void>
18:35:18    Sequencer      INFO      <- InputMeasurementSimHitsMap 'measurement_simhits_map':
18:35:18    Sequencer      INFO         flat_multimap<unsigned int, unsigned int, less<unsigned int>, void>
material N4Acts21BinnedSurfaceMaterialE on cylinder vol=2|lay=2 ref 24: found max x/X0 0.00231468 probe x/X0 0.0023098 thickness 0.818385 vacuum 0
material N4Acts21BinnedSurfaceMaterialE on cylinder vol=30|bnd=4 ref 713.268: found max x/X0 0.0910219 probe x/X0 0 thickness 0 vacuum 1
material N4Acts21BinnedSurfaceMaterialE on disc vol=17|bnd=1 ref -559.044: found max x/X0 0.138279 probe x/X0 0.0643616 thickness 0.92396 vacuum 0
material N4Acts21ProtoSurfaceMaterialTINS_10BinUtilityEEE on disc vol=16|lay=1 ref -1950.5: NONE max x/X0 0 probe x/X0 0 thickness 0 vacuum 1
material N4Acts21BinnedSurfaceMaterialE on disc vol=16|lay=2 ref -1950: found max x/X0 0.827828 probe x/X0 0.0356194 thickness 10 vacuum 0
material N4Acts21ProtoSurfaceMaterialTINS_10BinUtilityEEE on disc vol=16|lay=3 ref -1742.08: NONE max x/X0 0 probe x/X0 0 thickness 0 vacuum 1
material N4Acts21BinnedSurfaceMaterialE on disc vol=16|lay=4 ref -1520: found max x/X0 0.169454 probe x/X0 0.0194285 thickness 4.81667 vacuum 0
material N4Acts21ProtoSurfaceMaterialTINS_10BinUtilityEEE on disc vol=16|lay=5 ref -1420: NONE max x/X0 0 probe x/X0 0 thickness 0 vacuum 1
material N4Acts21BinnedSurfaceMaterialE on disc vol=16|lay=6 ref -1320: found max x/X0 0.0519548 probe x/X0 0.0186791 thickness 4.75 vacuum 0
material N4Acts21ProtoSurfaceMaterialTINS_10BinUtilityEEE on disc vol=16|lay=7 ref -1220: NONE max x/X0 0 probe x/X0 0 thickness 0 vacuum 1
material N4Acts21BinnedSurfaceMaterialE on disc vol=16|lay=8 ref -1120: found max x/X0 0.0423689 probe x/X0 0.0191608 thickness 4.79286 vacuum 0
material N4Acts21ProtoSurfaceMaterialTINS_10BinUtilityEEE on disc vol=16|lay=9 ref -1050: NONE max x/X0 0 probe x/X0 0 thickness 0 vacuum 1
material N4Acts21BinnedSurfaceMaterialE on disc vol=16|lay=10 ref -980: found max x/X0 0.0375622 probe x/X0 0.0203652 thickness 4.9 vacuum 0
material N4Acts21ProtoSurfaceMaterialTINS_10BinUtilityEEE on disc vol=16|lay=11 ref -910: NONE max x/X0 0 probe x/X0 0 thickness 0 vacuum 1
material N4Acts21BinnedSurfaceMaterialE on disc vol=16|lay=12 ref -840: found max x/X0 0.0375063 probe x/X0 0.0195221 thickness 4.825 vacuum 0
material N4Acts21ProtoSurfaceMaterialTINS_10BinUtilityEEE on disc vol=16|lay=13 ref -780: NONE max x/X0 0 probe x/X0 0 thickness 0 vacuum 1
material N4Acts21BinnedSurfaceMaterialE on disc vol=16|lay=14 ref -720: found max x/X0 0.0384789 probe x/X0 0.0199053 thickness 4.85909 vacuum 0
material N4Acts21ProtoSurfaceMaterialTINS_10BinUtilityEEE on disc vol=16|lay=15 ref -670: NONE max x/X0 0 probe x/X0 0 thickness 0 vacuum 1
material N4Acts21BinnedSurfaceMaterialE on disc vol=16|lay=16 ref -620: found max x/X0 0.0370368 probe x/X0 0.0198031 thickness 4.85 vacuum 0
material N4Acts21ProtoSurfaceMaterialTINS_10BinUtilityEEE on disc vol=16|lay=17 ref -582.441: NONE max x/X0 0 probe x/X0 0 thickness 0 vacuum 1
material N4Acts21BinnedSurfaceMaterialE on disc vol=18|bnd=1 ref 559.044: found max x/X0 0.11583 probe x/X0 0.0558783 thickness 0.802176 vacuum 0
material N4Acts21BinnedSurfaceMaterialE on cylinder vol=17|lay=2|apr=2 ref 39.3607: found max x/X0 0.0181307 probe x/X0 0.0172963 thickness 4.81655 vacuum 0
material N4Acts21BinnedSurfaceMaterialE on cylinder vol=17|lay=4|apr=2 ref 74.8059: found max x/X0 0.014938 probe x/X0 0.0134584 thickness 5.22606 vacuum 0
material N4Acts21BinnedSurfaceMaterialE on cylinder vol=17|lay=6|apr=2 ref 120.597: found max x/X0 0.0219934 probe x/X0 0.012854 thickness 4.59956 vacuum 0
material N4Acts21BinnedSurfaceMaterialE on cylinder vol=17|lay=8|apr=2 ref 176.494: found max x/X0 0.0215184 probe x/X0 0.0117422 thickness 4.24234 vacuum 0
material N4Acts21ProtoSurfaceMaterialTINS_10BinUtilityEEE on disc vol=18|lay=1 ref 582.441: NONE max x/X0 0 probe x/X0 0 thickness 0 vacuum 1
material N4Acts21BinnedSurfaceMaterialE on disc vol=18|lay=2 ref 620: found max x/X0 0.036929 probe x/X0 0.0203652 thickness 4.9 vacuum 0
material N4Acts21ProtoSurfaceMaterialTINS_10BinUtilityEEE on disc vol=18|lay=3 ref 670: NONE max x/X0 0 probe x/X0 0 thickness 0 vacuum 1
material N4Acts21BinnedSurfaceMaterialE on disc vol=18|lay=4 ref 720: found max x/X0 0.0381595 probe x/X0 0.0193535 thickness 4.81 vacuum 0
material N4Acts21ProtoSurfaceMaterialTINS_10BinUtilityEEE on disc vol=18|lay=5 ref 780: NONE max x/X0 0 probe x/X0 0 thickness 0 vacuum 1
material N4Acts21BinnedSurfaceMaterialE on disc vol=18|lay=6 ref 840: found max x/X0 0.0380889 probe x/X0 0.0200279 thickness 4.87 vacuum 0
material N4Acts21ProtoSurfaceMaterialTINS_10BinUtilityEEE on disc vol=18|lay=7 ref 910: NONE max x/X0 0 probe x/X0 0 thickness 0 vacuum 1
material N4Acts21BinnedSurfaceMaterialE on disc vol=18|lay=8 ref 980: found max x/X0 0.0382652 probe x/X0 0.0198031 thickness 4.85 vacuum 0
material N4Acts21ProtoSurfaceMaterialTINS_10BinUtilityEEE on disc vol=18|lay=9 ref 1050: NONE max x/X0 0 probe x/X0 0 thickness 0 vacuum 1
material N4Acts21BinnedSurfaceMaterialE on disc vol=18|lay=10 ref 1120: found max x/X0 0.041349 probe x/X0 0.0192411 thickness 4.8 vacuum 0
material N4Acts21ProtoSurfaceMaterialTINS_10BinUtilityEEE on disc vol=18|lay=11 ref 1220: NONE max x/X0 0 probe x/X0 0 thickness 0 vacuum 1
material N4Acts21BinnedSurfaceMaterialE on disc vol=18|lay=12 ref 1320: found max x/X0 0.058559 probe x/X0 0.0199053 thickness 4.85909 vacuum 0
material N4Acts21ProtoSurfaceMaterialTINS_10BinUtilityEEE on disc vol=18|lay=13 ref 1420: NONE max x/X0 0 probe x/X0 0 thickness 0 vacuum 1
material N4Acts21BinnedSurfaceMaterialE on disc vol=18|lay=14 ref 1520: found max x/X0 0.175196 probe x/X0 0.0201243 thickness 4.87857 vacuum 0
material N4Acts21ProtoSurfaceMaterialTINS_10BinUtilityEEE on disc vol=18|lay=15 ref 1742.08: NONE max x/X0 0 probe x/X0 0 thickness 0 vacuum 1
material N4Acts21BinnedSurfaceMaterialE on disc vol=18|lay=16 ref 1950: found max x/X0 0.560083 probe x/X0 0.0356194 thickness 10 vacuum 0
material N4Acts21ProtoSurfaceMaterialTINS_10BinUtilityEEE on disc vol=18|lay=17 ref 1950.5: NONE max x/X0 0 probe x/X0 0 thickness 0 vacuum 1
material N4Acts21BinnedSurfaceMaterialE on cylinder vol=20|lay=2 ref 203: found max x/X0 0.0229168 probe x/X0 0.00712388 thickness 2 vacuum 0
material N4Acts21BinnedSurfaceMaterialE on disc vol=24|bnd=1 ref -1215.69: found max x/X0 0.0658695 probe x/X0 0 thickness 0 vacuum 1
material N4Acts21ProtoSurfaceMaterialTINS_10BinUtilityEEE on disc vol=23|lay=1 ref -2968.12: NONE max x/X0 0 probe x/X0 0 thickness 0 vacuum 1
material N4Acts21BinnedSurfaceMaterialE on disc vol=23|lay=2 ref -2950: found max x/X0 0.916212 probe x/X0 0.00488162 thickness 0.6875 vacuum 0
material N4Acts21ProtoSurfaceMaterialTINS_10BinUtilityEEE on disc vol=23|lay=3 ref -2750: NONE max x/X0 0 probe x/X0 0 thickness 0 vacuum 1
material N4Acts21BinnedSurfaceMaterialE on disc vol=23|lay=4 ref -2550: found max x/X0 0.0595394 probe x/X0 0.00355027 thickness 0.5 vacuum 0
material N4Acts21ProtoSurfaceMaterialTINS_10BinUtilityEEE on disc vol=23|lay=5 ref -2375: NONE max x/X0 0 probe x/X0 0 thickness 0 vacuum 1
material N4Acts21BinnedSurfaceMaterialE on disc vol=23|lay=6 ref -2200: found max x/X0 0.156158 probe x/X0 0.00355027 thickness 0.5 vacuum 0
material N4Acts21ProtoSurfaceMaterialTINS_10BinUtilityEEE on disc vol=23|lay=7 ref -2025: NONE max x/X0 0 probe x/X0 0 thickness 0 vacuum 1
material N4Acts21BinnedSurfaceMaterialE on disc vol=23|lay=8 ref -1850: found max x/X0 0.0195266 probe x/X0 0.00419453 thickness 0.577778 vacuum 0
material N4Acts21ProtoSurfaceMaterialTINS_10BinUtilityEEE on disc vol=23|lay=9 ref -1700: NONE max x/X0 0 probe x/X0 0 thickness 0 vacuum 1
material N4Acts21BinnedSurfaceMaterialE on disc vol=23|lay=10 ref -1550: found max x/X0 0.0191147 probe x/X0 0.00444432 thickness 0.6 vacuum 0
material N4Acts21ProtoSurfaceMaterialTINS_10BinUtilityEEE on disc vol=23|lay=11 ref -1425: NONE max x/X0 0 probe x/X0 0 thickness 0 vacuum 1
material N4Acts21BinnedSurfaceMaterialE on disc vol=23|lay=12 ref -1300: found max x/X0 0.0193477 probe x/X0 0.00444951 thickness 0.58 vacuum 0
material N4Acts21ProtoSurfaceMaterialTINS_10BinUtilityEEE on disc vol=23|lay=13 ref -1249.03: NONE max x/X0 0 probe x/X0 0 thickness 0 vacuum 1
material N4Acts21BinnedSurfaceMaterialE on disc vol=25|bnd=1 ref 1215.69: found max x/X0 0.058567 probe x/X0 0 thickness 0 vacuum 1
material N4Acts21BinnedSurfaceMaterialE on cylinder vol=24|lay=2|apr=1 ref 247.409: found max x/X0 0.03101 probe x/X0 0.0145063 thickness 5.94631 vacuum 0
material N4Acts21BinnedSurfaceMaterialE on cylinder vol=24|lay=4|apr=1 ref 347.103: found max x/X0 0.0275273 probe x/X0 0.0212883 thickness 6.06888 vacuum 0
material N4Acts21BinnedSurfaceMaterialE on cylinder vol=24|lay=6|apr=1 ref 486.881: found max x/X0 0.0272924 probe x/X0 0.0162576 thickness 6.61211 vacuum 0
material N4Acts21BinnedSurfaceMaterialE on cylinder vol=24|lay=8|apr=1 ref 646.743: found max x/X0 0.0310696 probe x/X0 0.0207929 thickness 6.7488 vacuum 0
material N4Acts21ProtoSurfaceMaterialTINS_10BinUtilityEEE on disc vol=25|lay=1 ref 1249.03: NONE max x/X0 0 probe x/X0 0 thickness 0 vacuum 1
material N4Acts21BinnedSurfaceMaterialE on disc vol=25|lay=2 ref 1300: found max x/X0 0.0192547 probe x/X0 0.00355027 thickness 0.5 vacuum 0
material N4Acts21ProtoSurfaceMaterialTINS_10BinUtilityEEE on disc vol=25|lay=3 ref 1425: NONE max x/X0 0 probe x/X0 0 thickness 0 vacuum 1
material N4Acts21BinnedSurfaceMaterialE on disc vol=25|lay=4 ref 1550: found max x/X0 0.0193709 probe x/X0 0.00399585 thickness 0.577778 vacuum 0
material N4Acts21ProtoSurfaceMaterialTINS_10BinUtilityEEE on disc vol=25|lay=5 ref 1700: NONE max x/X0 0 probe x/X0 0 thickness 0 vacuum 1
material N4Acts21BinnedSurfaceMaterialE on disc vol=25|lay=6 ref 1850: found max x/X0 0.0193744 probe x/X0 0.00444951 thickness 0.58 vacuum 0
material N4Acts21ProtoSurfaceMaterialTINS_10BinUtilityEEE on disc vol=25|lay=7 ref 2025: NONE max x/X0 0 probe x/X0 0 thickness 0 vacuum 1
material N4Acts21BinnedSurfaceMaterialE on disc vol=25|lay=8 ref 2200: found max x/X0 0.134261 probe x/X0 0.00399989 thickness 0.54 vacuum 0
material N4Acts21ProtoSurfaceMaterialTINS_10BinUtilityEEE on disc vol=25|lay=9 ref 2375: NONE max x/X0 0 probe x/X0 0 thickness 0 vacuum 1
material N4Acts21BinnedSurfaceMaterialE on disc vol=25|lay=10 ref 2550: found max x/X0 0.0640889 probe x/X0 0.00528088 thickness 0.7 vacuum 0
material N4Acts21ProtoSurfaceMaterialTINS_10BinUtilityEEE on disc vol=25|lay=11 ref 2750: NONE max x/X0 0 probe x/X0 0 thickness 0 vacuum 1
material N4Acts21BinnedSurfaceMaterialE on disc vol=25|lay=12 ref 2950: found max x/X0 0.93219 probe x/X0 0.00473369 thickness 0.666667 vacuum 0
material N4Acts21ProtoSurfaceMaterialTINS_10BinUtilityEEE on disc vol=25|lay=13 ref 2968.12: NONE max x/X0 0 probe x/X0 0 thickness 0 vacuum 1
material N4Acts21BinnedSurfaceMaterialE on disc vol=29|bnd=1 ref -1207.63: found max x/X0 0.0502321 probe x/X0 0.119506 thickness 1.7156 vacuum 0
material N4Acts21BinnedSurfaceMaterialE on cylinder vol=31|bnd=4 ref 1082.57: found max x/X0 0.134422 probe x/X0 0 thickness 0 vacuum 1
material N4Acts21ProtoSurfaceMaterialTINS_10BinUtilityEEE on disc vol=28|lay=1 ref -3036.12: NONE max x/X0 0 probe x/X0 0 thickness 0 vacuum 1
material N4Acts21BinnedSurfaceMaterialE on disc vol=28|lay=2 ref -3000: found max x/X0 0.049986 probe x/X0 0.0213483 thickness 5 vacuum 0
material N4Acts21ProtoSurfaceMaterialTINS_10BinUtilityEEE on disc vol=28|lay=3 ref -2800: NONE max x/X0 0 probe x/X0 0 thickness 0 vacuum 1
material N4Acts21BinnedSurfaceMaterialE on disc vol=28|lay=4 ref -2600: found max x/X0 0.0499637 probe x/X0 0.0213483 thickness 5 vacuum 0
material N4Acts21ProtoSurfaceMaterialTINS_10BinUtilityEEE on disc vol=28|lay=5 ref -2425: NONE max x/X0 0 probe x/X0 0 thickness 0 vacuum 1
material N4Acts21BinnedSurfaceMaterialE on disc vol=28|lay=6 ref -2250: found max x/X0 0.0498438 probe x/X0 0.0214144 thickness 4.60146 vacuum 0
material N4Acts21ProtoSurfaceMaterialTINS_10BinUtilityEEE on disc vol=28|lay=7 ref -2075: NONE max x/X0 0 probe x/X0 0 thickness 0 vacuum 1
material N4Acts21BinnedSurfaceMaterialE on disc vol=28|lay=8 ref -1900: found max x/X0 0.0490055 probe x/X0 0.0213483 thickness 5 vacuum 0
material N4Acts21ProtoSurfaceMaterialTINS_10BinUtilityEEE on disc vol=28|lay=9 ref -1750: NONE max x/X0 0 probe x/X0 0 thickness 0 vacuum 1
material N4Acts21BinnedSurfaceMaterialE on disc vol=28|lay=10 ref -1600: found max x/X0 0.049571 probe x/X0 0.0213483 thickness 5 vacuum 0
material N4Acts21ProtoSurfaceMaterialTINS_10BinUtilityEEE on disc vol=28|lay=11 ref -1450: NONE max x/X0 0 probe x/X0 0 thickness 0 vacuum 1
material N4Acts21BinnedSurfaceMaterialE on disc vol=28|lay=12 ref -1300: found max x/X0 0.0498438 probe x/X0 0.0213483 thickness 5 vacuum 0
material N4Acts21ProtoSurfaceMaterialTINS_10BinUtilityEEE on disc vol=28|lay=13 ref -1236: NONE max x/X0 0 probe x/X0 0 thickness 0 vacuum 1
material N4Acts21BinnedSurfaceMaterialE on disc vol=30|bnd=1 ref 1207.63: found max x/X0 0.0500289 probe x/X0 0 thickness 0 vacuum 1
material N4Acts21BinnedSurfaceMaterialE on cylinder vol=29|lay=2|apr=1 ref 800.599: found max x/X0 0.0429321 probe x/X0 0.025903 thickness 4.58982 vacuum 0
material N4Acts21BinnedSurfaceMaterialE on cylinder vol=29|lay=4|apr=1 ref 1000.3: found max x/X0 0.0439839 probe x/X0 0.0243711 thickness 5.18916 vacuum 0
material N4Acts21ProtoSurfaceMaterialTINS_10BinUtilityEEE on disc vol=30|lay=1 ref 1236: NONE max x/X0 0 probe x/X0 0 thickness 0 vacuum 1
material N4Acts21BinnedSurfaceMaterialE on disc vol=30|lay=2 ref 1300: found max x/X0 0.0643801 probe x/X0 0.0423702 thickness 9.90738 vacuum 0
material N4Acts21ProtoSurfaceMaterialTINS_10BinUtilityEEE on disc vol=30|lay=3 ref 1450: NONE max x/X0 0 probe x/X0 0 thickness 0 vacuum 1
material N4Acts21BinnedSurfaceMaterialE on disc vol=30|lay=4 ref 1600: found max x/X0 0.0599486 probe x/X0 0.0385387 thickness 9.44309 vacuum 0
material N4Acts21ProtoSurfaceMaterialTINS_10BinUtilityEEE on disc vol=30|lay=5 ref 1750: NONE max x/X0 0 probe x/X0 0 thickness 0 vacuum 1
material N4Acts21BinnedSurfaceMaterialE on disc vol=30|lay=6 ref 1900: found max x/X0 0.0649007 probe x/X0 0.0370524 thickness 9.05226 vacuum 0
material N4Acts21ProtoSurfaceMaterialTINS_10BinUtilityEEE on disc vol=30|lay=7 ref 2075: NONE max x/X0 0 probe x/X0 0 thickness 0 vacuum 1
material N4Acts21BinnedSurfaceMaterialE on disc vol=30|lay=8 ref 2250: found max x/X0 0.063014 probe x/X0 0.0357924 thickness 9.18587 vacuum 0
material N4Acts21ProtoSurfaceMaterialTINS_10BinUtilityEEE on disc vol=30|lay=9 ref 2425: NONE max x/X0 0 probe x/X0 0 thickness 0 vacuum 1
material N4Acts21BinnedSurfaceMaterialE on disc vol=30|lay=10 ref 2600: found max x/X0 0.0579939 probe x/X0 0.0213483 thickness 5 vacuum 0
material N4Acts21ProtoSurfaceMaterialTINS_10BinUtilityEEE on disc vol=30|lay=11 ref 2800: NONE max x/X0 0 probe x/X0 0 thickness 0 vacuum 1
material N4Acts21BinnedSurfaceMaterialE on disc vol=30|lay=12 ref 3000: found max x/X0 0.0524961 probe x/X0 0.020967 thickness 4.96429 vacuum 0
material N4Acts21ProtoSurfaceMaterialTINS_10BinUtilityEEE on disc vol=30|lay=13 ref 3036.12: NONE max x/X0 0 probe x/X0 0 thickness 0 vacuum 1
material N4Acts21BinnedSurfaceMaterialE on cylinder vol=31|lay=2 ref 1180: found max x/X0 0.449624 probe x/X0 0.449624 thickness 40 vacuum 0
18:35:18    RzTrackFindi   INFO      RZ layout: 25 cylinders, 46 discs, 48 sensitive layers, 18824 modules, escape r 1202 |z| 4002
18:35:18    Sequencer      INFO      Add Algorithm 'RzTrackFindingAlgorithm'
18:35:18    Sequencer      INFO      <- InputMeasurements 'measurements':
18:35:18    Sequencer      INFO         MeasurementContainer
18:35:18    Sequencer      INFO      <- InputInitialTrackParameters 'estimatedparameters':
18:35:18    Sequencer      INFO         vector<BoundTrackParameters>
18:35:18    Sequencer      INFO      -> OutputTracks 'rz_tracks':
18:35:18    Sequencer      INFO            TrackContainer<ConstVectorTrackContainer, ConstVectorMultiTrajectory, shared_ptr>
18:35:18    Sequencer      INFO      Add Algorithm 'TrackTruthMatcher'
18:35:18    Sequencer      INFO      <- InputTracks 'rz_tracks':
18:35:18    Sequencer      INFO            TrackContainer<ConstVectorTrackContainer, ConstVectorMultiTrajectory, shared_ptr>
18:35:18    Sequencer      INFO      <- InputParticles 'particles_selected':
18:35:18    Sequencer      INFO         flat_set<SimParticle, detail::CompareParticleId, void>
18:35:18    Sequencer      INFO      <- InputMeasurementParticlesMap 'measurement_particles_map':
18:35:18    Sequencer      INFO         flat_multimap<unsigned int, Barcode, less<unsigned int>, void>
18:35:18    Sequencer      INFO      -> OutputTrackParticleMatching 'rz_track_particle_matching':
18:35:18    Sequencer      INFO            map<unsigned int, TrackMatchEntry, less<unsigned int>, allocator<pair<unsigned int const, TrackMatchEntry>>>
18:35:18    Sequencer      INFO      -> OutputParticleTrackMatching 'rz_particle_track_matching':
18:35:18    Sequencer      INFO            map<Barcode, ParticleMatchEntry, less<Barcode>, allocator<pair<Barcode const, ParticleMatchEntry>>>
18:35:18    Sequencer      INFO      Key 'rz_track_particle_matching' aliased to 'track_particle_matching'
18:35:18    Sequencer      INFO      Key 'rz_particle_track_matching' aliased to 'particle_track_matching'
18:35:18    Sequencer      INFO      Add Writer 'RootTrackSummaryWriter'
18:35:18    Sequencer      INFO      <- InputHandle 'rz_tracks':
18:35:18    Sequencer      INFO            TrackContainer<ConstVectorTrackContainer, ConstVectorMultiTrajectory, shared_ptr>
18:35:18    Sequencer      INFO      <- InputParticles 'particles_selected':
18:35:18    Sequencer      INFO         flat_set<SimParticle, detail::CompareParticleId, void>
18:35:18    Sequencer      INFO      <- InputTrackParticleMatching 'track_particle_matching':
18:35:18    Sequencer      INFO            map<unsigned int, TrackMatchEntry, less<unsigned int>, allocator<pair<unsigned int const, TrackMatchEntry>>>
18:35:18    Sequencer      INFO      Add Writer 'RootTrackParameterPerformanceWriter'
18:35:18    Sequencer      INFO      <- InputHandle 'rz_tracks':
18:35:18    Sequencer      INFO            TrackContainer<ConstVectorTrackContainer, ConstVectorMultiTrajectory, shared_ptr>
18:35:18    Sequencer      INFO      <- InputParticles 'particles_selected':
18:35:18    Sequencer      INFO         flat_set<SimParticle, detail::CompareParticleId, void>
18:35:18    Sequencer      INFO      <- InputTrackParticleMatching 'track_particle_matching':
18:35:18    Sequencer      INFO            map<unsigned int, TrackMatchEntry, less<unsigned int>, allocator<pair<unsigned int const, TrackMatchEntry>>>
18:35:18    Sequencer      INFO      Add Writer 'RootPatternRecognitionPerformanceWriter'
18:35:18    Sequencer      INFO      <- InputHandle 'rz_tracks':
18:35:18    Sequencer      INFO            TrackContainer<ConstVectorTrackContainer, ConstVectorMultiTrajectory, shared_ptr>
18:35:18    Sequencer      INFO      <- InputParticles 'particles_selected':
18:35:18    Sequencer      INFO         flat_set<SimParticle, detail::CompareParticleId, void>
18:35:18    Sequencer      INFO      <- InputTrackParticleMatching 'track_particle_matching':
18:35:18    Sequencer      INFO            map<unsigned int, TrackMatchEntry, less<unsigned int>, allocator<pair<unsigned int const, TrackMatchEntry>>>
18:35:18    Sequencer      INFO      <- InputParticleTrackMatching 'particle_track_matching':
18:35:18    Sequencer      INFO            map<Barcode, ParticleMatchEntry, less<Barcode>, allocator<pair<Barcode const, ParticleMatchEntry>>>
18:35:18    Sequencer      INFO      <- InputParticleMeasurementsMap 'particle_measurements_map':
18:35:18    Sequencer      INFO         flat_multimap<Barcode, unsigned int, less<Barcode>, void>
18:35:18    Sequencer      INFO      Processing events [0, 1)
18:35:18    Sequencer      INFO      Starting event loop with 1 threads
18:35:18    Sequencer      INFO        0 context decorators
18:35:18    Sequencer      INFO        18 sequence elements
18:35:18    Sequencer      INFO        1 readers
18:35:18    Sequencer      INFO        12 algorithms
18:35:18    Sequencer      INFO        5 writers
18:35:18    Sequencer      INFO      finished event 0
18:35:18    RootPatternR   INFO      Efficiency with seeds (nMatchedseeds/nAllseeds) = 1
18:35:18    RootPatternR   INFO      Fake ratio with seeds (nFakeseeds/nAllseeds) = 0
18:35:18    RootPatternR   INFO      Duplicate ratio with seeds (nDuplicateseeds/nAllseeds) = 0.826087
18:35:18    RootPatternR   INFO      Efficiency with particles (nMatchedParticles/nTrueParticles) = 1
18:35:18    RootPatternR   INFO      Fake ratio with particles (nFakeParticles/nTrueParticles) = 0
18:35:18    RootPatternR   INFO      Duplicate ratio with particles (nDuplicateParticles/nTrueParticles) = 1
18:35:18    RootPatternR   INFO      Wrote performance plots to 'output/odd-dbg1/performance_seeding.root:/'
18:35:18    RootTrackPar   INFO      Wrote estimated parameters from seed to tree 'estimatedparams' in 'output/odd-dbg1/estimatedparams.root'
18:35:18    RzTrackFindi   INFO      RzTrackFinding: 46 seeds, 46 tracks, 22.8261 stops and 18.8043 candidates per seed, 13.3696 measurements and 0 holes per track, 0 backward pass failures
18:35:18    RootTrackSum   INFO      Wrote parameters of tracks to tree 'tracksummary' in 'output/odd-dbg1/tracksummary_rz.root'
18:35:18    RootTrackPar   INFO      === Track Parameter Performance Summary ===
18:35:18    RootTrackPar   INFO      Total tracks: 46
18:35:18    RootTrackPar   INFO      Total matched tracks: 8
18:35:18    RootTrackPar   INFO      Total particles: 8
18:35:18    RootTrackPar   INFO      Total matched particles: 8
18:35:18    RootTrackPar   INFO      Track efficiency: 17.3913%
Warning in <Fit>: Fit data is empty 
Warning in <Fit>: Fit data is empty 
Warning in <Fit>: Fit data is empty 
Warning in <Fit>: Fit data is empty 
Warning in <Fit>: Fit data is empty 
Warning in <Fit>: Fit data is empty 
Warning in <Fit>: Fit data is empty 
18:35:18    RootTrackPar   INFO      Wrote performance plots to 'output/odd-dbg1/performance_fitting_rz.root:/'
18:35:18    RootPatternR   INFO      Efficiency with tracks (nMatchedtracks/nAlltracks) = 1
18:35:18    RootPatternR   INFO      Fake ratio with tracks (nFaketracks/nAlltracks) = 0
18:35:18    RootPatternR   INFO      Duplicate ratio with tracks (nDuplicatetracks/nAlltracks) = 0.826087
18:35:18    RootPatternR   INFO      Efficiency with particles (nMatchedParticles/nTrueParticles) = 1
18:35:18    RootPatternR   INFO      Fake ratio with particles (nFakeParticles/nTrueParticles) = 0
18:35:18    RootPatternR   INFO      Duplicate ratio with particles (nDuplicateParticles/nTrueParticles) = 1
18:35:18    RootPatternR   INFO      Wrote performance plots to 'output/odd-dbg1/performance_finding_rz.root:/'
18:35:18    Sequencer      INFO      No unmasked FPEs encountered
18:35:18    Sequencer      INFO      Processed 1 events in 443.860791 ms (wall clock)
18:35:18    Sequencer      INFO      Average time per event: 6.670667 ms/event
18:35:18    Sequencer      INFO      Timing breakdown:
| Algorithm                                      | Total Time (ms) | Time/Event (ms) | Fraction |
|:-----------------------------------------------|----------------:|----------------:|---------:|
| Writer:RootTrackSummaryWriter                  |            1.83 |            1.83 |    27.4% |
| Algorithm:RzTrackFindingAlgorithm              |            1.50 |            1.50 |    22.4% |
| Reader:EventGenerator                          |            0.99 |            0.99 |    14.8% |
| Algorithm:FatrasSimulation                     |            0.60 |            0.60 |     8.9% |
| Writer:RootTrackParameterPerformanceWriter     |            0.54 |            0.54 |     8.1% |
| Algorithm:DigitizationAlgorithm                |            0.28 |            0.28 |     4.2% |
| Writer:RootTrackParameterWriter                |            0.23 |            0.23 |     3.4% |
| Algorithm:GridTripletSeedingAlgorithm          |            0.16 |            0.16 |     2.3% |
| Algorithm:HepMC3InputConverter                 |            0.15 |            0.15 |     2.2% |
| Algorithm:TrackParamsEstimationAlgorithm       |            0.09 |            0.09 |     1.4% |
| Writer:RootPatternRecognitionPerformanceWriter |            0.08 |            0.08 |     1.1% |
| Writer:RootPatternRecognitionPerformanceWriter |            0.07 |            0.07 |     1.1% |
| Algorithm:SpacePointMaker                      |            0.07 |            0.07 |     1.1% |
| Algorithm:SeedsToTracks                        |            0.04 |            0.04 |     0.6% |
| Algorithm:TrackTruthMatcher                    |            0.02 |            0.02 |     0.3% |
| Algorithm:TrackTruthMatcher                    |            0.02 |            0.02 |     0.3% |
| Algorithm:ParticleSelector                     |            0.01 |            0.01 |     0.1% |
| Algorithm:SeedsToProtoTracks                   |            0.00 |            0.00 |     0.1% |
| TOTAL                                          |            6.67 |            6.67 |   100.0% |

