Warning in <TGeoMixture::ComputeDerivedQuantities>: Mixture PE: sum of weights is: 6
DD4hep           WARN  ++ STD conditions NOT defined by client. NTP defaults taken.
Detector         WARN  +++ Object 'compact_checksum' is already defined. New value will be ignored
Compact          WARN  ++ Overwriting/updating Header structure is very dangerous. Try to avoid this.
Compact          WARN  ++     Header definition in: file:///Users/andreas/cern/build/acts/acts/dev3/_deps/odd-src/xml/detectors/CalorimeterHCal.xml
Detector         WARN  +++ Object 'compact_checksum' is already defined. New value will be ignored
18:07:58    DD4hepDetect   INFO      Translating DD4hep geometry into Acts geometry
18:07:58    DD4hepDetect   INFO      Translating DD4hep sub detector: BeamPipe
18:07:58    DD4hepDetect   INFO      Translating DD4hep sub detector: Pixels
18:07:58    DD4hepDetect   INFO      Translating DD4hep sub detector: PST
18:07:58    DD4hepDetect   INFO      Translating DD4hep sub detector: ShortStrips
18:07:58    DD4hepDetect   INFO      Translating DD4hep sub detector: LongStrips
18:07:58    DD4hepDetect   INFO      Translating DD4hep sub detector: Solenoid
18:07:58    DD4hepDetect   INFO      Translating DD4hep sub detector: ECal
18:07:58    DD4hepDetect   INFO      Translating DD4hep sub detector: HCal
18:07:58    D2A_V:ECal     INFO      No layers present, returning nullptr
18:07:58    TrackingGeom   INFO      Received nullptr volume from builder, keeping previous highest volume
18:07:58    D2A_V:HCal     INFO      No layers present, returning nullptr
18:07:58    TrackingGeom   INFO      Received nullptr volume from builder, keeping previous highest volume
18:07:59    Sequencer      INFO      Create Sequencer (single-threaded)
18:07:59    Sequencer      INFO      Add Reader 'EventGenerator'
18:07:59    Sequencer      INFO      -> OutputEvent 'particle_gun_event':
18:07:59    Sequencer      INFO         shared_ptr<HepMC3::GenEvent>
18:07:59    Sequencer      INFO      Add Algorithm 'HepMC3InputConverter'
18:07:59    Sequencer      INFO      <- InputEvent 'particle_gun_event':
18:07:59    Sequencer      INFO         shared_ptr<HepMC3::GenEvent>
18:07:59    Sequencer      INFO      -> OutputParticles 'particles_generated':
18:07:59    Sequencer      INFO         flat_set<SimParticle, detail::CompareParticleId, void>
18:07:59    Sequencer      INFO      -> OutputVertices 'vertices_generated':
18:07:59    Sequencer      INFO         flat_set<SimVertex, detail::CompareVertexId, void>
18:07:59    Sequencer      INFO      Key 'particles_generated' aliased to 'particles'
18:07:59    Sequencer      INFO      Key 'vertices_generated' aliased to 'vertices_truth'
18:07:59    Sequencer      INFO      Key 'particles_generated' aliased to 'particles_generated_selected'
18:07:59    Sequencer      INFO      Add Algorithm 'FatrasSimulation'
18:07:59    Sequencer      INFO      <- InputParticles 'particles_generated_selected':
18:07:59    Sequencer      INFO         flat_set<SimParticle, detail::CompareParticleId, void>
18:07:59    Sequencer      INFO      -> OutputSimHits 'simhits':
18:07:59    Sequencer      INFO         flat_multiset<Hit, detail::CompareGeometryId, void>
18:07:59    Sequencer      INFO      -> OutputParticles 'particles_simulated':
18:07:59    Sequencer      INFO         flat_set<SimParticle, detail::CompareParticleId, void>
18:07:59    Sequencer      INFO      Key 'particles_simulated' aliased to 'particles'
18:07:59    Sequencer      INFO      Key 'particles_simulated' aliased to 'particles_simulated_selected'
18:07:59    Sequencer      INFO      Add Algorithm 'DigitizationAlgorithm'
18:07:59    Sequencer      INFO      <- InputHits 'simhits':
18:07:59    Sequencer      INFO         flat_multiset<Hit, detail::CompareGeometryId, void>
18:07:59    Sequencer      INFO      -> OutputMeasurements 'measurements':
18:07:59    Sequencer      INFO         MeasurementContainer
18:07:59    Sequencer      INFO      -> OutputMeasurementSubset 'measurement_subset':
18:07:59    Sequencer      INFO         MeasurementSubset
18:07:59    Sequencer      INFO      -> OutputClusters 'clusters':
18:07:59    Sequencer      INFO         vector<Cluster>
18:07:59    Sequencer      INFO      -> OutputMeasurementParticlesMap 'measurement_particles_map':
18:07:59    Sequencer      INFO         flat_multimap<unsigned int, Barcode, less<unsigned int>, void>
18:07:59    Sequencer      INFO      -> OutputMeasurementSimHitsMap 'measurement_simhits_map':
18:07:59    Sequencer      INFO         flat_multimap<unsigned int, unsigned int, less<unsigned int>, void>
18:07:59    Sequencer      INFO      -> OutputParticleMeasurementsMap 'particle_measurements_map':
18:07:59    Sequencer      INFO         flat_multimap<Barcode, unsigned int, less<Barcode>, void>
18:07:59    Sequencer      INFO      -> OutputSimHitMeasurementsMap 'simhit_measurements_map':
18:07:59    Sequencer      INFO         flat_multimap<unsigned int, unsigned int, less<unsigned int>, void>
18:07:59    Sequencer      INFO      Add Algorithm 'ParticleSelector'
18:07:59    Sequencer      INFO      <- InputParticles 'particles_simulated_selected':
18:07:59    Sequencer      INFO         flat_set<SimParticle, detail::CompareParticleId, void>
18:07:59    Sequencer      INFO      <- InputParticleMeasurementsMap 'particle_measurements_map':
18:07:59    Sequencer      INFO         flat_multimap<Barcode, unsigned int, less<Barcode>, void>
18:07:59    Sequencer      INFO      <- InputMeasurements 'measurements':
18:07:59    Sequencer      INFO         MeasurementContainer
18:07:59    Sequencer      INFO      -> OutputParticles 'tmp_particles_digitized_selected':
18:07:59    Sequencer      INFO         flat_set<SimParticle, detail::CompareParticleId, void>
18:07:59    Sequencer      INFO      Key 'tmp_particles_digitized_selected' aliased to 'particles_selected'
18:07:59    Sequencer      INFO      Key 'tmp_particles_digitized_selected' aliased to 'particles_digitized_selected'
18:07:59    Sequencer      INFO      Add Algorithm 'SpacePointMaker'
18:07:59    Sequencer      INFO      <- InputMeasurements 'measurement_subset':
18:07:59    Sequencer      INFO         MeasurementSubset
18:07:59    Sequencer      INFO      -> OutputSpacePoints 'spacepoints':
18:07:59    Sequencer      INFO         SpacePointContainer
18:07:59    addSeeding     INFO      Using grid triplet seeding
18:07:59    Sequencer      INFO      Add Algorithm 'GridTripletSeedingAlgorithm'
18:07:59    Sequencer      INFO      <- InputSpacePoints 'spacepoints':
18:07:59    Sequencer      INFO         SpacePointContainer
18:07:59    Sequencer      INFO      -> OutputSeeds 'seeds':
18:07:59    Sequencer      INFO         SeedContainer
18:07:59    Sequencer      INFO      Add Algorithm 'TrackParamsEstimationAlgorithm'
18:07:59    Sequencer      INFO      <- InputSeeds 'seeds':
18:07:59    Sequencer      INFO         SeedContainer
18:07:59    Sequencer      INFO      -> OutputTrackParameters 'estimatedparameters':
18:07:59    Sequencer      INFO         vector<BoundTrackParameters>
18:07:59    Sequencer      INFO      -> OutputSeeds 'estimatedseeds':
18:07:59    Sequencer      INFO         SeedContainer
18:07:59    Sequencer      INFO      Add Algorithm 'SeedsToProtoTracks'
18:07:59    Sequencer      INFO      <- InputSeeds 'estimatedseeds':
18:07:59    Sequencer      INFO         SeedContainer
18:07:59    Sequencer      INFO      -> OutputProtoTracks 'seed-protoTracks':
18:07:59    Sequencer      INFO         vector<small_vector<unsigned int, 3ul, void, void>>
18:07:59    Sequencer      INFO      Add Algorithm 'SeedsToTracks'
18:07:59    Sequencer      INFO      <- InputSeeds 'estimatedseeds':
18:07:59    Sequencer      INFO         SeedContainer
18:07:59    Sequencer      INFO      <- InputTrackParameters 'estimatedparameters':
18:07:59    Sequencer      INFO         vector<BoundTrackParameters>
18:07:59    Sequencer      INFO      -> OutputTracks 'seed-tracks':
18:07:59    Sequencer      INFO            TrackContainer<ConstVectorTrackContainer, ConstVectorMultiTrajectory, shared_ptr>
18:07:59    Sequencer      INFO      Add Algorithm 'TrackTruthMatcher'
18:07:59    Sequencer      INFO      <- InputTracks 'seed-tracks':
18:07:59    Sequencer      INFO            TrackContainer<ConstVectorTrackContainer, ConstVectorMultiTrajectory, shared_ptr>
18:07:59    Sequencer      INFO      <- InputParticles 'particles_selected':
18:07:59    Sequencer      INFO         flat_set<SimParticle, detail::CompareParticleId, void>
18:07:59    Sequencer      INFO      <- InputMeasurementParticlesMap 'measurement_particles_map':
18:07:59    Sequencer      INFO         flat_multimap<unsigned int, Barcode, less<unsigned int>, void>
18:07:59    Sequencer      INFO      -> OutputTrackParticleMatching 'seed_particle_matching':
18:07:59    Sequencer      INFO            map<unsigned int, TrackMatchEntry, less<unsigned int>, allocator<pair<unsigned int const, TrackMatchEntry>>>
18:07:59    Sequencer      INFO      -> OutputParticleTrackMatching 'particle_seed_matching':
18:07:59    Sequencer      INFO            map<Barcode, ParticleMatchEntry, less<Barcode>, allocator<pair<Barcode const, ParticleMatchEntry>>>
18:07:59    Sequencer      INFO      Add Writer 'RootPatternRecognitionPerformanceWriter'
18:07:59    Sequencer      INFO      <- InputHandle 'seed-tracks':
18:07:59    Sequencer      INFO            TrackContainer<ConstVectorTrackContainer, ConstVectorMultiTrajectory, shared_ptr>
18:07:59    Sequencer      INFO      <- InputParticles 'particles_selected':
18:07:59    Sequencer      INFO         flat_set<SimParticle, detail::CompareParticleId, void>
18:07:59    Sequencer      INFO      <- InputTrackParticleMatching 'seed_particle_matching':
18:07:59    Sequencer      INFO            map<unsigned int, TrackMatchEntry, less<unsigned int>, allocator<pair<unsigned int const, TrackMatchEntry>>>
18:07:59    Sequencer      INFO      <- InputParticleTrackMatching 'particle_seed_matching':
18:07:59    Sequencer      INFO            map<Barcode, ParticleMatchEntry, less<Barcode>, allocator<pair<Barcode const, ParticleMatchEntry>>>
18:07:59    Sequencer      INFO      <- InputParticleMeasurementsMap 'particle_measurements_map':
18:07:59    Sequencer      INFO         flat_multimap<Barcode, unsigned int, less<Barcode>, void>
18:07:59    Sequencer      INFO      Add Writer 'RootTrackParameterWriter'
18:07:59    Sequencer      INFO      <- InputHandle 'estimatedparameters':
18:07:59    Sequencer      INFO         vector<BoundTrackParameters>
18:07:59    Sequencer      INFO      <- InputProtoTracks 'seed-protoTracks':
18:07:59    Sequencer      INFO         vector<small_vector<unsigned int, 3ul, void, void>>
18:07:59    Sequencer      INFO      <- InputParticles 'particles':
18:07:59    Sequencer      INFO         flat_set<SimParticle, detail::CompareParticleId, void>
18:07:59    Sequencer      INFO      <- InputSimHits 'simhits':
18:07:59    Sequencer      INFO         flat_multiset<Hit, detail::CompareGeometryId, void>
18:07:59    Sequencer      INFO      <- InputMeasurementParticlesMap 'measurement_particles_map':
18:07:59    Sequencer      INFO         flat_multimap<unsigned int, Barcode, less<unsigned int>, void>
18:07:59    Sequencer      INFO      <- InputMeasurementSimHitsMap 'measurement_simhits_map':
18:07:59    Sequencer      INFO         flat_multimap<unsigned int, unsigned int, less<unsigned int>, void>
18:07:59    RzTrackFindi   INFO      RZ layout: 25 cylinders, 38 discs, 48 sensitive layers, 18824 modules, escape r 1202 |z| 4002
18:07:59    Sequencer      INFO      Add Algorithm 'RzTrackFindingAlgorithm'
18:07:59    Sequencer      INFO      <- InputMeasurements 'measurements':
18:07:59    Sequencer      INFO         MeasurementContainer
18:07:59    Sequencer      INFO      <- InputInitialTrackParameters 'estimatedparameters':
18:07:59    Sequencer      INFO         vector<BoundTrackParameters>
18:07:59    Sequencer      INFO      -> OutputTracks 'rz_tracks':
18:07:59    Sequencer      INFO            TrackContainer<ConstVectorTrackContainer, ConstVectorMultiTrajectory, shared_ptr>
18:07:59    Sequencer      INFO      Add Algorithm 'TrackTruthMatcher'
18:07:59    Sequencer      INFO      <- InputTracks 'rz_tracks':
18:07:59    Sequencer      INFO            TrackContainer<ConstVectorTrackContainer, ConstVectorMultiTrajectory, shared_ptr>
18:07:59    Sequencer      INFO      <- InputParticles 'particles_selected':
18:07:59    Sequencer      INFO         flat_set<SimParticle, detail::CompareParticleId, void>
18:07:59    Sequencer      INFO      <- InputMeasurementParticlesMap 'measurement_particles_map':
18:07:59    Sequencer      INFO         flat_multimap<unsigned int, Barcode, less<unsigned int>, void>
18:07:59    Sequencer      INFO      -> OutputTrackParticleMatching 'rz_track_particle_matching':
18:07:59    Sequencer      INFO            map<unsigned int, TrackMatchEntry, less<unsigned int>, allocator<pair<unsigned int const, TrackMatchEntry>>>
18:07:59    Sequencer      INFO      -> OutputParticleTrackMatching 'rz_particle_track_matching':
18:07:59    Sequencer      INFO            map<Barcode, ParticleMatchEntry, less<Barcode>, allocator<pair<Barcode const, ParticleMatchEntry>>>
18:07:59    Sequencer      INFO      Key 'rz_track_particle_matching' aliased to 'track_particle_matching'
18:07:59    Sequencer      INFO      Key 'rz_particle_track_matching' aliased to 'particle_track_matching'
18:07:59    Sequencer      INFO      Add Writer 'RootTrackSummaryWriter'
18:07:59    Sequencer      INFO      <- InputHandle 'rz_tracks':
18:07:59    Sequencer      INFO            TrackContainer<ConstVectorTrackContainer, ConstVectorMultiTrajectory, shared_ptr>
18:07:59    Sequencer      INFO      <- InputParticles 'particles_selected':
18:07:59    Sequencer      INFO         flat_set<SimParticle, detail::CompareParticleId, void>
18:07:59    Sequencer      INFO      <- InputTrackParticleMatching 'track_particle_matching':
18:07:59    Sequencer      INFO            map<unsigned int, TrackMatchEntry, less<unsigned int>, allocator<pair<unsigned int const, TrackMatchEntry>>>
18:07:59    Sequencer      INFO      Add Writer 'RootTrackParameterPerformanceWriter'
18:07:59    Sequencer      INFO      <- InputHandle 'rz_tracks':
18:07:59    Sequencer      INFO            TrackContainer<ConstVectorTrackContainer, ConstVectorMultiTrajectory, shared_ptr>
18:07:59    Sequencer      INFO      <- InputParticles 'particles_selected':
18:07:59    Sequencer      INFO         flat_set<SimParticle, detail::CompareParticleId, void>
18:07:59    Sequencer      INFO      <- InputTrackParticleMatching 'track_particle_matching':
18:07:59    Sequencer      INFO            map<unsigned int, TrackMatchEntry, less<unsigned int>, allocator<pair<unsigned int const, TrackMatchEntry>>>
18:07:59    Sequencer      INFO      Add Writer 'RootPatternRecognitionPerformanceWriter'
18:07:59    Sequencer      INFO      <- InputHandle 'rz_tracks':
18:07:59    Sequencer      INFO            TrackContainer<ConstVectorTrackContainer, ConstVectorMultiTrajectory, shared_ptr>
18:07:59    Sequencer      INFO      <- InputParticles 'particles_selected':
18:07:59    Sequencer      INFO         flat_set<SimParticle, detail::CompareParticleId, void>
18:07:59    Sequencer      INFO      <- InputTrackParticleMatching 'track_particle_matching':
18:07:59    Sequencer      INFO            map<unsigned int, TrackMatchEntry, less<unsigned int>, allocator<pair<unsigned int const, TrackMatchEntry>>>
18:07:59    Sequencer      INFO      <- InputParticleTrackMatching 'particle_track_matching':
18:07:59    Sequencer      INFO            map<Barcode, ParticleMatchEntry, less<Barcode>, allocator<pair<Barcode const, ParticleMatchEntry>>>
18:07:59    Sequencer      INFO      <- InputParticleMeasurementsMap 'particle_measurements_map':
18:07:59    Sequencer      INFO         flat_multimap<Barcode, unsigned int, less<Barcode>, void>
18:07:59    Sequencer      INFO      Processing events [0, 20)
18:07:59    Sequencer      INFO      Starting event loop with 1 threads
18:07:59    Sequencer      INFO        0 context decorators
18:07:59    Sequencer      INFO        18 sequence elements
18:07:59    Sequencer      INFO        1 readers
18:07:59    Sequencer      INFO        12 algorithms
18:07:59    Sequencer      INFO        5 writers
18:07:59    Sequencer      INFO      finished event 0
18:07:59    Sequencer      INFO      finished event 1
18:07:59    Sequencer      INFO      finished event 2
18:07:59    Sequencer      INFO      finished event 3
18:07:59    Sequencer      INFO      finished event 4
18:07:59    Sequencer      INFO      finished event 5
18:07:59    Sequencer      INFO      finished event 6
18:07:59    Sequencer      INFO      finished event 7
18:07:59    Sequencer      INFO      finished event 8
18:07:59    Sequencer      INFO      finished event 9
18:07:59    Sequencer      INFO      finished event 10
18:07:59    Sequencer      INFO      finished event 11
18:07:59    Sequencer      INFO      finished event 12
18:07:59    Sequencer      INFO      finished event 13
18:07:59    Sequencer      INFO      finished event 14
18:07:59    Sequencer      INFO      finished event 15
18:07:59    Sequencer      INFO      finished event 16
18:07:59    Sequencer      INFO      finished event 17
18:07:59    Sequencer      INFO      finished event 18
18:07:59    Sequencer      INFO      finished event 19
18:07:59    RootPatternR   INFO      Efficiency with seeds (nMatchedseeds/nAllseeds) = 1
18:07:59    RootPatternR   INFO      Fake ratio with seeds (nFakeseeds/nAllseeds) = 0
18:07:59    RootPatternR   INFO      Duplicate ratio with seeds (nDuplicateseeds/nAllseeds) = 0.780083
18:07:59    RootPatternR   INFO      Efficiency with particles (nMatchedParticles/nTrueParticles) = 0.99375
18:07:59    RootPatternR   INFO      Fake ratio with particles (nFakeParticles/nTrueParticles) = 0
18:07:59    RootPatternR   INFO      Duplicate ratio with particles (nDuplicateParticles/nTrueParticles) = 0.91875
18:07:59    RootPatternR   INFO      Wrote performance plots to 'output/odd-muon-rz/performance_seeding.root:/'
18:07:59    RootTrackPar   INFO      Wrote estimated parameters from seed to tree 'estimatedparams' in 'output/odd-muon-rz/estimatedparams.root'
18:07:59    RzTrackFindi   INFO      RzTrackFinding: 723 seeds, 717 tracks, 20.5892 stops and 16.8575 candidates per seed, 12.8285 measurements and 0.216179 holes per track, 1 backward pass failures
18:07:59    RootTrackSum   INFO      Wrote parameters of tracks to tree 'tracksummary' in 'output/odd-muon-rz/tracksummary_rz.root'
18:07:59    RootTrackPar   INFO      === Track Parameter Performance Summary ===
18:07:59    RootTrackPar   INFO      Total tracks: 717
18:07:59    RootTrackPar   INFO      Total matched tracks: 158
18:07:59    RootTrackPar   INFO      Total particles: 160
18:07:59    RootTrackPar   INFO      Total matched particles: 158
18:07:59    RootTrackPar   INFO      Track efficiency: 22.0363%
Warning in <Fit>: Fit data is empty 
Warning in <Fit>: Fit data is empty 
Warning in <Fit>: Fit data is empty 
Warning in <Fit>: Fit data is empty 
Warning in <Fit>: Fit data is empty 
Warning in <Fit>: Fit data is empty 
Warning in <Fit>: Fit data is empty 
Warning in <ROOT::Fit::FillData>: fit range is outside histogram range, no fit data for xaxis
Warning in <Fit>: Fit data is empty 
Warning in <Fit>: Fit data is empty 
Warning in <Fit>: Fit data is empty 
Warning in <Fit>: Fit data is empty 
Warning in <Fit>: Fit data is empty 
Warning in <Fit>: Fit data is empty 
Warning in <Fit>: Fit data is empty 
Warning in <Fit>: Fit data is empty 
Warning in <Fit>: Fit data is empty 
Warning in <Fit>: Fit data is empty 
Warning in <ROOT::Fit::FillData>: fit range is outside histogram range, no fit data for xaxis
Warning in <Fit>: Fit data is empty 
Warning in <Fit>: Fit data is empty 
Warning in <Fit>: Fit data is empty 
Warning in <ROOT::Fit::FillData>: fit range is outside histogram range, no fit data for xaxis
Warning in <Fit>: Fit data is empty 
Warning in <Fit>: Fit data is empty 
18:08:00    RootTrackPar   INFO      Wrote performance plots to 'output/odd-muon-rz/performance_fitting_rz.root:/'
18:08:00    RootPatternR   INFO      Efficiency with tracks (nMatchedtracks/nAlltracks) = 0.994421
18:08:00    RootPatternR   INFO      Fake ratio with tracks (nFaketracks/nAlltracks) = 0.0055788
18:08:00    RootPatternR   INFO      Duplicate ratio with tracks (nDuplicatetracks/nAlltracks) = 0.774059
18:08:00    RootPatternR   INFO      Efficiency with particles (nMatchedParticles/nTrueParticles) = 0.9875
18:08:00    RootPatternR   INFO      Fake ratio with particles (nFakeParticles/nTrueParticles) = 0.00625
18:08:00    RootPatternR   INFO      Duplicate ratio with particles (nDuplicateParticles/nTrueParticles) = 0.9125
18:08:00    RootPatternR   INFO      Wrote performance plots to 'output/odd-muon-rz/performance_finding_rz.root:/'
18:08:00    Sequencer      INFO      No unmasked FPEs encountered
18:08:00    Sequencer      INFO      Processed 20 events in 757.164584 ms (wall clock)
18:08:00    Sequencer      INFO      Average time per event: 1.709443 ms/event
18:08:00    Sequencer      INFO      Timing breakdown:
| Algorithm                                      | Total Time (ms) | Time/Event (ms) | Fraction |
|:-----------------------------------------------|----------------:|----------------:|---------:|
| Algorithm:RzTrackFindingAlgorithm              |           15.36 |            0.77 |    44.9% |
| Algorithm:FatrasSimulation                     |            5.31 |            0.27 |    15.5% |
| Writer:RootTrackParameterPerformanceWriter     |            2.72 |            0.14 |     8.0% |
| Algorithm:DigitizationAlgorithm                |            2.72 |            0.14 |     8.0% |
| Writer:RootTrackSummaryWriter                  |            1.64 |            0.08 |     4.8% |
| Algorithm:GridTripletSeedingAlgorithm          |            1.32 |            0.07 |     3.8% |
| Writer:RootPatternRecognitionPerformanceWriter |            0.89 |            0.04 |     2.6% |
| Writer:RootTrackParameterWriter                |            0.84 |            0.04 |     2.5% |
| Writer:RootPatternRecognitionPerformanceWriter |            0.83 |            0.04 |     2.4% |
| Algorithm:TrackParamsEstimationAlgorithm       |            0.55 |            0.03 |     1.6% |
| Reader:EventGenerator                          |            0.47 |            0.02 |     1.4% |
| Algorithm:HepMC3InputConverter                 |            0.38 |            0.02 |     1.1% |
| Algorithm:SpacePointMaker                      |            0.37 |            0.02 |     1.1% |
| Algorithm:TrackTruthMatcher                    |            0.31 |            0.02 |     0.9% |
| Algorithm:SeedsToTracks                        |            0.24 |            0.01 |     0.7% |
| Algorithm:TrackTruthMatcher                    |            0.18 |            0.01 |     0.5% |
| Algorithm:ParticleSelector                     |            0.04 |            0.00 |     0.1% |
| Algorithm:SeedsToProtoTracks                   |            0.02 |            0.00 |     0.1% |
| TOTAL                                          |           34.19 |            1.71 |   100.0% |

