19:22:20    GenericDetec   INFO      Building tracking geometry
19:22:20    GenericDetec   INFO      Building tracking geometry for Generic Detector in Gen1 mode
19:22:20    GenericDetec   INFO      Tracking geometry built
19:22:20    Sequencer      INFO      Create Sequencer (single-threaded)
19:22:20    Sequencer      INFO      Add Reader 'EventGenerator'
19:22:20    Sequencer      INFO      -> OutputEvent 'particle_gun_event':
19:22:20    Sequencer      INFO         shared_ptr<HepMC3::GenEvent>
19:22:20    Sequencer      INFO      Add Algorithm 'HepMC3InputConverter'
19:22:20    Sequencer      INFO      <- InputEvent 'particle_gun_event':
19:22:20    Sequencer      INFO         shared_ptr<HepMC3::GenEvent>
19:22:20    Sequencer      INFO      -> OutputParticles 'particles_generated':
19:22:20    Sequencer      INFO         flat_set<SimParticle, detail::CompareParticleId, void>
19:22:20    Sequencer      INFO      -> OutputVertices 'vertices_generated':
19:22:20    Sequencer      INFO         flat_set<SimVertex, detail::CompareVertexId, void>
19:22:20    Sequencer      INFO      Key 'particles_generated' aliased to 'particles'
19:22:20    Sequencer      INFO      Key 'vertices_generated' aliased to 'vertices_truth'
19:22:20    Sequencer      INFO      Key 'particles_generated' aliased to 'particles_generated_selected'
19:22:20    Sequencer      INFO      Add Algorithm 'FatrasSimulation'
19:22:20    Sequencer      INFO      <- InputParticles 'particles_generated_selected':
19:22:20    Sequencer      INFO         flat_set<SimParticle, detail::CompareParticleId, void>
19:22:20    Sequencer      INFO      -> OutputSimHits 'simhits':
19:22:20    Sequencer      INFO         flat_multiset<Hit, detail::CompareGeometryId, void>
19:22:20    Sequencer      INFO      -> OutputParticles 'particles_simulated':
19:22:20    Sequencer      INFO         flat_set<SimParticle, detail::CompareParticleId, void>
19:22:20    Sequencer      INFO      Key 'particles_simulated' aliased to 'particles'
19:22:20    Sequencer      INFO      Key 'particles_simulated' aliased to 'particles_simulated_selected'
19:22:21    Sequencer      INFO      Add Algorithm 'DigitizationAlgorithm'
19:22:21    Sequencer      INFO      <- InputHits 'simhits':
19:22:21    Sequencer      INFO         flat_multiset<Hit, detail::CompareGeometryId, void>
19:22:21    Sequencer      INFO      -> OutputMeasurements 'measurements':
19:22:21    Sequencer      INFO         MeasurementContainer
19:22:21    Sequencer      INFO      -> OutputMeasurementSubset 'measurement_subset':
19:22:21    Sequencer      INFO         MeasurementSubset
19:22:21    Sequencer      INFO      -> OutputClusters 'clusters':
19:22:21    Sequencer      INFO         vector<Cluster>
19:22:21    Sequencer      INFO      -> OutputMeasurementParticlesMap 'measurement_particles_map':
19:22:21    Sequencer      INFO         flat_multimap<unsigned int, Barcode, less<unsigned int>, void>
19:22:21    Sequencer      INFO      -> OutputMeasurementSimHitsMap 'measurement_simhits_map':
19:22:21    Sequencer      INFO         flat_multimap<unsigned int, unsigned int, less<unsigned int>, void>
19:22:21    Sequencer      INFO      -> OutputParticleMeasurementsMap 'particle_measurements_map':
19:22:21    Sequencer      INFO         flat_multimap<Barcode, unsigned int, less<Barcode>, void>
19:22:21    Sequencer      INFO      -> OutputSimHitMeasurementsMap 'simhit_measurements_map':
19:22:21    Sequencer      INFO         flat_multimap<unsigned int, unsigned int, less<unsigned int>, void>
19:22:21    Sequencer      INFO      Add Algorithm 'ParticleSelector'
19:22:21    Sequencer      INFO      <- InputParticles 'particles_simulated_selected':
19:22:21    Sequencer      INFO         flat_set<SimParticle, detail::CompareParticleId, void>
19:22:21    Sequencer      INFO      <- InputParticleMeasurementsMap 'particle_measurements_map':
19:22:21    Sequencer      INFO         flat_multimap<Barcode, unsigned int, less<Barcode>, void>
19:22:21    Sequencer      INFO      <- InputMeasurements 'measurements':
19:22:21    Sequencer      INFO         MeasurementContainer
19:22:21    Sequencer      INFO      -> OutputParticles 'tmp_particles_digitized_selected':
19:22:21    Sequencer      INFO         flat_set<SimParticle, detail::CompareParticleId, void>
19:22:21    Sequencer      INFO      Key 'tmp_particles_digitized_selected' aliased to 'particles_selected'
19:22:21    Sequencer      INFO      Key 'tmp_particles_digitized_selected' aliased to 'particles_digitized_selected'
19:22:21    Sequencer      INFO      Add Algorithm 'SpacePointMaker'
19:22:21    Sequencer      INFO      <- InputMeasurements 'measurement_subset':
19:22:21    Sequencer      INFO         MeasurementSubset
19:22:21    Sequencer      INFO      -> OutputSpacePoints 'spacepoints':
19:22:21    Sequencer      INFO         SpacePointContainer
19:22:21    addSeeding     INFO      Using grid triplet seeding
19:22:21    Sequencer      INFO      Add Algorithm 'GridTripletSeedingAlgorithm'
19:22:21    Sequencer      INFO      <- InputSpacePoints 'spacepoints':
19:22:21    Sequencer      INFO         SpacePointContainer
19:22:21    Sequencer      INFO      -> OutputSeeds 'seeds':
19:22:21    Sequencer      INFO         SeedContainer
19:22:21    Sequencer      INFO      Add Algorithm 'TrackParamsEstimationAlgorithm'
19:22:21    Sequencer      INFO      <- InputSeeds 'seeds':
19:22:21    Sequencer      INFO         SeedContainer
19:22:21    Sequencer      INFO      -> OutputTrackParameters 'estimatedparameters':
19:22:21    Sequencer      INFO         vector<BoundTrackParameters>
19:22:21    Sequencer      INFO      -> OutputSeeds 'estimatedseeds':
19:22:21    Sequencer      INFO         SeedContainer
19:22:21    Sequencer      INFO      Add Algorithm 'SeedsToProtoTracks'
19:22:21    Sequencer      INFO      <- InputSeeds 'estimatedseeds':
19:22:21    Sequencer      INFO         SeedContainer
19:22:21    Sequencer      INFO      -> OutputProtoTracks 'seed-protoTracks':
19:22:21    Sequencer      INFO         vector<small_vector<unsigned int, 3ul, void, void>>
19:22:21    Sequencer      INFO      Add Algorithm 'SeedsToTracks'
19:22:21    Sequencer      INFO      <- InputSeeds 'estimatedseeds':
19:22:21    Sequencer      INFO         SeedContainer
19:22:21    Sequencer      INFO      <- InputTrackParameters 'estimatedparameters':
19:22:21    Sequencer      INFO         vector<BoundTrackParameters>
19:22:21    Sequencer      INFO      -> OutputTracks 'seed-tracks':
19:22:21    Sequencer      INFO            TrackContainer<ConstVectorTrackContainer, ConstVectorMultiTrajectory, shared_ptr>
19:22:21    Sequencer      INFO      Add Algorithm 'TrackTruthMatcher'
19:22:21    Sequencer      INFO      <- InputTracks 'seed-tracks':
19:22:21    Sequencer      INFO            TrackContainer<ConstVectorTrackContainer, ConstVectorMultiTrajectory, shared_ptr>
19:22:21    Sequencer      INFO      <- InputParticles 'particles_selected':
19:22:21    Sequencer      INFO         flat_set<SimParticle, detail::CompareParticleId, void>
19:22:21    Sequencer      INFO      <- InputMeasurementParticlesMap 'measurement_particles_map':
19:22:21    Sequencer      INFO         flat_multimap<unsigned int, Barcode, less<unsigned int>, void>
19:22:21    Sequencer      INFO      -> OutputTrackParticleMatching 'seed_particle_matching':
19:22:21    Sequencer      INFO            map<unsigned int, TrackMatchEntry, less<unsigned int>, allocator<pair<unsigned int const, TrackMatchEntry>>>
19:22:21    Sequencer      INFO      -> OutputParticleTrackMatching 'particle_seed_matching':
19:22:21    Sequencer      INFO            map<Barcode, ParticleMatchEntry, less<Barcode>, allocator<pair<Barcode const, ParticleMatchEntry>>>
19:22:23    Sequencer      INFO      Add Writer 'RootPatternRecognitionPerformanceWriter'
19:22:23    Sequencer      INFO      <- InputHandle 'seed-tracks':
19:22:23    Sequencer      INFO            TrackContainer<ConstVectorTrackContainer, ConstVectorMultiTrajectory, shared_ptr>
19:22:23    Sequencer      INFO      <- InputParticles 'particles_selected':
19:22:23    Sequencer      INFO         flat_set<SimParticle, detail::CompareParticleId, void>
19:22:23    Sequencer      INFO      <- InputTrackParticleMatching 'seed_particle_matching':
19:22:23    Sequencer      INFO            map<unsigned int, TrackMatchEntry, less<unsigned int>, allocator<pair<unsigned int const, TrackMatchEntry>>>
19:22:23    Sequencer      INFO      <- InputParticleTrackMatching 'particle_seed_matching':
19:22:23    Sequencer      INFO            map<Barcode, ParticleMatchEntry, less<Barcode>, allocator<pair<Barcode const, ParticleMatchEntry>>>
19:22:23    Sequencer      INFO      <- InputParticleMeasurementsMap 'particle_measurements_map':
19:22:23    Sequencer      INFO         flat_multimap<Barcode, unsigned int, less<Barcode>, void>
19:22:23    Sequencer      INFO      Add Writer 'RootTrackParameterWriter'
19:22:23    Sequencer      INFO      <- InputHandle 'estimatedparameters':
19:22:23    Sequencer      INFO         vector<BoundTrackParameters>
19:22:23    Sequencer      INFO      <- InputProtoTracks 'seed-protoTracks':
19:22:23    Sequencer      INFO         vector<small_vector<unsigned int, 3ul, void, void>>
19:22:23    Sequencer      INFO      <- InputParticles 'particles':
19:22:23    Sequencer      INFO         flat_set<SimParticle, detail::CompareParticleId, void>
19:22:23    Sequencer      INFO      <- InputSimHits 'simhits':
19:22:23    Sequencer      INFO         flat_multiset<Hit, detail::CompareGeometryId, void>
19:22:23    Sequencer      INFO      <- InputMeasurementParticlesMap 'measurement_particles_map':
19:22:23    Sequencer      INFO         flat_multimap<unsigned int, Barcode, less<unsigned int>, void>
19:22:23    Sequencer      INFO      <- InputMeasurementSimHitsMap 'measurement_simhits_map':
19:22:23    Sequencer      INFO         flat_multimap<unsigned int, unsigned int, less<unsigned int>, void>
19:22:23    Sequencer      INFO      Add Algorithm 'TrackFindingAlgorithm'
19:22:23    Sequencer      INFO      <- InputMeasurements 'measurement_subset':
19:22:23    Sequencer      INFO         MeasurementSubset
19:22:23    Sequencer      INFO      <- InputInitialTrackParameters 'estimatedparameters':
19:22:23    Sequencer      INFO         vector<BoundTrackParameters>
19:22:23    Sequencer      INFO      -> OutputTracks 'ckf_tracks':
19:22:23    Sequencer      INFO            TrackContainer<ConstVectorTrackContainer, ConstVectorMultiTrajectory, shared_ptr>
19:22:23    Sequencer      INFO      Key 'ckf_tracks' aliased to 'tracks'
19:22:23    Sequencer      INFO      Add Algorithm 'TrackTruthMatcher'
19:22:23    Sequencer      INFO      <- InputTracks 'ckf_tracks':
19:22:23    Sequencer      INFO            TrackContainer<ConstVectorTrackContainer, ConstVectorMultiTrajectory, shared_ptr>
19:22:23    Sequencer      INFO      <- InputParticles 'particles_selected':
19:22:23    Sequencer      INFO         flat_set<SimParticle, detail::CompareParticleId, void>
19:22:23    Sequencer      INFO      <- InputMeasurementParticlesMap 'measurement_particles_map':
19:22:23    Sequencer      INFO         flat_multimap<unsigned int, Barcode, less<unsigned int>, void>
19:22:23    Sequencer      INFO      -> OutputTrackParticleMatching 'ckf_track_particle_matching':
19:22:23    Sequencer      INFO            map<unsigned int, TrackMatchEntry, less<unsigned int>, allocator<pair<unsigned int const, TrackMatchEntry>>>
19:22:23    Sequencer      INFO      -> OutputParticleTrackMatching 'ckf_particle_track_matching':
19:22:23    Sequencer      INFO            map<Barcode, ParticleMatchEntry, less<Barcode>, allocator<pair<Barcode const, ParticleMatchEntry>>>
19:22:23    Sequencer      INFO      Key 'ckf_track_particle_matching' aliased to 'track_particle_matching'
19:22:23    Sequencer      INFO      Key 'ckf_particle_track_matching' aliased to 'particle_track_matching'
19:22:23    Sequencer      INFO      Add Writer 'RootTrackSummaryWriter'
19:22:23    Sequencer      INFO      <- InputHandle 'ckf_tracks':
19:22:23    Sequencer      INFO            TrackContainer<ConstVectorTrackContainer, ConstVectorMultiTrajectory, shared_ptr>
19:22:23    Sequencer      INFO      <- InputParticles 'particles_selected':
19:22:23    Sequencer      INFO         flat_set<SimParticle, detail::CompareParticleId, void>
19:22:23    Sequencer      INFO      <- InputTrackParticleMatching 'track_particle_matching':
19:22:23    Sequencer      INFO            map<unsigned int, TrackMatchEntry, less<unsigned int>, allocator<pair<unsigned int const, TrackMatchEntry>>>
19:22:23    Sequencer      INFO      Add Writer 'RootTrackParameterPerformanceWriter'
19:22:23    Sequencer      INFO      <- InputHandle 'ckf_tracks':
19:22:23    Sequencer      INFO            TrackContainer<ConstVectorTrackContainer, ConstVectorMultiTrajectory, shared_ptr>
19:22:23    Sequencer      INFO      <- InputParticles 'particles_selected':
19:22:23    Sequencer      INFO         flat_set<SimParticle, detail::CompareParticleId, void>
19:22:23    Sequencer      INFO      <- InputTrackParticleMatching 'track_particle_matching':
19:22:23    Sequencer      INFO            map<unsigned int, TrackMatchEntry, less<unsigned int>, allocator<pair<unsigned int const, TrackMatchEntry>>>
19:22:23    Sequencer      INFO      Add Writer 'RootPatternRecognitionPerformanceWriter'
19:22:23    Sequencer      INFO      <- InputHandle 'ckf_tracks':
19:22:23    Sequencer      INFO            TrackContainer<ConstVectorTrackContainer, ConstVectorMultiTrajectory, shared_ptr>
19:22:23    Sequencer      INFO      <- InputParticles 'particles_selected':
19:22:23    Sequencer      INFO         flat_set<SimParticle, detail::CompareParticleId, void>
19:22:23    Sequencer      INFO      <- InputTrackParticleMatching 'track_particle_matching':
19:22:23    Sequencer      INFO            map<unsigned int, TrackMatchEntry, less<unsigned int>, allocator<pair<unsigned int const, TrackMatchEntry>>>
19:22:23    Sequencer      INFO      <- InputParticleTrackMatching 'particle_track_matching':
19:22:23    Sequencer      INFO            map<Barcode, ParticleMatchEntry, less<Barcode>, allocator<pair<Barcode const, ParticleMatchEntry>>>
19:22:23    Sequencer      INFO      <- InputParticleMeasurementsMap 'particle_measurements_map':
19:22:23    Sequencer      INFO         flat_multimap<Barcode, unsigned int, less<Barcode>, void>
19:22:23    Sequencer      INFO      Processing events [0, 200)
19:22:23    Sequencer      INFO      Starting event loop with 1 threads
19:22:23    Sequencer      INFO        0 context decorators
19:22:23    Sequencer      INFO        18 sequence elements
19:22:23    Sequencer      INFO        1 readers
19:22:23    Sequencer      INFO        12 algorithms
19:22:23    Sequencer      INFO        5 writers
19:22:23    Sequencer      INFO      100 / 200 events processed
19:22:23    Sequencer      INFO      200 / 200 events processed
19:22:23    RootPatternR   INFO      Efficiency with seeds (nMatchedseeds/nAllseeds) = 0.99821
19:22:23    RootPatternR   INFO      Fake ratio with seeds (nFakeseeds/nAllseeds) = 0
19:22:23    RootPatternR   INFO      Duplicate ratio with seeds (nDuplicateseeds/nAllseeds) = 0.778466
19:22:23    RootPatternR   INFO      Efficiency with particles (nMatchedParticles/nTrueParticles) = 1
19:22:23    RootPatternR   INFO      Fake ratio with particles (nFakeParticles/nTrueParticles) = 0
19:22:23    RootPatternR   INFO      Duplicate ratio with particles (nDuplicateParticles/nTrueParticles) = 0.967419
19:22:23    RootPatternR   INFO      Wrote performance plots to 'output/rel-muon-ckf/performance_seeding.root:/'
19:22:23    RootTrackPar   INFO      Wrote estimated parameters from seed to tree 'estimatedparams' in 'output/rel-muon-ckf/estimatedparams.root'
19:22:23    TrackFinding   INFO      TrackFindingAlgorithm statistics:
19:22:23    TrackFinding   INFO      - total seeds: 7263
19:22:23    TrackFinding   INFO      - deduplicated seeds: 0
19:22:23    TrackFinding   INFO      - failed seeds: 0
19:22:23    TrackFinding   INFO      - failed smoothing: 0
19:22:23    TrackFinding   INFO      - failed extrapolation: 0
19:22:23    TrackFinding   INFO      - failure ratio seeds: 0
19:22:23    TrackFinding   INFO      - found tracks: 7263
19:22:23    TrackFinding   INFO      - selected tracks: 7244
19:22:23    TrackFinding   INFO      - stopped branches: 0
19:22:23    TrackFinding   INFO      - skipped second pass: 0
19:22:23    RootTrackSum   INFO      Wrote parameters of tracks to tree 'tracksummary' in 'output/rel-muon-ckf/tracksummary_ckf.root'
19:22:23    RootTrackPar   INFO      === Track Parameter Performance Summary ===
19:22:23    RootTrackPar   INFO      Total tracks: 7244
19:22:23    RootTrackPar   INFO      Total matched tracks: 1595
19:22:23    RootTrackPar   INFO      Total particles: 1596
19:22:23    RootTrackPar   INFO      Total matched particles: 1595
19:22:23    RootTrackPar   INFO      Track efficiency: 22.0182%
Warning in <Fit>: Fit data is empty 
Warning in <Fit>: Fit data is empty 
Warning in <Fit>: Fit data is empty 
Warning in <Fit>: Fit data is empty 
Warning in <Fit>: Fit data is empty 
Warning in <Fit>: Fit data is empty 
Warning in <Fit>: Fit data is empty 
Warning in <Fit>: Fit data is empty 
Warning in <Fit>: Fit data is empty 
Warning in <Fit>: Fit data is empty 
Warning in <Fit>: Fit data is empty 
Warning in <Fit>: Fit data is empty 
Warning in <Fit>: Fit data is empty 
Warning in <Fit>: Fit data is empty 
Warning in <Fit>: Fit data is empty 
Warning in <Fit>: Fit data is empty 
Warning in <Fit>: Fit data is empty 
Warning in <Fit>: Fit data is empty 
Warning in <Fit>: Fit data is empty 
Warning in <Fit>: Fit data is empty 
Warning in <Fit>: Fit data is empty 
Warning in <Fit>: Fit data is empty 
Warning in <Fit>: Fit data is empty 
Warning in <Fit>: Fit data is empty 
Warning in <Fit>: Fit data is empty 
Warning in <Fit>: Fit data is empty 
Warning in <Fit>: Fit data is empty 
Warning in <Fit>: Fit data is empty 
Warning in <Fit>: Fit data is empty 
Warning in <Fit>: Fit data is empty 
Warning in <Fit>: Fit data is empty 
Warning in <Fit>: Fit data is empty 
Warning in <Fit>: Fit data is empty 
Warning in <Fit>: Fit data is empty 
Warning in <Fit>: Fit data is empty 
Warning in <Fit>: Fit data is empty 
Warning in <Fit>: Fit data is empty 
Warning in <Fit>: Fit data is empty 
Warning in <Fit>: Fit data is empty 
Warning in <Fit>: Fit data is empty 
Warning in <Fit>: Fit data is empty 
Warning in <Fit>: Fit data is empty 
Warning in <Fit>: Fit data is empty 
Warning in <Fit>: Fit data is empty 
Warning in <Fit>: Fit data is empty 
Warning in <Fit>: Fit data is empty 
Warning in <ROOT::Fit::FillData>: fit range is outside histogram range, no fit data for xaxis
Warning in <Fit>: Fit data is empty 
Warning in <Fit>: Fit data is empty 
Warning in <Fit>: Fit data is empty 
Warning in <Fit>: Fit data is empty 
Warning in <Fit>: Fit data is empty 
Warning in <Fit>: Fit data is empty 
Warning in <Fit>: Fit data is empty 
Warning in <Fit>: Fit data is empty 
Warning in <Fit>: Fit data is empty 
Warning in <ROOT::Fit::FillData>: fit range is outside histogram range, no fit data for xaxis
Warning in <Fit>: Fit data is empty 
Warning in <Fit>: Fit data is empty 
Warning in <Fit>: Fit data is empty 
Warning in <Fit>: Fit data is empty 
Warning in <ROOT::Fit::FillData>: fit range is outside histogram range, no fit data for xaxis
Warning in <Fit>: Fit data is empty 
Warning in <Fit>: Fit data is empty 
Warning in <Fit>: Fit data is empty 
Warning in <Fit>: Fit data is empty 
Warning in <Fit>: Fit data is empty 
Warning in <Fit>: Fit data is empty 
Warning in <Fit>: Fit data is empty 
Warning in <Fit>: Fit data is empty 
Warning in <Fit>: Fit data is empty 
Warning in <Fit>: Fit data is empty 
Warning in <Fit>: Fit data is empty 
Warning in <Fit>: Fit data is empty 
Warning in <Fit>: Fit data is empty 
Warning in <Fit>: Fit data is empty 
Warning in <Fit>: Fit data is empty 
Warning in <Fit>: Fit data is empty 
Warning in <Fit>: Fit data is empty 
Warning in <Fit>: Fit data is empty 
Warning in <Fit>: Fit data is empty 
Warning in <Fit>: Fit data is empty 
Warning in <Fit>: Fit data is empty 
Warning in <Fit>: Fit data is empty 
Warning in <Fit>: Fit data is empty 
Warning in <Fit>: Fit data is empty 
Warning in <Fit>: Fit data is empty 
Warning in <Fit>: Fit data is empty 
Warning in <Fit>: Fit data is empty 
Warning in <Fit>: Fit data is empty 
Warning in <Fit>: Fit data is empty 
Warning in <Fit>: Fit data is empty 
Warning in <Fit>: Fit data is empty 
Warning in <Fit>: Fit data is empty 
Warning in <Fit>: Fit data is empty 
Warning in <Fit>: Fit data is empty 
Warning in <Fit>: Fit data is empty 
Warning in <Fit>: Fit data is empty 
Warning in <Fit>: Fit data is empty 
Warning in <Fit>: Fit data is empty 
Warning in <Fit>: Fit data is empty 
Warning in <Fit>: Fit data is empty 
Warning in <Fit>: Fit data is empty 
Warning in <Fit>: Fit data is empty 
Warning in <Fit>: Fit data is empty 
Warning in <Fit>: Fit data is empty 
Warning in <Fit>: Fit data is empty 
Warning in <Fit>: Fit data is empty 
Warning in <Fit>: Fit data is empty 
Warning in <Fit>: Fit data is empty 
Warning in <Fit>: Fit data is empty 
Warning in <Fit>: Fit data is empty 
Warning in <Fit>: Fit data is empty 
Warning in <Fit>: Fit data is empty 
Warning in <Fit>: Fit data is empty 
Warning in <Fit>: Fit data is empty 
Warning in <Fit>: Fit data is empty 
Warning in <Fit>: Fit data is empty 
Warning in <Fit>: Fit data is empty 
Warning in <Fit>: Fit data is empty 
Warning in <Fit>: Fit data is empty 
Warning in <ROOT::Fit::FillData>: fit range is outside histogram range, no fit data for xaxis
Warning in <Fit>: Fit data is empty 
Warning in <Fit>: Fit data is empty 
Warning in <Fit>: Fit data is empty 
Warning in <Fit>: Fit data is empty 
Warning in <Fit>: Fit data is empty 
Warning in <Fit>: Fit data is empty 
Warning in <Fit>: Fit data is empty 
Warning in <Fit>: Fit data is empty 
Warning in <Fit>: Fit data is empty 
19:22:26    RootTrackPar   INFO      Wrote performance plots to 'output/rel-muon-ckf/performance_fitting_ckf.root:/'
19:22:26    RootPatternR   INFO      Efficiency with tracks (nMatchedtracks/nAlltracks) = 0.998205
19:22:26    RootPatternR   INFO      Fake ratio with tracks (nFaketracks/nAlltracks) = 0
19:22:26    RootPatternR   INFO      Duplicate ratio with tracks (nDuplicatetracks/nAlltracks) = 0.778023
19:22:26    RootPatternR   INFO      Efficiency with particles (nMatchedParticles/nTrueParticles) = 0.999373
19:22:26    RootPatternR   INFO      Fake ratio with particles (nFakeParticles/nTrueParticles) = 0
19:22:26    RootPatternR   INFO      Duplicate ratio with particles (nDuplicateParticles/nTrueParticles) = 0.966792
19:22:26    RootPatternR   INFO      Wrote performance plots to 'output/rel-muon-ckf/performance_finding_ckf.root:/'
19:22:26    Sequencer      INFO      No unmasked FPEs encountered
19:22:26    Sequencer      INFO      Processed 200 events in 2.993198 s (wall clock)
19:22:26    Sequencer      INFO      Average time per event: 2.610475 ms/event
19:22:26    Sequencer      INFO      Timing breakdown:
| Algorithm                                      | Total Time (ms) | Time/Event (ms) | Fraction |
|:-----------------------------------------------|----------------:|----------------:|---------:|
| Algorithm:TrackFindingAlgorithm                |          376.54 |            1.88 |    72.1% |
| Algorithm:FatrasSimulation                     |           36.17 |            0.18 |     6.9% |
| Writer:RootTrackParameterPerformanceWriter     |           24.98 |            0.12 |     4.8% |
| Algorithm:DigitizationAlgorithm                |           20.91 |            0.10 |     4.0% |
| Writer:RootTrackSummaryWriter                  |           16.20 |            0.08 |     3.1% |
| Writer:RootPatternRecognitionPerformanceWriter |            8.73 |            0.04 |     1.7% |
| Writer:RootPatternRecognitionPerformanceWriter |            8.18 |            0.04 |     1.6% |
| Writer:RootTrackParameterWriter                |            7.08 |            0.04 |     1.4% |
| Algorithm:GridTripletSeedingAlgorithm          |            5.71 |            0.03 |     1.1% |
| Algorithm:TrackParamsEstimationAlgorithm       |            4.93 |            0.02 |     0.9% |
| Algorithm:TrackTruthMatcher                    |            2.67 |            0.01 |     0.5% |
| Reader:EventGenerator                          |            2.66 |            0.01 |     0.5% |
| Algorithm:SpacePointMaker                      |            2.22 |            0.01 |     0.4% |
| Algorithm:SeedsToTracks                        |            1.91 |            0.01 |     0.4% |
| Algorithm:TrackTruthMatcher                    |            1.78 |            0.01 |     0.3% |
| Algorithm:HepMC3InputConverter                 |            0.93 |            0.00 |     0.2% |
| Algorithm:ParticleSelector                     |            0.32 |            0.00 |     0.1% |
| Algorithm:SeedsToProtoTracks                   |            0.17 |            0.00 |     0.0% |
| TOTAL                                          |          522.10 |            2.61 |   100.0% |

