20:31:18    GenericDetec   INFO      Building tracking geometry
20:31:18    GenericDetec   INFO      Building tracking geometry for Generic Detector in Gen1 mode
20:31:18    GenericDetec   INFO      Tracking geometry built
20:31:19    Sequencer      INFO      Create Sequencer (single-threaded)
20:31:19    Sequencer      INFO      Add Reader 'EventGenerator'
20:31:19    Sequencer      INFO      -> OutputEvent 'particle_gun_event':
20:31:19    Sequencer      INFO         shared_ptr<HepMC3::GenEvent>
20:31:19    Sequencer      INFO      Add Algorithm 'HepMC3InputConverter'
20:31:19    Sequencer      INFO      <- InputEvent 'particle_gun_event':
20:31:19    Sequencer      INFO         shared_ptr<HepMC3::GenEvent>
20:31:19    Sequencer      INFO      -> OutputParticles 'particles_generated':
20:31:19    Sequencer      INFO         flat_set<SimParticle, detail::CompareParticleId, void>
20:31:19    Sequencer      INFO      -> OutputVertices 'vertices_generated':
20:31:19    Sequencer      INFO         flat_set<SimVertex, detail::CompareVertexId, void>
20:31:19    Sequencer      INFO      Key 'particles_generated' aliased to 'particles'
20:31:19    Sequencer      INFO      Key 'vertices_generated' aliased to 'vertices_truth'
20:31:19    Sequencer      INFO      Key 'particles_generated' aliased to 'particles_generated_selected'
20:31:19    Sequencer      INFO      Add Algorithm 'FatrasSimulation'
20:31:19    Sequencer      INFO      <- InputParticles 'particles_generated_selected':
20:31:19    Sequencer      INFO         flat_set<SimParticle, detail::CompareParticleId, void>
20:31:19    Sequencer      INFO      -> OutputSimHits 'simhits':
20:31:19    Sequencer      INFO         flat_multiset<Hit, detail::CompareGeometryId, void>
20:31:19    Sequencer      INFO      -> OutputParticles 'particles_simulated':
20:31:19    Sequencer      INFO         flat_set<SimParticle, detail::CompareParticleId, void>
20:31:19    Sequencer      INFO      Key 'particles_simulated' aliased to 'particles'
20:31:19    Sequencer      INFO      Key 'particles_simulated' aliased to 'particles_simulated_selected'
20:31:19    Sequencer      INFO      Add Algorithm 'DigitizationAlgorithm'
20:31:19    Sequencer      INFO      <- InputHits 'simhits':
20:31:19    Sequencer      INFO         flat_multiset<Hit, detail::CompareGeometryId, void>
20:31:19    Sequencer      INFO      -> OutputMeasurements 'measurements':
20:31:19    Sequencer      INFO         MeasurementContainer
20:31:19    Sequencer      INFO      -> OutputMeasurementSubset 'measurement_subset':
20:31:19    Sequencer      INFO         MeasurementSubset
20:31:19    Sequencer      INFO      -> OutputClusters 'clusters':
20:31:19    Sequencer      INFO         vector<Cluster>
20:31:19    Sequencer      INFO      -> OutputMeasurementParticlesMap 'measurement_particles_map':
20:31:19    Sequencer      INFO         flat_multimap<unsigned int, Barcode, less<unsigned int>, void>
20:31:19    Sequencer      INFO      -> OutputMeasurementSimHitsMap 'measurement_simhits_map':
20:31:19    Sequencer      INFO         flat_multimap<unsigned int, unsigned int, less<unsigned int>, void>
20:31:19    Sequencer      INFO      -> OutputParticleMeasurementsMap 'particle_measurements_map':
20:31:19    Sequencer      INFO         flat_multimap<Barcode, unsigned int, less<Barcode>, void>
20:31:19    Sequencer      INFO      -> OutputSimHitMeasurementsMap 'simhit_measurements_map':
20:31:19    Sequencer      INFO         flat_multimap<unsigned int, unsigned int, less<unsigned int>, void>
20:31:19    Sequencer      INFO      Add Algorithm 'ParticleSelector'
20:31:19    Sequencer      INFO      <- InputParticles 'particles_simulated_selected':
20:31:19    Sequencer      INFO         flat_set<SimParticle, detail::CompareParticleId, void>
20:31:19    Sequencer      INFO      <- InputParticleMeasurementsMap 'particle_measurements_map':
20:31:19    Sequencer      INFO         flat_multimap<Barcode, unsigned int, less<Barcode>, void>
20:31:19    Sequencer      INFO      <- InputMeasurements 'measurements':
20:31:19    Sequencer      INFO         MeasurementContainer
20:31:19    Sequencer      INFO      -> OutputParticles 'tmp_particles_digitized_selected':
20:31:19    Sequencer      INFO         flat_set<SimParticle, detail::CompareParticleId, void>
20:31:19    Sequencer      INFO      Key 'tmp_particles_digitized_selected' aliased to 'particles_selected'
20:31:19    Sequencer      INFO      Key 'tmp_particles_digitized_selected' aliased to 'particles_digitized_selected'
20:31:19    Sequencer      INFO      Add Algorithm 'SpacePointMaker'
20:31:19    Sequencer      INFO      <- InputMeasurements 'measurement_subset':
20:31:19    Sequencer      INFO         MeasurementSubset
20:31:19    Sequencer      INFO      -> OutputSpacePoints 'spacepoints':
20:31:19    Sequencer      INFO         SpacePointContainer
20:31:19    addSeeding     INFO      Using grid triplet seeding
20:31:19    Sequencer      INFO      Add Algorithm 'GridTripletSeedingAlgorithm'
20:31:19    Sequencer      INFO      <- InputSpacePoints 'spacepoints':
20:31:19    Sequencer      INFO         SpacePointContainer
20:31:19    Sequencer      INFO      -> OutputSeeds 'seeds':
20:31:19    Sequencer      INFO         SeedContainer
20:31:19    Sequencer      INFO      Add Algorithm 'TrackParamsEstimationAlgorithm'
20:31:19    Sequencer      INFO      <- InputSeeds 'seeds':
20:31:19    Sequencer      INFO         SeedContainer
20:31:19    Sequencer      INFO      -> OutputTrackParameters 'estimatedparameters':
20:31:19    Sequencer      INFO         vector<BoundTrackParameters>
20:31:19    Sequencer      INFO      -> OutputSeeds 'estimatedseeds':
20:31:19    Sequencer      INFO         SeedContainer
20:31:19    Sequencer      INFO      Add Algorithm 'SeedsToProtoTracks'
20:31:19    Sequencer      INFO      <- InputSeeds 'estimatedseeds':
20:31:19    Sequencer      INFO         SeedContainer
20:31:19    Sequencer      INFO      -> OutputProtoTracks 'seed-protoTracks':
20:31:19    Sequencer      INFO         vector<small_vector<unsigned int, 3ul, void, void>>
20:31:19    Sequencer      INFO      Add Algorithm 'SeedsToTracks'
20:31:19    Sequencer      INFO      <- InputSeeds 'estimatedseeds':
20:31:19    Sequencer      INFO         SeedContainer
20:31:19    Sequencer      INFO      <- InputTrackParameters 'estimatedparameters':
20:31:19    Sequencer      INFO         vector<BoundTrackParameters>
20:31:19    Sequencer      INFO      -> OutputTracks 'seed-tracks':
20:31:19    Sequencer      INFO            TrackContainer<ConstVectorTrackContainer, ConstVectorMultiTrajectory, shared_ptr>
20:31:19    Sequencer      INFO      Add Algorithm 'TrackTruthMatcher'
20:31:19    Sequencer      INFO      <- InputTracks 'seed-tracks':
20:31:19    Sequencer      INFO            TrackContainer<ConstVectorTrackContainer, ConstVectorMultiTrajectory, shared_ptr>
20:31:19    Sequencer      INFO      <- InputParticles 'particles_selected':
20:31:19    Sequencer      INFO         flat_set<SimParticle, detail::CompareParticleId, void>
20:31:19    Sequencer      INFO      <- InputMeasurementParticlesMap 'measurement_particles_map':
20:31:19    Sequencer      INFO         flat_multimap<unsigned int, Barcode, less<unsigned int>, void>
20:31:19    Sequencer      INFO      -> OutputTrackParticleMatching 'seed_particle_matching':
20:31:19    Sequencer      INFO            map<unsigned int, TrackMatchEntry, less<unsigned int>, allocator<pair<unsigned int const, TrackMatchEntry>>>
20:31:19    Sequencer      INFO      -> OutputParticleTrackMatching 'particle_seed_matching':
20:31:19    Sequencer      INFO            map<Barcode, ParticleMatchEntry, less<Barcode>, allocator<pair<Barcode const, ParticleMatchEntry>>>
20:31:21    Sequencer      INFO      Add Writer 'RootPatternRecognitionPerformanceWriter'
20:31:21    Sequencer      INFO      <- InputHandle 'seed-tracks':
20:31:21    Sequencer      INFO            TrackContainer<ConstVectorTrackContainer, ConstVectorMultiTrajectory, shared_ptr>
20:31:21    Sequencer      INFO      <- InputParticles 'particles_selected':
20:31:21    Sequencer      INFO         flat_set<SimParticle, detail::CompareParticleId, void>
20:31:21    Sequencer      INFO      <- InputTrackParticleMatching 'seed_particle_matching':
20:31:21    Sequencer      INFO            map<unsigned int, TrackMatchEntry, less<unsigned int>, allocator<pair<unsigned int const, TrackMatchEntry>>>
20:31:21    Sequencer      INFO      <- InputParticleTrackMatching 'particle_seed_matching':
20:31:21    Sequencer      INFO            map<Barcode, ParticleMatchEntry, less<Barcode>, allocator<pair<Barcode const, ParticleMatchEntry>>>
20:31:21    Sequencer      INFO      <- InputParticleMeasurementsMap 'particle_measurements_map':
20:31:21    Sequencer      INFO         flat_multimap<Barcode, unsigned int, less<Barcode>, void>
20:31:21    Sequencer      INFO      Add Writer 'RootTrackParameterWriter'
20:31:21    Sequencer      INFO      <- InputHandle 'estimatedparameters':
20:31:21    Sequencer      INFO         vector<BoundTrackParameters>
20:31:21    Sequencer      INFO      <- InputProtoTracks 'seed-protoTracks':
20:31:21    Sequencer      INFO         vector<small_vector<unsigned int, 3ul, void, void>>
20:31:21    Sequencer      INFO      <- InputParticles 'particles':
20:31:21    Sequencer      INFO         flat_set<SimParticle, detail::CompareParticleId, void>
20:31:21    Sequencer      INFO      <- InputSimHits 'simhits':
20:31:21    Sequencer      INFO         flat_multiset<Hit, detail::CompareGeometryId, void>
20:31:21    Sequencer      INFO      <- InputMeasurementParticlesMap 'measurement_particles_map':
20:31:21    Sequencer      INFO         flat_multimap<unsigned int, Barcode, less<unsigned int>, void>
20:31:21    Sequencer      INFO      <- InputMeasurementSimHitsMap 'measurement_simhits_map':
20:31:21    Sequencer      INFO         flat_multimap<unsigned int, unsigned int, less<unsigned int>, void>
20:31:21    RzTrackFindi   INFO      RZ layout: 22 cylinders, 82 discs, 48 sensitive layers, 18728 modules, escape r 1028.54 |z| 3001
20:31:21    Sequencer      INFO      Add Algorithm 'RzTrackFindingAlgorithm'
20:31:21    Sequencer      INFO      <- InputMeasurements 'measurements':
20:31:21    Sequencer      INFO         MeasurementContainer
20:31:21    Sequencer      INFO      <- InputInitialTrackParameters 'estimatedparameters':
20:31:21    Sequencer      INFO         vector<BoundTrackParameters>
20:31:21    Sequencer      INFO      -> OutputTracks 'rz_tracks':
20:31:21    Sequencer      INFO            TrackContainer<ConstVectorTrackContainer, ConstVectorMultiTrajectory, shared_ptr>
20:31:21    Sequencer      INFO      Add Algorithm 'TrackTruthMatcher'
20:31:21    Sequencer      INFO      <- InputTracks 'rz_tracks':
20:31:21    Sequencer      INFO            TrackContainer<ConstVectorTrackContainer, ConstVectorMultiTrajectory, shared_ptr>
20:31:21    Sequencer      INFO      <- InputParticles 'particles_selected':
20:31:21    Sequencer      INFO         flat_set<SimParticle, detail::CompareParticleId, void>
20:31:21    Sequencer      INFO      <- InputMeasurementParticlesMap 'measurement_particles_map':
20:31:21    Sequencer      INFO         flat_multimap<unsigned int, Barcode, less<unsigned int>, void>
20:31:21    Sequencer      INFO      -> OutputTrackParticleMatching 'rz_track_particle_matching':
20:31:21    Sequencer      INFO            map<unsigned int, TrackMatchEntry, less<unsigned int>, allocator<pair<unsigned int const, TrackMatchEntry>>>
20:31:21    Sequencer      INFO      -> OutputParticleTrackMatching 'rz_particle_track_matching':
20:31:21    Sequencer      INFO            map<Barcode, ParticleMatchEntry, less<Barcode>, allocator<pair<Barcode const, ParticleMatchEntry>>>
20:31:21    Sequencer      INFO      Key 'rz_track_particle_matching' aliased to 'track_particle_matching'
20:31:21    Sequencer      INFO      Key 'rz_particle_track_matching' aliased to 'particle_track_matching'
20:31:21    Sequencer      INFO      Add Writer 'RootTrackSummaryWriter'
20:31:21    Sequencer      INFO      <- InputHandle 'rz_tracks':
20:31:21    Sequencer      INFO            TrackContainer<ConstVectorTrackContainer, ConstVectorMultiTrajectory, shared_ptr>
20:31:21    Sequencer      INFO      <- InputParticles 'particles_selected':
20:31:21    Sequencer      INFO         flat_set<SimParticle, detail::CompareParticleId, void>
20:31:21    Sequencer      INFO      <- InputTrackParticleMatching 'track_particle_matching':
20:31:21    Sequencer      INFO            map<unsigned int, TrackMatchEntry, less<unsigned int>, allocator<pair<unsigned int const, TrackMatchEntry>>>
20:31:21    Sequencer      INFO      Add Writer 'RootTrackParameterPerformanceWriter'
20:31:21    Sequencer      INFO      <- InputHandle 'rz_tracks':
20:31:21    Sequencer      INFO            TrackContainer<ConstVectorTrackContainer, ConstVectorMultiTrajectory, shared_ptr>
20:31:21    Sequencer      INFO      <- InputParticles 'particles_selected':
20:31:21    Sequencer      INFO         flat_set<SimParticle, detail::CompareParticleId, void>
20:31:21    Sequencer      INFO      <- InputTrackParticleMatching 'track_particle_matching':
20:31:21    Sequencer      INFO            map<unsigned int, TrackMatchEntry, less<unsigned int>, allocator<pair<unsigned int const, TrackMatchEntry>>>
20:31:21    Sequencer      INFO      Add Writer 'RootPatternRecognitionPerformanceWriter'
20:31:21    Sequencer      INFO      <- InputHandle 'rz_tracks':
20:31:21    Sequencer      INFO            TrackContainer<ConstVectorTrackContainer, ConstVectorMultiTrajectory, shared_ptr>
20:31:21    Sequencer      INFO      <- InputParticles 'particles_selected':
20:31:21    Sequencer      INFO         flat_set<SimParticle, detail::CompareParticleId, void>
20:31:21    Sequencer      INFO      <- InputTrackParticleMatching 'track_particle_matching':
20:31:21    Sequencer      INFO            map<unsigned int, TrackMatchEntry, less<unsigned int>, allocator<pair<unsigned int const, TrackMatchEntry>>>
20:31:21    Sequencer      INFO      <- InputParticleTrackMatching 'particle_track_matching':
20:31:21    Sequencer      INFO            map<Barcode, ParticleMatchEntry, less<Barcode>, allocator<pair<Barcode const, ParticleMatchEntry>>>
20:31:21    Sequencer      INFO      <- InputParticleMeasurementsMap 'particle_measurements_map':
20:31:21    Sequencer      INFO         flat_multimap<Barcode, unsigned int, less<Barcode>, void>
20:31:21    Sequencer      INFO      Processing events [0, 200)
20:31:21    Sequencer      INFO      Starting event loop with 1 threads
20:31:21    Sequencer      INFO        0 context decorators
20:31:21    Sequencer      INFO        18 sequence elements
20:31:21    Sequencer      INFO        1 readers
20:31:21    Sequencer      INFO        12 algorithms
20:31:21    Sequencer      INFO        5 writers
20:31:21    Sequencer      INFO      100 / 200 events processed
20:31:22    Sequencer      INFO      200 / 200 events processed
20:31:22    RootPatternR   INFO      Efficiency with seeds (nMatchedseeds/nAllseeds) = 0.99821
20:31:22    RootPatternR   INFO      Fake ratio with seeds (nFakeseeds/nAllseeds) = 0
20:31:22    RootPatternR   INFO      Duplicate ratio with seeds (nDuplicateseeds/nAllseeds) = 0.778466
20:31:22    RootPatternR   INFO      Efficiency with particles (nMatchedParticles/nTrueParticles) = 1
20:31:22    RootPatternR   INFO      Fake ratio with particles (nFakeParticles/nTrueParticles) = 0
20:31:22    RootPatternR   INFO      Duplicate ratio with particles (nDuplicateParticles/nTrueParticles) = 0.967419
20:31:22    RootPatternR   INFO      Wrote performance plots to 'output/v-base4-muon/performance_seeding.root:/'
20:31:22    RootTrackPar   INFO      Wrote estimated parameters from seed to tree 'estimatedparams' in 'output/v-base4-muon/estimatedparams.root'
20:31:22    RzTrackFindi   INFO      RzTrackFinding: 7263 seeds, 7244 tracks, 21.1022 stops and 14.4679 candidates per seed, 11.9564 measurements and 0.0329928 holes per track, 0 backward pass failures
20:31:22    RootTrackSum   INFO      Wrote parameters of tracks to tree 'tracksummary' in 'output/v-base4-muon/tracksummary_rz.root'
20:31:22    RootTrackPar   INFO      === Track Parameter Performance Summary ===
20:31:22    RootTrackPar   INFO      Total tracks: 7244
20:31:22    RootTrackPar   INFO      Total matched tracks: 1595
20:31:22    RootTrackPar   INFO      Total particles: 1596
20:31:22    RootTrackPar   INFO      Total matched particles: 1595
20:31:22    RootTrackPar   INFO      Track efficiency: 22.0182%
Warning in <Fit>: Fit data is empty 
Warning in <Fit>: Fit data is empty 
Warning in <Fit>: Fit data is empty 
Warning in <Fit>: Fit data is empty 
Warning in <Fit>: Fit data is empty 
Warning in <Fit>: Fit data is empty 
Warning in <Fit>: Fit data is empty 
Warning in <Fit>: Fit data is empty 
Warning in <Fit>: Fit data is empty 
Warning in <Fit>: Fit data is empty 
Warning in <Fit>: Fit data is empty 
Warning in <Fit>: Fit data is empty 
Warning in <Fit>: Fit data is empty 
Warning in <Fit>: Fit data is empty 
Warning in <Fit>: Fit data is empty 
Warning in <Fit>: Fit data is empty 
Warning in <Fit>: Fit data is empty 
Warning in <Fit>: Fit data is empty 
Warning in <Fit>: Fit data is empty 
Warning in <Fit>: Fit data is empty 
Warning in <Fit>: Fit data is empty 
Warning in <Fit>: Fit data is empty 
Warning in <Fit>: Fit data is empty 
Warning in <Fit>: Fit data is empty 
Warning in <Fit>: Fit data is empty 
Warning in <Fit>: Fit data is empty 
Warning in <Fit>: Fit data is empty 
Warning in <Fit>: Fit data is empty 
Warning in <Fit>: Fit data is empty 
Warning in <Fit>: Fit data is empty 
Warning in <Fit>: Fit data is empty 
Warning in <Fit>: Fit data is empty 
Warning in <Fit>: Fit data is empty 
Warning in <Fit>: Fit data is empty 
Warning in <Fit>: Fit data is empty 
Warning in <Fit>: Fit data is empty 
Warning in <Fit>: Fit data is empty 
Warning in <Fit>: Fit data is empty 
Warning in <ROOT::Fit::FillData>: fit range is outside histogram range, no fit data for xaxis
Warning in <Fit>: Fit data is empty 
Warning in <Fit>: Fit data is empty 
Warning in <Fit>: Fit data is empty 
Warning in <Fit>: Fit data is empty 
Warning in <Fit>: Fit data is empty 
Warning in <Fit>: Fit data is empty 
Warning in <Fit>: Fit data is empty 
Warning in <Fit>: Fit data is empty 
Warning in <Fit>: Fit data is empty 
Warning in <Fit>: Fit data is empty 
Warning in <ROOT::Fit::FillData>: fit range is outside histogram range, no fit data for xaxis
Warning in <Fit>: Fit data is empty 
Warning in <Fit>: Fit data is empty 
Warning in <Fit>: Fit data is empty 
Warning in <ROOT::Fit::FillData>: fit range is outside histogram range, no fit data for xaxis
Warning in <Fit>: Fit data is empty 
Warning in <Fit>: Fit data is empty 
Warning in <ROOT::Fit::FillData>: fit range is outside histogram range, no fit data for xaxis
Warning in <Fit>: Fit data is empty 
Warning in <ROOT::Fit::FillData>: fit range is outside histogram range, no fit data for xaxis
Warning in <Fit>: Fit data is empty 
Warning in <Fit>: Fit data is empty 
Warning in <Fit>: Fit data is empty 
Warning in <Fit>: Fit data is empty 
Warning in <Fit>: Fit data is empty 
Warning in <Fit>: Fit data is empty 
Warning in <ROOT::Fit::FillData>: fit range is outside histogram range, no fit data for xaxis
Warning in <Fit>: Fit data is empty 
Warning in <Fit>: Fit data is empty 
Warning in <Fit>: Fit data is empty 
Warning in <Fit>: Fit data is empty 
Warning in <Fit>: Fit data is empty 
Warning in <Fit>: Fit data is empty 
Warning in <Fit>: Fit data is empty 
Warning in <Fit>: Fit data is empty 
Warning in <ROOT::Fit::FillData>: fit range is outside histogram range, no fit data for xaxis
Warning in <Fit>: Fit data is empty 
Warning in <ROOT::Fit::FillData>: fit range is outside histogram range, no fit data for xaxis
Warning in <Fit>: Fit data is empty 
Warning in <Fit>: Fit data is empty 
Warning in <Fit>: Fit data is empty 
Warning in <Fit>: Fit data is empty 
Warning in <Fit>: Fit data is empty 
Warning in <Fit>: Fit data is empty 
Warning in <Fit>: Fit data is empty 
Warning in <Fit>: Fit data is empty 
Warning in <Fit>: Fit data is empty 
Warning in <Fit>: Fit data is empty 
Warning in <Fit>: Fit data is empty 
Warning in <ROOT::Fit::FillData>: fit range is outside histogram range, no fit data for xaxis
Warning in <Fit>: Fit data is empty 
Warning in <Fit>: Fit data is empty 
Warning in <Fit>: Fit data is empty 
Warning in <Fit>: Fit data is empty 
Warning in <ROOT::Fit::FillData>: fit range is outside histogram range, no fit data for xaxis
Warning in <Fit>: Fit data is empty 
Warning in <Fit>: Fit data is empty 
Warning in <Fit>: Fit data is empty 
Warning in <Fit>: Fit data is empty 
Warning in <Fit>: Fit data is empty 
Warning in <Fit>: Fit data is empty 
Warning in <Fit>: Fit data is empty 
Warning in <Fit>: Fit data is empty 
Warning in <Fit>: Fit data is empty 
Warning in <Fit>: Fit data is empty 
Warning in <ROOT::Fit::FillData>: fit range is outside histogram range, no fit data for xaxis
Warning in <Fit>: Fit data is empty 
Warning in <Fit>: Fit data is empty 
Warning in <Fit>: Fit data is empty 
Warning in <Fit>: Fit data is empty 
Warning in <Fit>: Fit data is empty 
Warning in <Fit>: Fit data is empty 
Warning in <Fit>: Fit data is empty 
Warning in <Fit>: Fit data is empty 
Warning in <Fit>: Fit data is empty 
Warning in <Fit>: Fit data is empty 
Warning in <ROOT::Fit::FillData>: fit range is outside histogram range, no fit data for xaxis
Warning in <Fit>: Fit data is empty 
Warning in <Fit>: Fit data is empty 
Warning in <Fit>: Fit data is empty 
Warning in <ROOT::Fit::FillData>: fit range is outside histogram range, no fit data for xaxis
Warning in <Fit>: Fit data is empty 
Warning in <Fit>: Fit data is empty 
Warning in <Fit>: Fit data is empty 
Warning in <ROOT::Fit::FillData>: fit range is outside histogram range, no fit data for xaxis
Warning in <Fit>: Fit data is empty 
Warning in <Fit>: Fit data is empty 
Warning in <Fit>: Fit data is empty 
Warning in <Fit>: Fit data is empty 
Warning in <Fit>: Fit data is empty 
Warning in <Fit>: Fit data is empty 
Warning in <Fit>: Fit data is empty 
Warning in <Fit>: Fit data is empty 
Warning in <Fit>: Fit data is empty 
Warning in <Fit>: Fit data is empty 
Warning in <ROOT::Fit::FillData>: fit range is outside histogram range, no fit data for xaxis
Warning in <Fit>: Fit data is empty 
Warning in <Fit>: Fit data is empty 
Warning in <Fit>: Fit data is empty 
Warning in <ROOT::Fit::FillData>: fit range is outside histogram range, no fit data for xaxis
Warning in <Fit>: Fit data is empty 
Warning in <Fit>: Fit data is empty 
Warning in <Fit>: Fit data is empty 
20:31:24    RootTrackPar   INFO      Wrote performance plots to 'output/v-base4-muon/performance_fitting_rz.root:/'
20:31:24    RootPatternR   INFO      Efficiency with tracks (nMatchedtracks/nAlltracks) = 0.998205
20:31:24    RootPatternR   INFO      Fake ratio with tracks (nFaketracks/nAlltracks) = 0
20:31:24    RootPatternR   INFO      Duplicate ratio with tracks (nDuplicatetracks/nAlltracks) = 0.778023
20:31:24    RootPatternR   INFO      Efficiency with particles (nMatchedParticles/nTrueParticles) = 0.999373
20:31:24    RootPatternR   INFO      Fake ratio with particles (nFakeParticles/nTrueParticles) = 0
20:31:24    RootPatternR   INFO      Duplicate ratio with particles (nDuplicateParticles/nTrueParticles) = 0.966792
20:31:24    RootPatternR   INFO      Wrote performance plots to 'output/v-base4-muon/performance_finding_rz.root:/'
20:31:24    Sequencer      INFO      No unmasked FPEs encountered
20:31:24    Sequencer      INFO      Processed 200 events in 2.645048 s (wall clock)
20:31:24    Sequencer      INFO      Average time per event: 1.525525 ms/event
20:31:24    Sequencer      INFO      Timing breakdown:
| Algorithm                                      | Total Time (ms) | Time/Event (ms) | Fraction |
|:-----------------------------------------------|----------------:|----------------:|---------:|
| Algorithm:RzTrackFindingAlgorithm              |          160.41 |            0.80 |    52.6% |
| Algorithm:FatrasSimulation                     |           36.46 |            0.18 |    12.0% |
| Writer:RootTrackParameterPerformanceWriter     |           25.04 |            0.13 |     8.2% |
| Algorithm:DigitizationAlgorithm                |           21.41 |            0.11 |     7.0% |
| Writer:RootTrackSummaryWriter                  |           14.87 |            0.07 |     4.9% |
| Writer:RootPatternRecognitionPerformanceWriter |            8.82 |            0.04 |     2.9% |
| Writer:RootPatternRecognitionPerformanceWriter |            8.20 |            0.04 |     2.7% |
| Writer:RootTrackParameterWriter                |            6.70 |            0.03 |     2.2% |
| Algorithm:GridTripletSeedingAlgorithm          |            5.73 |            0.03 |     1.9% |
| Algorithm:TrackParamsEstimationAlgorithm       |            4.92 |            0.02 |     1.6% |
| Algorithm:TrackTruthMatcher                    |            2.62 |            0.01 |     0.9% |
| Reader:EventGenerator                          |            2.61 |            0.01 |     0.9% |
| Algorithm:SpacePointMaker                      |            2.19 |            0.01 |     0.7% |
| Algorithm:SeedsToTracks                        |            1.88 |            0.01 |     0.6% |
| Algorithm:TrackTruthMatcher                    |            1.81 |            0.01 |     0.6% |
| Algorithm:HepMC3InputConverter                 |            0.95 |            0.00 |     0.3% |
| Algorithm:ParticleSelector                     |            0.32 |            0.00 |     0.1% |
| Algorithm:SeedsToProtoTracks                   |            0.17 |            0.00 |     0.1% |
| TOTAL                                          |          305.11 |            1.53 |   100.0% |

