20:55:59    GenericDetec   INFO      Building tracking geometry
20:55:59    GenericDetec   INFO      Building tracking geometry for Generic Detector in Gen1 mode
20:55:59    GenericDetec   INFO      Tracking geometry built
20:55:59    Sequencer      INFO      Create Sequencer (single-threaded)
20:55:59    Sequencer      INFO      Add Reader 'EventGenerator'
20:55:59    Sequencer      INFO      -> OutputEvent 'particle_gun_event':
20:55:59    Sequencer      INFO         shared_ptr<HepMC3::GenEvent>
20:55:59    Sequencer      INFO      Add Algorithm 'HepMC3InputConverter'
20:55:59    Sequencer      INFO      <- InputEvent 'particle_gun_event':
20:55:59    Sequencer      INFO         shared_ptr<HepMC3::GenEvent>
20:55:59    Sequencer      INFO      -> OutputParticles 'particles_generated':
20:55:59    Sequencer      INFO         flat_set<SimParticle, detail::CompareParticleId, void>
20:55:59    Sequencer      INFO      -> OutputVertices 'vertices_generated':
20:55:59    Sequencer      INFO         flat_set<SimVertex, detail::CompareVertexId, void>
20:55:59    Sequencer      INFO      Key 'particles_generated' aliased to 'particles'
20:55:59    Sequencer      INFO      Key 'vertices_generated' aliased to 'vertices_truth'
20:55:59    Sequencer      INFO      Key 'particles_generated' aliased to 'particles_generated_selected'
20:55:59    Sequencer      INFO      Add Algorithm 'FatrasSimulation'
20:55:59    Sequencer      INFO      <- InputParticles 'particles_generated_selected':
20:55:59    Sequencer      INFO         flat_set<SimParticle, detail::CompareParticleId, void>
20:55:59    Sequencer      INFO      -> OutputSimHits 'simhits':
20:55:59    Sequencer      INFO         flat_multiset<Hit, detail::CompareGeometryId, void>
20:55:59    Sequencer      INFO      -> OutputParticles 'particles_simulated':
20:55:59    Sequencer      INFO         flat_set<SimParticle, detail::CompareParticleId, void>
20:55:59    Sequencer      INFO      Key 'particles_simulated' aliased to 'particles'
20:55:59    Sequencer      INFO      Key 'particles_simulated' aliased to 'particles_simulated_selected'
20:56:00    Sequencer      INFO      Add Algorithm 'DigitizationAlgorithm'
20:56:00    Sequencer      INFO      <- InputHits 'simhits':
20:56:00    Sequencer      INFO         flat_multiset<Hit, detail::CompareGeometryId, void>
20:56:00    Sequencer      INFO      -> OutputMeasurements 'measurements':
20:56:00    Sequencer      INFO         MeasurementContainer
20:56:00    Sequencer      INFO      -> OutputMeasurementSubset 'measurement_subset':
20:56:00    Sequencer      INFO         MeasurementSubset
20:56:00    Sequencer      INFO      -> OutputClusters 'clusters':
20:56:00    Sequencer      INFO         vector<Cluster>
20:56:00    Sequencer      INFO      -> OutputMeasurementParticlesMap 'measurement_particles_map':
20:56:00    Sequencer      INFO         flat_multimap<unsigned int, Barcode, less<unsigned int>, void>
20:56:00    Sequencer      INFO      -> OutputMeasurementSimHitsMap 'measurement_simhits_map':
20:56:00    Sequencer      INFO         flat_multimap<unsigned int, unsigned int, less<unsigned int>, void>
20:56:00    Sequencer      INFO      -> OutputParticleMeasurementsMap 'particle_measurements_map':
20:56:00    Sequencer      INFO         flat_multimap<Barcode, unsigned int, less<Barcode>, void>
20:56:00    Sequencer      INFO      -> OutputSimHitMeasurementsMap 'simhit_measurements_map':
20:56:00    Sequencer      INFO         flat_multimap<unsigned int, unsigned int, less<unsigned int>, void>
20:56:00    Sequencer      INFO      Add Algorithm 'ParticleSelector'
20:56:00    Sequencer      INFO      <- InputParticles 'particles_simulated_selected':
20:56:00    Sequencer      INFO         flat_set<SimParticle, detail::CompareParticleId, void>
20:56:00    Sequencer      INFO      <- InputParticleMeasurementsMap 'particle_measurements_map':
20:56:00    Sequencer      INFO         flat_multimap<Barcode, unsigned int, less<Barcode>, void>
20:56:00    Sequencer      INFO      <- InputMeasurements 'measurements':
20:56:00    Sequencer      INFO         MeasurementContainer
20:56:00    Sequencer      INFO      -> OutputParticles 'tmp_particles_digitized_selected':
20:56:00    Sequencer      INFO         flat_set<SimParticle, detail::CompareParticleId, void>
20:56:00    Sequencer      INFO      Key 'tmp_particles_digitized_selected' aliased to 'particles_selected'
20:56:00    Sequencer      INFO      Key 'tmp_particles_digitized_selected' aliased to 'particles_digitized_selected'
20:56:00    Sequencer      INFO      Add Algorithm 'SpacePointMaker'
20:56:00    Sequencer      INFO      <- InputMeasurements 'measurement_subset':
20:56:00    Sequencer      INFO         MeasurementSubset
20:56:00    Sequencer      INFO      -> OutputSpacePoints 'spacepoints':
20:56:00    Sequencer      INFO         SpacePointContainer
20:56:00    addSeeding     INFO      Using grid triplet seeding
20:56:00    Sequencer      INFO      Add Algorithm 'GridTripletSeedingAlgorithm'
20:56:00    Sequencer      INFO      <- InputSpacePoints 'spacepoints':
20:56:00    Sequencer      INFO         SpacePointContainer
20:56:00    Sequencer      INFO      -> OutputSeeds 'seeds':
20:56:00    Sequencer      INFO         SeedContainer
20:56:00    Sequencer      INFO      Add Algorithm 'TrackParamsEstimationAlgorithm'
20:56:00    Sequencer      INFO      <- InputSeeds 'seeds':
20:56:00    Sequencer      INFO         SeedContainer
20:56:00    Sequencer      INFO      -> OutputTrackParameters 'estimatedparameters':
20:56:00    Sequencer      INFO         vector<BoundTrackParameters>
20:56:00    Sequencer      INFO      -> OutputSeeds 'estimatedseeds':
20:56:00    Sequencer      INFO         SeedContainer
20:56:00    Sequencer      INFO      Add Algorithm 'SeedsToProtoTracks'
20:56:00    Sequencer      INFO      <- InputSeeds 'estimatedseeds':
20:56:00    Sequencer      INFO         SeedContainer
20:56:00    Sequencer      INFO      -> OutputProtoTracks 'seed-protoTracks':
20:56:00    Sequencer      INFO         vector<small_vector<unsigned int, 3ul, void, void>>
20:56:00    Sequencer      INFO      Add Algorithm 'SeedsToTracks'
20:56:00    Sequencer      INFO      <- InputSeeds 'estimatedseeds':
20:56:00    Sequencer      INFO         SeedContainer
20:56:00    Sequencer      INFO      <- InputTrackParameters 'estimatedparameters':
20:56:00    Sequencer      INFO         vector<BoundTrackParameters>
20:56:00    Sequencer      INFO      -> OutputTracks 'seed-tracks':
20:56:00    Sequencer      INFO            TrackContainer<ConstVectorTrackContainer, ConstVectorMultiTrajectory, shared_ptr>
20:56:00    Sequencer      INFO      Add Algorithm 'TrackTruthMatcher'
20:56:00    Sequencer      INFO      <- InputTracks 'seed-tracks':
20:56:00    Sequencer      INFO            TrackContainer<ConstVectorTrackContainer, ConstVectorMultiTrajectory, shared_ptr>
20:56:00    Sequencer      INFO      <- InputParticles 'particles_selected':
20:56:00    Sequencer      INFO         flat_set<SimParticle, detail::CompareParticleId, void>
20:56:00    Sequencer      INFO      <- InputMeasurementParticlesMap 'measurement_particles_map':
20:56:00    Sequencer      INFO         flat_multimap<unsigned int, Barcode, less<unsigned int>, void>
20:56:00    Sequencer      INFO      -> OutputTrackParticleMatching 'seed_particle_matching':
20:56:00    Sequencer      INFO            map<unsigned int, TrackMatchEntry, less<unsigned int>, allocator<pair<unsigned int const, TrackMatchEntry>>>
20:56:00    Sequencer      INFO      -> OutputParticleTrackMatching 'particle_seed_matching':
20:56:00    Sequencer      INFO            map<Barcode, ParticleMatchEntry, less<Barcode>, allocator<pair<Barcode const, ParticleMatchEntry>>>
20:56:01    Sequencer      INFO      Add Writer 'RootPatternRecognitionPerformanceWriter'
20:56:01    Sequencer      INFO      <- InputHandle 'seed-tracks':
20:56:01    Sequencer      INFO            TrackContainer<ConstVectorTrackContainer, ConstVectorMultiTrajectory, shared_ptr>
20:56:01    Sequencer      INFO      <- InputParticles 'particles_selected':
20:56:01    Sequencer      INFO         flat_set<SimParticle, detail::CompareParticleId, void>
20:56:01    Sequencer      INFO      <- InputTrackParticleMatching 'seed_particle_matching':
20:56:01    Sequencer      INFO            map<unsigned int, TrackMatchEntry, less<unsigned int>, allocator<pair<unsigned int const, TrackMatchEntry>>>
20:56:01    Sequencer      INFO      <- InputParticleTrackMatching 'particle_seed_matching':
20:56:01    Sequencer      INFO            map<Barcode, ParticleMatchEntry, less<Barcode>, allocator<pair<Barcode const, ParticleMatchEntry>>>
20:56:01    Sequencer      INFO      <- InputParticleMeasurementsMap 'particle_measurements_map':
20:56:01    Sequencer      INFO         flat_multimap<Barcode, unsigned int, less<Barcode>, void>
20:56:02    Sequencer      INFO      Add Writer 'RootTrackParameterWriter'
20:56:02    Sequencer      INFO      <- InputHandle 'estimatedparameters':
20:56:02    Sequencer      INFO         vector<BoundTrackParameters>
20:56:02    Sequencer      INFO      <- InputProtoTracks 'seed-protoTracks':
20:56:02    Sequencer      INFO         vector<small_vector<unsigned int, 3ul, void, void>>
20:56:02    Sequencer      INFO      <- InputParticles 'particles':
20:56:02    Sequencer      INFO         flat_set<SimParticle, detail::CompareParticleId, void>
20:56:02    Sequencer      INFO      <- InputSimHits 'simhits':
20:56:02    Sequencer      INFO         flat_multiset<Hit, detail::CompareGeometryId, void>
20:56:02    Sequencer      INFO      <- InputMeasurementParticlesMap 'measurement_particles_map':
20:56:02    Sequencer      INFO         flat_multimap<unsigned int, Barcode, less<unsigned int>, void>
20:56:02    Sequencer      INFO      <- InputMeasurementSimHitsMap 'measurement_simhits_map':
20:56:02    Sequencer      INFO         flat_multimap<unsigned int, unsigned int, less<unsigned int>, void>
20:56:02    RzTrackFindi   INFO      RZ layout: 22 cylinders, 82 discs, 48 sensitive layers, 18728 modules, escape r 1028.54 |z| 3001
20:56:02    Sequencer      INFO      Add Algorithm 'RzTrackFindingAlgorithm'
20:56:02    Sequencer      INFO      <- InputMeasurements 'measurements':
20:56:02    Sequencer      INFO         MeasurementContainer
20:56:02    Sequencer      INFO      <- InputInitialTrackParameters 'estimatedparameters':
20:56:02    Sequencer      INFO         vector<BoundTrackParameters>
20:56:02    Sequencer      INFO      -> OutputTracks 'rz_tracks':
20:56:02    Sequencer      INFO            TrackContainer<ConstVectorTrackContainer, ConstVectorMultiTrajectory, shared_ptr>
20:56:02    Sequencer      INFO      Add Algorithm 'TrackTruthMatcher'
20:56:02    Sequencer      INFO      <- InputTracks 'rz_tracks':
20:56:02    Sequencer      INFO            TrackContainer<ConstVectorTrackContainer, ConstVectorMultiTrajectory, shared_ptr>
20:56:02    Sequencer      INFO      <- InputParticles 'particles_selected':
20:56:02    Sequencer      INFO         flat_set<SimParticle, detail::CompareParticleId, void>
20:56:02    Sequencer      INFO      <- InputMeasurementParticlesMap 'measurement_particles_map':
20:56:02    Sequencer      INFO         flat_multimap<unsigned int, Barcode, less<unsigned int>, void>
20:56:02    Sequencer      INFO      -> OutputTrackParticleMatching 'rz_track_particle_matching':
20:56:02    Sequencer      INFO            map<unsigned int, TrackMatchEntry, less<unsigned int>, allocator<pair<unsigned int const, TrackMatchEntry>>>
20:56:02    Sequencer      INFO      -> OutputParticleTrackMatching 'rz_particle_track_matching':
20:56:02    Sequencer      INFO            map<Barcode, ParticleMatchEntry, less<Barcode>, allocator<pair<Barcode const, ParticleMatchEntry>>>
20:56:02    Sequencer      INFO      Key 'rz_track_particle_matching' aliased to 'track_particle_matching'
20:56:02    Sequencer      INFO      Key 'rz_particle_track_matching' aliased to 'particle_track_matching'
20:56:02    Sequencer      INFO      Add Writer 'RootTrackSummaryWriter'
20:56:02    Sequencer      INFO      <- InputHandle 'rz_tracks':
20:56:02    Sequencer      INFO            TrackContainer<ConstVectorTrackContainer, ConstVectorMultiTrajectory, shared_ptr>
20:56:02    Sequencer      INFO      <- InputParticles 'particles_selected':
20:56:02    Sequencer      INFO         flat_set<SimParticle, detail::CompareParticleId, void>
20:56:02    Sequencer      INFO      <- InputTrackParticleMatching 'track_particle_matching':
20:56:02    Sequencer      INFO            map<unsigned int, TrackMatchEntry, less<unsigned int>, allocator<pair<unsigned int const, TrackMatchEntry>>>
20:56:02    Sequencer      INFO      Add Writer 'RootTrackParameterPerformanceWriter'
20:56:02    Sequencer      INFO      <- InputHandle 'rz_tracks':
20:56:02    Sequencer      INFO            TrackContainer<ConstVectorTrackContainer, ConstVectorMultiTrajectory, shared_ptr>
20:56:02    Sequencer      INFO      <- InputParticles 'particles_selected':
20:56:02    Sequencer      INFO         flat_set<SimParticle, detail::CompareParticleId, void>
20:56:02    Sequencer      INFO      <- InputTrackParticleMatching 'track_particle_matching':
20:56:02    Sequencer      INFO            map<unsigned int, TrackMatchEntry, less<unsigned int>, allocator<pair<unsigned int const, TrackMatchEntry>>>
20:56:02    Sequencer      INFO      Add Writer 'RootPatternRecognitionPerformanceWriter'
20:56:02    Sequencer      INFO      <- InputHandle 'rz_tracks':
20:56:02    Sequencer      INFO            TrackContainer<ConstVectorTrackContainer, ConstVectorMultiTrajectory, shared_ptr>
20:56:02    Sequencer      INFO      <- InputParticles 'particles_selected':
20:56:02    Sequencer      INFO         flat_set<SimParticle, detail::CompareParticleId, void>
20:56:02    Sequencer      INFO      <- InputTrackParticleMatching 'track_particle_matching':
20:56:02    Sequencer      INFO            map<unsigned int, TrackMatchEntry, less<unsigned int>, allocator<pair<unsigned int const, TrackMatchEntry>>>
20:56:02    Sequencer      INFO      <- InputParticleTrackMatching 'particle_track_matching':
20:56:02    Sequencer      INFO            map<Barcode, ParticleMatchEntry, less<Barcode>, allocator<pair<Barcode const, ParticleMatchEntry>>>
20:56:02    Sequencer      INFO      <- InputParticleMeasurementsMap 'particle_measurements_map':
20:56:02    Sequencer      INFO         flat_multimap<Barcode, unsigned int, less<Barcode>, void>
20:56:02    Sequencer      INFO      Processing events [0, 200)
20:56:02    Sequencer      INFO      Starting event loop with 1 threads
20:56:02    Sequencer      INFO        0 context decorators
20:56:02    Sequencer      INFO        18 sequence elements
20:56:02    Sequencer      INFO        1 readers
20:56:02    Sequencer      INFO        12 algorithms
20:56:02    Sequencer      INFO        5 writers
20:56:02    Sequencer      INFO      100 / 200 events processed
20:56:02    Sequencer      INFO      200 / 200 events processed
20:56:02    RootPatternR   INFO      Efficiency with seeds (nMatchedseeds/nAllseeds) = 0.99821
20:56:02    RootPatternR   INFO      Fake ratio with seeds (nFakeseeds/nAllseeds) = 0
20:56:02    RootPatternR   INFO      Duplicate ratio with seeds (nDuplicateseeds/nAllseeds) = 0.778466
20:56:02    RootPatternR   INFO      Efficiency with particles (nMatchedParticles/nTrueParticles) = 1
20:56:02    RootPatternR   INFO      Fake ratio with particles (nFakeParticles/nTrueParticles) = 0
20:56:02    RootPatternR   INFO      Duplicate ratio with particles (nDuplicateParticles/nTrueParticles) = 0.967419
20:56:02    RootPatternR   INFO      Wrote performance plots to 'output/v-combo-muon/performance_seeding.root:/'
20:56:02    RootTrackPar   INFO      Wrote estimated parameters from seed to tree 'estimatedparams' in 'output/v-combo-muon/estimatedparams.root'
20:56:02    RzTrackFindi   INFO      RzTrackFinding: 7263 seeds, 7244 tracks, 21.1351 stops and 14.469 candidates per seed, 11.9575 measurements and 0.0329928 holes per track, 0 backward pass failures
20:56:02    RootTrackSum   INFO      Wrote parameters of tracks to tree 'tracksummary' in 'output/v-combo-muon/tracksummary_rz.root'
20:56:02    RootTrackPar   INFO      === Track Parameter Performance Summary ===
20:56:02    RootTrackPar   INFO      Total tracks: 7244
20:56:02    RootTrackPar   INFO      Total matched tracks: 1595
20:56:02    RootTrackPar   INFO      Total particles: 1596
20:56:02    RootTrackPar   INFO      Total matched particles: 1595
20:56:02    RootTrackPar   INFO      Track efficiency: 22.0182%
Warning in <Fit>: Fit data is empty 
Warning in <Fit>: Fit data is empty 
Warning in <Fit>: Fit data is empty 
Warning in <Fit>: Fit data is empty 
Warning in <Fit>: Fit data is empty 
Warning in <Fit>: Fit data is empty 
Warning in <Fit>: Fit data is empty 
Warning in <Fit>: Fit data is empty 
Warning in <Fit>: Fit data is empty 
Warning in <Fit>: Fit data is empty 
Warning in <Fit>: Fit data is empty 
Warning in <Fit>: Fit data is empty 
Warning in <Fit>: Fit data is empty 
Warning in <Fit>: Fit data is empty 
Warning in <Fit>: Fit data is empty 
Warning in <Fit>: Fit data is empty 
Warning in <Fit>: Fit data is empty 
Warning in <Fit>: Fit data is empty 
Warning in <Fit>: Fit data is empty 
Warning in <Fit>: Fit data is empty 
Warning in <Fit>: Fit data is empty 
Warning in <Fit>: Fit data is empty 
Warning in <Fit>: Fit data is empty 
Warning in <Fit>: Fit data is empty 
Warning in <Fit>: Fit data is empty 
Warning in <Fit>: Fit data is empty 
Warning in <Fit>: Fit data is empty 
Warning in <Fit>: Fit data is empty 
Warning in <Fit>: Fit data is empty 
Warning in <Fit>: Fit data is empty 
Warning in <Fit>: Fit data is empty 
Warning in <Fit>: Fit data is empty 
Warning in <Fit>: Fit data is empty 
Warning in <Fit>: Fit data is empty 
Warning in <Fit>: Fit data is empty 
Warning in <Fit>: Fit data is empty 
Warning in <Fit>: Fit data is empty 
Warning in <Fit>: Fit data is empty 
Warning in <Fit>: Fit data is empty 
Warning in <Fit>: Fit data is empty 
Warning in <Fit>: Fit data is empty 
Warning in <Fit>: Fit data is empty 
Warning in <Fit>: Fit data is empty 
Warning in <Fit>: Fit data is empty 
Warning in <Fit>: Fit data is empty 
Warning in <Fit>: Fit data is empty 
Warning in <Fit>: Fit data is empty 
Warning in <Fit>: Fit data is empty 
Warning in <ROOT::Fit::FillData>: fit range is outside histogram range, no fit data for xaxis
Warning in <Fit>: Fit data is empty 
Warning in <ROOT::Fit::FillData>: fit range is outside histogram range, no fit data for xaxis
Warning in <Fit>: Fit data is empty 
Warning in <Fit>: Fit data is empty 
Warning in <ROOT::Fit::FillData>: fit range is outside histogram range, no fit data for xaxis
Warning in <Fit>: Fit data is empty 
Warning in <Fit>: Fit data is empty 
Warning in <ROOT::Fit::FillData>: fit range is outside histogram range, no fit data for xaxis
Warning in <Fit>: Fit data is empty 
Warning in <Fit>: Fit data is empty 
Warning in <ROOT::Fit::FillData>: fit range is outside histogram range, no fit data for xaxis
Warning in <Fit>: Fit data is empty 
Warning in <Fit>: Fit data is empty 
Warning in <Fit>: Fit data is empty 
Warning in <Fit>: Fit data is empty 
Warning in <ROOT::Fit::FillData>: fit range is outside histogram range, no fit data for xaxis
Warning in <Fit>: Fit data is empty 
Warning in <Fit>: Fit data is empty 
Warning in <Fit>: Fit data is empty 
Warning in <Fit>: Fit data is empty 
Warning in <Fit>: Fit data is empty 
Warning in <Fit>: Fit data is empty 
Warning in <ROOT::Fit::FillData>: fit range is outside histogram range, no fit data for xaxis
Warning in <Fit>: Fit data is empty 
Warning in <Fit>: Fit data is empty 
Warning in <Fit>: Fit data is empty 
Warning in <Fit>: Fit data is empty 
Warning in <Fit>: Fit data is empty 
Warning in <Fit>: Fit data is empty 
Warning in <Fit>: Fit data is empty 
Warning in <Fit>: Fit data is empty 
Warning in <Fit>: Fit data is empty 
Warning in <Fit>: Fit data is empty 
Warning in <Fit>: Fit data is empty 
Warning in <Fit>: Fit data is empty 
Warning in <Fit>: Fit data is empty 
Warning in <Fit>: Fit data is empty 
Warning in <ROOT::Fit::FillData>: fit range is outside histogram range, no fit data for xaxis
Warning in <Fit>: Fit data is empty 
Warning in <Fit>: Fit data is empty 
Warning in <Fit>: Fit data is empty 
Warning in <ROOT::Fit::FillData>: fit range is outside histogram range, no fit data for xaxis
Warning in <Fit>: Fit data is empty 
Warning in <Fit>: Fit data is empty 
Warning in <Fit>: Fit data is empty 
Warning in <Fit>: Fit data is empty 
Warning in <Fit>: Fit data is empty 
Warning in <Fit>: Fit data is empty 
Warning in <Fit>: Fit data is empty 
Warning in <Fit>: Fit data is empty 
Warning in <Fit>: Fit data is empty 
Warning in <Fit>: Fit data is empty 
Warning in <Fit>: Fit data is empty 
Warning in <Fit>: Fit data is empty 
Warning in <Fit>: Fit data is empty 
Warning in <Fit>: Fit data is empty 
Warning in <Fit>: Fit data is empty 
Warning in <Fit>: Fit data is empty 
Warning in <Fit>: Fit data is empty 
Warning in <Fit>: Fit data is empty 
Warning in <Fit>: Fit data is empty 
Warning in <Fit>: Fit data is empty 
Warning in <Fit>: Fit data is empty 
Warning in <ROOT::Fit::FillData>: fit range is outside histogram range, no fit data for xaxis
Warning in <Fit>: Fit data is empty 
Warning in <Fit>: Fit data is empty 
Warning in <Fit>: Fit data is empty 
Warning in <Fit>: Fit data is empty 
Warning in <Fit>: Fit data is empty 
Warning in <Fit>: Fit data is empty 
Warning in <Fit>: Fit data is empty 
Warning in <Fit>: Fit data is empty 
Warning in <Fit>: Fit data is empty 
Warning in <Fit>: Fit data is empty 
Warning in <Fit>: Fit data is empty 
Warning in <Fit>: Fit data is empty 
Warning in <Fit>: Fit data is empty 
Warning in <Fit>: Fit data is empty 
Warning in <ROOT::Fit::FillData>: fit range is outside histogram range, no fit data for xaxis
Warning in <Fit>: Fit data is empty 
Warning in <ROOT::Fit::FillData>: fit range is outside histogram range, no fit data for xaxis
Warning in <Fit>: Fit data is empty 
Warning in <Fit>: Fit data is empty 
Warning in <Fit>: Fit data is empty 
Warning in <Fit>: Fit data is empty 
Warning in <Fit>: Fit data is empty 
Warning in <ROOT::Fit::FillData>: fit range is outside histogram range, no fit data for xaxis
Warning in <Fit>: Fit data is empty 
Warning in <ROOT::Fit::FillData>: fit range is outside histogram range, no fit data for xaxis
Warning in <Fit>: Fit data is empty 
20:56:04    RootTrackPar   INFO      Wrote performance plots to 'output/v-combo-muon/performance_fitting_rz.root:/'
20:56:04    RootPatternR   INFO      Efficiency with tracks (nMatchedtracks/nAlltracks) = 0.998205
20:56:04    RootPatternR   INFO      Fake ratio with tracks (nFaketracks/nAlltracks) = 0
20:56:04    RootPatternR   INFO      Duplicate ratio with tracks (nDuplicatetracks/nAlltracks) = 0.778023
20:56:04    RootPatternR   INFO      Efficiency with particles (nMatchedParticles/nTrueParticles) = 0.999373
20:56:04    RootPatternR   INFO      Fake ratio with particles (nFakeParticles/nTrueParticles) = 0
20:56:04    RootPatternR   INFO      Duplicate ratio with particles (nDuplicateParticles/nTrueParticles) = 0.966792
20:56:04    RootPatternR   INFO      Wrote performance plots to 'output/v-combo-muon/performance_finding_rz.root:/'
20:56:04    Sequencer      INFO      No unmasked FPEs encountered
20:56:04    Sequencer      INFO      Processed 200 events in 2.586316 s (wall clock)
20:56:04    Sequencer      INFO      Average time per event: 1.388762 ms/event
20:56:04    Sequencer      INFO      Timing breakdown:
| Algorithm                                      | Total Time (ms) | Time/Event (ms) | Fraction |
|:-----------------------------------------------|----------------:|----------------:|---------:|
| Algorithm:RzTrackFindingAlgorithm              |          135.61 |            0.68 |    48.8% |
| Algorithm:FatrasSimulation                     |           36.49 |            0.18 |    13.1% |
| Writer:RootTrackParameterPerformanceWriter     |           23.59 |            0.12 |     8.5% |
| Algorithm:DigitizationAlgorithm                |           21.39 |            0.11 |     7.7% |
| Writer:RootTrackSummaryWriter                  |           14.58 |            0.07 |     5.2% |
| Writer:RootPatternRecognitionPerformanceWriter |            8.85 |            0.04 |     3.2% |
| Writer:RootPatternRecognitionPerformanceWriter |            8.16 |            0.04 |     2.9% |
| Writer:RootTrackParameterWriter                |            6.54 |            0.03 |     2.4% |
| Algorithm:GridTripletSeedingAlgorithm          |            5.64 |            0.03 |     2.0% |
| Algorithm:TrackParamsEstimationAlgorithm       |            4.93 |            0.02 |     1.8% |
| Algorithm:TrackTruthMatcher                    |            2.63 |            0.01 |     0.9% |
| Reader:EventGenerator                          |            2.18 |            0.01 |     0.8% |
| Algorithm:SpacePointMaker                      |            2.01 |            0.01 |     0.7% |
| Algorithm:SeedsToTracks                        |            1.92 |            0.01 |     0.7% |
| Algorithm:TrackTruthMatcher                    |            1.79 |            0.01 |     0.6% |
| Algorithm:HepMC3InputConverter                 |            0.95 |            0.00 |     0.3% |
| Algorithm:ParticleSelector                     |            0.32 |            0.00 |     0.1% |
| Algorithm:SeedsToProtoTracks                   |            0.18 |            0.00 |     0.1% |
| TOTAL                                          |          277.75 |            1.39 |   100.0% |

