21:44:08    GenericDetec   INFO      Building tracking geometry
21:44:08    GenericDetec   INFO      Building tracking geometry for Generic Detector in Gen1 mode
21:44:08    GenericDetec   INFO      Tracking geometry built
21:44:08    Sequencer      INFO      Create Sequencer (single-threaded)
21:44:08    Sequencer      INFO      Add Reader 'EventGenerator'
21:44:08    Sequencer      INFO      -> OutputEvent 'particle_gun_event':
21:44:08    Sequencer      INFO         shared_ptr<HepMC3::GenEvent>
21:44:08    Sequencer      INFO      Add Algorithm 'HepMC3InputConverter'
21:44:08    Sequencer      INFO      <- InputEvent 'particle_gun_event':
21:44:08    Sequencer      INFO         shared_ptr<HepMC3::GenEvent>
21:44:08    Sequencer      INFO      -> OutputParticles 'particles_generated':
21:44:08    Sequencer      INFO         flat_set<SimParticle, detail::CompareParticleId, void>
21:44:08    Sequencer      INFO      -> OutputVertices 'vertices_generated':
21:44:08    Sequencer      INFO         flat_set<SimVertex, detail::CompareVertexId, void>
21:44:08    Sequencer      INFO      Key 'particles_generated' aliased to 'particles'
21:44:08    Sequencer      INFO      Key 'vertices_generated' aliased to 'vertices_truth'
21:44:08    Sequencer      INFO      Key 'particles_generated' aliased to 'particles_generated_selected'
21:44:08    Sequencer      INFO      Add Algorithm 'FatrasSimulation'
21:44:08    Sequencer      INFO      <- InputParticles 'particles_generated_selected':
21:44:08    Sequencer      INFO         flat_set<SimParticle, detail::CompareParticleId, void>
21:44:08    Sequencer      INFO      -> OutputSimHits 'simhits':
21:44:08    Sequencer      INFO         flat_multiset<Hit, detail::CompareGeometryId, void>
21:44:08    Sequencer      INFO      -> OutputParticles 'particles_simulated':
21:44:08    Sequencer      INFO         flat_set<SimParticle, detail::CompareParticleId, void>
21:44:08    Sequencer      INFO      Key 'particles_simulated' aliased to 'particles'
21:44:08    Sequencer      INFO      Key 'particles_simulated' aliased to 'particles_simulated_selected'
21:44:09    Sequencer      INFO      Add Algorithm 'DigitizationAlgorithm'
21:44:09    Sequencer      INFO      <- InputHits 'simhits':
21:44:09    Sequencer      INFO         flat_multiset<Hit, detail::CompareGeometryId, void>
21:44:09    Sequencer      INFO      -> OutputMeasurements 'measurements':
21:44:09    Sequencer      INFO         MeasurementContainer
21:44:09    Sequencer      INFO      -> OutputMeasurementSubset 'measurement_subset':
21:44:09    Sequencer      INFO         MeasurementSubset
21:44:09    Sequencer      INFO      -> OutputClusters 'clusters':
21:44:09    Sequencer      INFO         vector<Cluster>
21:44:09    Sequencer      INFO      -> OutputMeasurementParticlesMap 'measurement_particles_map':
21:44:09    Sequencer      INFO         flat_multimap<unsigned int, Barcode, less<unsigned int>, void>
21:44:09    Sequencer      INFO      -> OutputMeasurementSimHitsMap 'measurement_simhits_map':
21:44:09    Sequencer      INFO         flat_multimap<unsigned int, unsigned int, less<unsigned int>, void>
21:44:09    Sequencer      INFO      -> OutputParticleMeasurementsMap 'particle_measurements_map':
21:44:09    Sequencer      INFO         flat_multimap<Barcode, unsigned int, less<Barcode>, void>
21:44:09    Sequencer      INFO      -> OutputSimHitMeasurementsMap 'simhit_measurements_map':
21:44:09    Sequencer      INFO         flat_multimap<unsigned int, unsigned int, less<unsigned int>, void>
21:44:09    Sequencer      INFO      Add Algorithm 'ParticleSelector'
21:44:09    Sequencer      INFO      <- InputParticles 'particles_simulated_selected':
21:44:09    Sequencer      INFO         flat_set<SimParticle, detail::CompareParticleId, void>
21:44:09    Sequencer      INFO      <- InputParticleMeasurementsMap 'particle_measurements_map':
21:44:09    Sequencer      INFO         flat_multimap<Barcode, unsigned int, less<Barcode>, void>
21:44:09    Sequencer      INFO      <- InputMeasurements 'measurements':
21:44:09    Sequencer      INFO         MeasurementContainer
21:44:09    Sequencer      INFO      -> OutputParticles 'tmp_particles_digitized_selected':
21:44:09    Sequencer      INFO         flat_set<SimParticle, detail::CompareParticleId, void>
21:44:09    Sequencer      INFO      Key 'tmp_particles_digitized_selected' aliased to 'particles_selected'
21:44:09    Sequencer      INFO      Key 'tmp_particles_digitized_selected' aliased to 'particles_digitized_selected'
21:44:09    Sequencer      INFO      Add Algorithm 'SpacePointMaker'
21:44:09    Sequencer      INFO      <- InputMeasurements 'measurement_subset':
21:44:09    Sequencer      INFO         MeasurementSubset
21:44:09    Sequencer      INFO      -> OutputSpacePoints 'spacepoints':
21:44:09    Sequencer      INFO         SpacePointContainer
21:44:09    addSeeding     INFO      Using grid triplet seeding
21:44:09    Sequencer      INFO      Add Algorithm 'GridTripletSeedingAlgorithm'
21:44:09    Sequencer      INFO      <- InputSpacePoints 'spacepoints':
21:44:09    Sequencer      INFO         SpacePointContainer
21:44:09    Sequencer      INFO      -> OutputSeeds 'seeds':
21:44:09    Sequencer      INFO         SeedContainer
21:44:09    Sequencer      INFO      Add Algorithm 'TrackParamsEstimationAlgorithm'
21:44:09    Sequencer      INFO      <- InputSeeds 'seeds':
21:44:09    Sequencer      INFO         SeedContainer
21:44:09    Sequencer      INFO      -> OutputTrackParameters 'estimatedparameters':
21:44:09    Sequencer      INFO         vector<BoundTrackParameters>
21:44:09    Sequencer      INFO      -> OutputSeeds 'estimatedseeds':
21:44:09    Sequencer      INFO         SeedContainer
21:44:09    Sequencer      INFO      Add Algorithm 'SeedsToProtoTracks'
21:44:09    Sequencer      INFO      <- InputSeeds 'estimatedseeds':
21:44:09    Sequencer      INFO         SeedContainer
21:44:09    Sequencer      INFO      -> OutputProtoTracks 'seed-protoTracks':
21:44:09    Sequencer      INFO         vector<small_vector<unsigned int, 3ul, void, void>>
21:44:09    Sequencer      INFO      Add Algorithm 'SeedsToTracks'
21:44:09    Sequencer      INFO      <- InputSeeds 'estimatedseeds':
21:44:09    Sequencer      INFO         SeedContainer
21:44:09    Sequencer      INFO      <- InputTrackParameters 'estimatedparameters':
21:44:09    Sequencer      INFO         vector<BoundTrackParameters>
21:44:09    Sequencer      INFO      -> OutputTracks 'seed-tracks':
21:44:09    Sequencer      INFO            TrackContainer<ConstVectorTrackContainer, ConstVectorMultiTrajectory, shared_ptr>
21:44:09    Sequencer      INFO      Add Algorithm 'TrackTruthMatcher'
21:44:09    Sequencer      INFO      <- InputTracks 'seed-tracks':
21:44:09    Sequencer      INFO            TrackContainer<ConstVectorTrackContainer, ConstVectorMultiTrajectory, shared_ptr>
21:44:09    Sequencer      INFO      <- InputParticles 'particles_selected':
21:44:09    Sequencer      INFO         flat_set<SimParticle, detail::CompareParticleId, void>
21:44:09    Sequencer      INFO      <- InputMeasurementParticlesMap 'measurement_particles_map':
21:44:09    Sequencer      INFO         flat_multimap<unsigned int, Barcode, less<unsigned int>, void>
21:44:09    Sequencer      INFO      -> OutputTrackParticleMatching 'seed_particle_matching':
21:44:09    Sequencer      INFO            map<unsigned int, TrackMatchEntry, less<unsigned int>, allocator<pair<unsigned int const, TrackMatchEntry>>>
21:44:09    Sequencer      INFO      -> OutputParticleTrackMatching 'particle_seed_matching':
21:44:09    Sequencer      INFO            map<Barcode, ParticleMatchEntry, less<Barcode>, allocator<pair<Barcode const, ParticleMatchEntry>>>
21:44:10    Sequencer      INFO      Add Writer 'RootPatternRecognitionPerformanceWriter'
21:44:10    Sequencer      INFO      <- InputHandle 'seed-tracks':
21:44:10    Sequencer      INFO            TrackContainer<ConstVectorTrackContainer, ConstVectorMultiTrajectory, shared_ptr>
21:44:10    Sequencer      INFO      <- InputParticles 'particles_selected':
21:44:10    Sequencer      INFO         flat_set<SimParticle, detail::CompareParticleId, void>
21:44:10    Sequencer      INFO      <- InputTrackParticleMatching 'seed_particle_matching':
21:44:10    Sequencer      INFO            map<unsigned int, TrackMatchEntry, less<unsigned int>, allocator<pair<unsigned int const, TrackMatchEntry>>>
21:44:10    Sequencer      INFO      <- InputParticleTrackMatching 'particle_seed_matching':
21:44:10    Sequencer      INFO            map<Barcode, ParticleMatchEntry, less<Barcode>, allocator<pair<Barcode const, ParticleMatchEntry>>>
21:44:10    Sequencer      INFO      <- InputParticleMeasurementsMap 'particle_measurements_map':
21:44:10    Sequencer      INFO         flat_multimap<Barcode, unsigned int, less<Barcode>, void>
21:44:10    Sequencer      INFO      Add Writer 'RootTrackParameterWriter'
21:44:10    Sequencer      INFO      <- InputHandle 'estimatedparameters':
21:44:10    Sequencer      INFO         vector<BoundTrackParameters>
21:44:10    Sequencer      INFO      <- InputProtoTracks 'seed-protoTracks':
21:44:10    Sequencer      INFO         vector<small_vector<unsigned int, 3ul, void, void>>
21:44:10    Sequencer      INFO      <- InputParticles 'particles':
21:44:10    Sequencer      INFO         flat_set<SimParticle, detail::CompareParticleId, void>
21:44:10    Sequencer      INFO      <- InputSimHits 'simhits':
21:44:10    Sequencer      INFO         flat_multiset<Hit, detail::CompareGeometryId, void>
21:44:10    Sequencer      INFO      <- InputMeasurementParticlesMap 'measurement_particles_map':
21:44:10    Sequencer      INFO         flat_multimap<unsigned int, Barcode, less<unsigned int>, void>
21:44:10    Sequencer      INFO      <- InputMeasurementSimHitsMap 'measurement_simhits_map':
21:44:10    Sequencer      INFO         flat_multimap<unsigned int, unsigned int, less<unsigned int>, void>
21:44:10    RzTrackFindi   INFO      RZ layout: 22 cylinders, 82 discs, 48 sensitive layers, 18728 modules, escape r 1028.54 |z| 3001
21:44:10    Sequencer      INFO      Add Algorithm 'RzTrackFindingAlgorithm'
21:44:10    Sequencer      INFO      <- InputMeasurements 'measurements':
21:44:10    Sequencer      INFO         MeasurementContainer
21:44:10    Sequencer      INFO      <- InputInitialTrackParameters 'estimatedparameters':
21:44:10    Sequencer      INFO         vector<BoundTrackParameters>
21:44:10    Sequencer      INFO      -> OutputTracks 'rz_tracks':
21:44:10    Sequencer      INFO            TrackContainer<ConstVectorTrackContainer, ConstVectorMultiTrajectory, shared_ptr>
21:44:10    Sequencer      INFO      Add Algorithm 'TrackTruthMatcher'
21:44:10    Sequencer      INFO      <- InputTracks 'rz_tracks':
21:44:10    Sequencer      INFO            TrackContainer<ConstVectorTrackContainer, ConstVectorMultiTrajectory, shared_ptr>
21:44:10    Sequencer      INFO      <- InputParticles 'particles_selected':
21:44:10    Sequencer      INFO         flat_set<SimParticle, detail::CompareParticleId, void>
21:44:10    Sequencer      INFO      <- InputMeasurementParticlesMap 'measurement_particles_map':
21:44:10    Sequencer      INFO         flat_multimap<unsigned int, Barcode, less<unsigned int>, void>
21:44:10    Sequencer      INFO      -> OutputTrackParticleMatching 'rz_track_particle_matching':
21:44:10    Sequencer      INFO            map<unsigned int, TrackMatchEntry, less<unsigned int>, allocator<pair<unsigned int const, TrackMatchEntry>>>
21:44:10    Sequencer      INFO      -> OutputParticleTrackMatching 'rz_particle_track_matching':
21:44:10    Sequencer      INFO            map<Barcode, ParticleMatchEntry, less<Barcode>, allocator<pair<Barcode const, ParticleMatchEntry>>>
21:44:10    Sequencer      INFO      Key 'rz_track_particle_matching' aliased to 'track_particle_matching'
21:44:10    Sequencer      INFO      Key 'rz_particle_track_matching' aliased to 'particle_track_matching'
21:44:10    Sequencer      INFO      Add Writer 'RootTrackSummaryWriter'
21:44:10    Sequencer      INFO      <- InputHandle 'rz_tracks':
21:44:10    Sequencer      INFO            TrackContainer<ConstVectorTrackContainer, ConstVectorMultiTrajectory, shared_ptr>
21:44:10    Sequencer      INFO      <- InputParticles 'particles_selected':
21:44:10    Sequencer      INFO         flat_set<SimParticle, detail::CompareParticleId, void>
21:44:10    Sequencer      INFO      <- InputTrackParticleMatching 'track_particle_matching':
21:44:10    Sequencer      INFO            map<unsigned int, TrackMatchEntry, less<unsigned int>, allocator<pair<unsigned int const, TrackMatchEntry>>>
21:44:10    Sequencer      INFO      Add Writer 'RootTrackParameterPerformanceWriter'
21:44:10    Sequencer      INFO      <- InputHandle 'rz_tracks':
21:44:10    Sequencer      INFO            TrackContainer<ConstVectorTrackContainer, ConstVectorMultiTrajectory, shared_ptr>
21:44:10    Sequencer      INFO      <- InputParticles 'particles_selected':
21:44:10    Sequencer      INFO         flat_set<SimParticle, detail::CompareParticleId, void>
21:44:10    Sequencer      INFO      <- InputTrackParticleMatching 'track_particle_matching':
21:44:10    Sequencer      INFO            map<unsigned int, TrackMatchEntry, less<unsigned int>, allocator<pair<unsigned int const, TrackMatchEntry>>>
21:44:10    Sequencer      INFO      Add Writer 'RootPatternRecognitionPerformanceWriter'
21:44:10    Sequencer      INFO      <- InputHandle 'rz_tracks':
21:44:10    Sequencer      INFO            TrackContainer<ConstVectorTrackContainer, ConstVectorMultiTrajectory, shared_ptr>
21:44:10    Sequencer      INFO      <- InputParticles 'particles_selected':
21:44:10    Sequencer      INFO         flat_set<SimParticle, detail::CompareParticleId, void>
21:44:10    Sequencer      INFO      <- InputTrackParticleMatching 'track_particle_matching':
21:44:10    Sequencer      INFO            map<unsigned int, TrackMatchEntry, less<unsigned int>, allocator<pair<unsigned int const, TrackMatchEntry>>>
21:44:10    Sequencer      INFO      <- InputParticleTrackMatching 'particle_track_matching':
21:44:10    Sequencer      INFO            map<Barcode, ParticleMatchEntry, less<Barcode>, allocator<pair<Barcode const, ParticleMatchEntry>>>
21:44:10    Sequencer      INFO      <- InputParticleMeasurementsMap 'particle_measurements_map':
21:44:10    Sequencer      INFO         flat_multimap<Barcode, unsigned int, less<Barcode>, void>
21:44:10    Sequencer      INFO      Processing events [0, 200)
21:44:10    Sequencer      INFO      Starting event loop with 1 threads
21:44:10    Sequencer      INFO        0 context decorators
21:44:10    Sequencer      INFO        18 sequence elements
21:44:10    Sequencer      INFO        1 readers
21:44:10    Sequencer      INFO        12 algorithms
21:44:10    Sequencer      INFO        5 writers
21:44:10    Sequencer      INFO      100 / 200 events processed
21:44:10    Sequencer      INFO      200 / 200 events processed
21:44:10    RootPatternR   INFO      Efficiency with seeds (nMatchedseeds/nAllseeds) = 0.99821
21:44:10    RootPatternR   INFO      Fake ratio with seeds (nFakeseeds/nAllseeds) = 0
21:44:10    RootPatternR   INFO      Duplicate ratio with seeds (nDuplicateseeds/nAllseeds) = 0.778466
21:44:10    RootPatternR   INFO      Efficiency with particles (nMatchedParticles/nTrueParticles) = 1
21:44:10    RootPatternR   INFO      Fake ratio with particles (nFakeParticles/nTrueParticles) = 0
21:44:10    RootPatternR   INFO      Duplicate ratio with particles (nDuplicateParticles/nTrueParticles) = 0.967419
21:44:10    RootPatternR   INFO      Wrote performance plots to 'output/v-gap-muon/performance_seeding.root:/'
21:44:10    RootTrackPar   INFO      Wrote estimated parameters from seed to tree 'estimatedparams' in 'output/v-gap-muon/estimatedparams.root'
21:44:10    RzTrackFindi   INFO      RzTrackFinding: 7263 seeds, 7244 tracks, 21.1351 stops and 14.469 candidates per seed, 11.9575 measurements and 0.0329928 holes per track, 0 backward pass failures
21:44:10    RootTrackSum   INFO      Wrote parameters of tracks to tree 'tracksummary' in 'output/v-gap-muon/tracksummary_rz.root'
21:44:10    RootTrackPar   INFO      === Track Parameter Performance Summary ===
21:44:10    RootTrackPar   INFO      Total tracks: 7244
21:44:10    RootTrackPar   INFO      Total matched tracks: 1595
21:44:10    RootTrackPar   INFO      Total particles: 1596
21:44:10    RootTrackPar   INFO      Total matched particles: 1595
21:44:10    RootTrackPar   INFO      Track efficiency: 22.0182%
Warning in <Fit>: Fit data is empty 
Warning in <Fit>: Fit data is empty 
Warning in <Fit>: Fit data is empty 
Warning in <Fit>: Fit data is empty 
Warning in <Fit>: Fit data is empty 
Warning in <Fit>: Fit data is empty 
Warning in <Fit>: Fit data is empty 
Warning in <Fit>: Fit data is empty 
Warning in <Fit>: Fit data is empty 
Warning in <Fit>: Fit data is empty 
Warning in <Fit>: Fit data is empty 
Warning in <Fit>: Fit data is empty 
Warning in <Fit>: Fit data is empty 
Warning in <Fit>: Fit data is empty 
Warning in <Fit>: Fit data is empty 
Warning in <Fit>: Fit data is empty 
Warning in <Fit>: Fit data is empty 
Warning in <Fit>: Fit data is empty 
Warning in <Fit>: Fit data is empty 
Warning in <Fit>: Fit data is empty 
Warning in <Fit>: Fit data is empty 
Warning in <Fit>: Fit data is empty 
Warning in <Fit>: Fit data is empty 
Warning in <Fit>: Fit data is empty 
Warning in <Fit>: Fit data is empty 
Warning in <Fit>: Fit data is empty 
Warning in <Fit>: Fit data is empty 
Warning in <Fit>: Fit data is empty 
Warning in <Fit>: Fit data is empty 
Warning in <Fit>: Fit data is empty 
Warning in <Fit>: Fit data is empty 
Warning in <Fit>: Fit data is empty 
Warning in <Fit>: Fit data is empty 
Warning in <Fit>: Fit data is empty 
Warning in <Fit>: Fit data is empty 
Warning in <Fit>: Fit data is empty 
Warning in <Fit>: Fit data is empty 
Warning in <Fit>: Fit data is empty 
Warning in <Fit>: Fit data is empty 
Warning in <Fit>: Fit data is empty 
Warning in <Fit>: Fit data is empty 
Warning in <Fit>: Fit data is empty 
Warning in <Fit>: Fit data is empty 
Warning in <Fit>: Fit data is empty 
Warning in <Fit>: Fit data is empty 
Warning in <Fit>: Fit data is empty 
Warning in <Fit>: Fit data is empty 
Warning in <Fit>: Fit data is empty 
Warning in <ROOT::Fit::FillData>: fit range is outside histogram range, no fit data for xaxis
Warning in <Fit>: Fit data is empty 
Warning in <ROOT::Fit::FillData>: fit range is outside histogram range, no fit data for xaxis
Warning in <Fit>: Fit data is empty 
Warning in <Fit>: Fit data is empty 
Warning in <ROOT::Fit::FillData>: fit range is outside histogram range, no fit data for xaxis
Warning in <Fit>: Fit data is empty 
Warning in <Fit>: Fit data is empty 
Warning in <ROOT::Fit::FillData>: fit range is outside histogram range, no fit data for xaxis
Warning in <Fit>: Fit data is empty 
Warning in <Fit>: Fit data is empty 
Warning in <ROOT::Fit::FillData>: fit range is outside histogram range, no fit data for xaxis
Warning in <Fit>: Fit data is empty 
Warning in <Fit>: Fit data is empty 
Warning in <Fit>: Fit data is empty 
Warning in <Fit>: Fit data is empty 
Warning in <ROOT::Fit::FillData>: fit range is outside histogram range, no fit data for xaxis
Warning in <Fit>: Fit data is empty 
Warning in <Fit>: Fit data is empty 
Warning in <Fit>: Fit data is empty 
Warning in <Fit>: Fit data is empty 
Warning in <Fit>: Fit data is empty 
Warning in <Fit>: Fit data is empty 
Warning in <ROOT::Fit::FillData>: fit range is outside histogram range, no fit data for xaxis
Warning in <Fit>: Fit data is empty 
Warning in <Fit>: Fit data is empty 
Warning in <Fit>: Fit data is empty 
Warning in <Fit>: Fit data is empty 
Warning in <Fit>: Fit data is empty 
Warning in <Fit>: Fit data is empty 
Warning in <Fit>: Fit data is empty 
Warning in <Fit>: Fit data is empty 
Warning in <Fit>: Fit data is empty 
Warning in <Fit>: Fit data is empty 
Warning in <Fit>: Fit data is empty 
Warning in <Fit>: Fit data is empty 
Warning in <Fit>: Fit data is empty 
Warning in <Fit>: Fit data is empty 
Warning in <ROOT::Fit::FillData>: fit range is outside histogram range, no fit data for xaxis
Warning in <Fit>: Fit data is empty 
Warning in <Fit>: Fit data is empty 
Warning in <Fit>: Fit data is empty 
Warning in <ROOT::Fit::FillData>: fit range is outside histogram range, no fit data for xaxis
Warning in <Fit>: Fit data is empty 
Warning in <Fit>: Fit data is empty 
Warning in <Fit>: Fit data is empty 
Warning in <Fit>: Fit data is empty 
Warning in <Fit>: Fit data is empty 
Warning in <Fit>: Fit data is empty 
Warning in <Fit>: Fit data is empty 
Warning in <Fit>: Fit data is empty 
Warning in <Fit>: Fit data is empty 
Warning in <Fit>: Fit data is empty 
Warning in <Fit>: Fit data is empty 
Warning in <Fit>: Fit data is empty 
Warning in <Fit>: Fit data is empty 
Warning in <Fit>: Fit data is empty 
Warning in <Fit>: Fit data is empty 
Warning in <Fit>: Fit data is empty 
Warning in <Fit>: Fit data is empty 
Warning in <Fit>: Fit data is empty 
Warning in <Fit>: Fit data is empty 
Warning in <Fit>: Fit data is empty 
Warning in <Fit>: Fit data is empty 
Warning in <ROOT::Fit::FillData>: fit range is outside histogram range, no fit data for xaxis
Warning in <Fit>: Fit data is empty 
Warning in <Fit>: Fit data is empty 
Warning in <Fit>: Fit data is empty 
Warning in <Fit>: Fit data is empty 
Warning in <Fit>: Fit data is empty 
Warning in <Fit>: Fit data is empty 
Warning in <Fit>: Fit data is empty 
Warning in <Fit>: Fit data is empty 
Warning in <Fit>: Fit data is empty 
Warning in <Fit>: Fit data is empty 
Warning in <Fit>: Fit data is empty 
Warning in <Fit>: Fit data is empty 
Warning in <Fit>: Fit data is empty 
Warning in <Fit>: Fit data is empty 
Warning in <ROOT::Fit::FillData>: fit range is outside histogram range, no fit data for xaxis
Warning in <Fit>: Fit data is empty 
Warning in <ROOT::Fit::FillData>: fit range is outside histogram range, no fit data for xaxis
Warning in <Fit>: Fit data is empty 
Warning in <Fit>: Fit data is empty 
Warning in <Fit>: Fit data is empty 
Warning in <Fit>: Fit data is empty 
Warning in <Fit>: Fit data is empty 
Warning in <ROOT::Fit::FillData>: fit range is outside histogram range, no fit data for xaxis
Warning in <Fit>: Fit data is empty 
Warning in <ROOT::Fit::FillData>: fit range is outside histogram range, no fit data for xaxis
Warning in <Fit>: Fit data is empty 
21:44:13    RootTrackPar   INFO      Wrote performance plots to 'output/v-gap-muon/performance_fitting_rz.root:/'
21:44:13    RootPatternR   INFO      Efficiency with tracks (nMatchedtracks/nAlltracks) = 0.998205
21:44:13    RootPatternR   INFO      Fake ratio with tracks (nFaketracks/nAlltracks) = 0
21:44:13    RootPatternR   INFO      Duplicate ratio with tracks (nDuplicatetracks/nAlltracks) = 0.778023
21:44:13    RootPatternR   INFO      Efficiency with particles (nMatchedParticles/nTrueParticles) = 0.999373
21:44:13    RootPatternR   INFO      Fake ratio with particles (nFakeParticles/nTrueParticles) = 0
21:44:13    RootPatternR   INFO      Duplicate ratio with particles (nDuplicateParticles/nTrueParticles) = 0.966792
21:44:13    RootPatternR   INFO      Wrote performance plots to 'output/v-gap-muon/performance_finding_rz.root:/'
21:44:13    Sequencer      INFO      No unmasked FPEs encountered
21:44:13    Sequencer      INFO      Processed 200 events in 2.657958 s (wall clock)
21:44:13    Sequencer      INFO      Average time per event: 1.304154 ms/event
21:44:13    Sequencer      INFO      Timing breakdown:
| Algorithm                                      | Total Time (ms) | Time/Event (ms) | Fraction |
|:-----------------------------------------------|----------------:|----------------:|---------:|
| Algorithm:RzTrackFindingAlgorithm              |          114.43 |            0.57 |    43.9% |
| Algorithm:FatrasSimulation                     |           38.23 |            0.19 |    14.7% |
| Writer:RootTrackParameterPerformanceWriter     |           24.02 |            0.12 |     9.2% |
| Algorithm:DigitizationAlgorithm                |           21.96 |            0.11 |     8.4% |
| Writer:RootTrackSummaryWriter                  |           14.79 |            0.07 |     5.7% |
| Writer:RootPatternRecognitionPerformanceWriter |            8.93 |            0.04 |     3.4% |
| Writer:RootPatternRecognitionPerformanceWriter |            8.17 |            0.04 |     3.1% |
| Writer:RootTrackParameterWriter                |            7.00 |            0.03 |     2.7% |
| Algorithm:GridTripletSeedingAlgorithm          |            5.82 |            0.03 |     2.2% |
| Algorithm:TrackParamsEstimationAlgorithm       |            4.97 |            0.02 |     1.9% |
| Algorithm:TrackTruthMatcher                    |            2.71 |            0.01 |     1.0% |
| Algorithm:SpacePointMaker                      |            2.28 |            0.01 |     0.9% |
| Reader:EventGenerator                          |            2.24 |            0.01 |     0.9% |
| Algorithm:SeedsToTracks                        |            1.93 |            0.01 |     0.7% |
| Algorithm:TrackTruthMatcher                    |            1.85 |            0.01 |     0.7% |
| Algorithm:HepMC3InputConverter                 |            0.97 |            0.00 |     0.4% |
| Algorithm:ParticleSelector                     |            0.33 |            0.00 |     0.1% |
| Algorithm:SeedsToProtoTracks                   |            0.19 |            0.00 |     0.1% |
| TOTAL                                          |          260.83 |            1.30 |   100.0% |

