20:40:46    GenericDetec   INFO      Building tracking geometry
20:40:46    GenericDetec   INFO      Building tracking geometry for Generic Detector in Gen1 mode
20:40:46    GenericDetec   INFO      Tracking geometry built
20:40:46    Sequencer      INFO      Create Sequencer (single-threaded)
20:40:46    Sequencer      INFO      Add Reader 'EventGenerator'
20:40:46    Sequencer      INFO      -> OutputEvent 'particle_gun_event':
20:40:46    Sequencer      INFO         shared_ptr<HepMC3::GenEvent>
20:40:46    Sequencer      INFO      Add Algorithm 'HepMC3InputConverter'
20:40:46    Sequencer      INFO      <- InputEvent 'particle_gun_event':
20:40:46    Sequencer      INFO         shared_ptr<HepMC3::GenEvent>
20:40:46    Sequencer      INFO      -> OutputParticles 'particles_generated':
20:40:46    Sequencer      INFO         flat_set<SimParticle, detail::CompareParticleId, void>
20:40:46    Sequencer      INFO      -> OutputVertices 'vertices_generated':
20:40:46    Sequencer      INFO         flat_set<SimVertex, detail::CompareVertexId, void>
20:40:46    Sequencer      INFO      Key 'particles_generated' aliased to 'particles'
20:40:46    Sequencer      INFO      Key 'vertices_generated' aliased to 'vertices_truth'
20:40:46    Sequencer      INFO      Key 'particles_generated' aliased to 'particles_generated_selected'
20:40:46    Sequencer      INFO      Add Algorithm 'FatrasSimulation'
20:40:46    Sequencer      INFO      <- InputParticles 'particles_generated_selected':
20:40:46    Sequencer      INFO         flat_set<SimParticle, detail::CompareParticleId, void>
20:40:46    Sequencer      INFO      -> OutputSimHits 'simhits':
20:40:46    Sequencer      INFO         flat_multiset<Hit, detail::CompareGeometryId, void>
20:40:46    Sequencer      INFO      -> OutputParticles 'particles_simulated':
20:40:46    Sequencer      INFO         flat_set<SimParticle, detail::CompareParticleId, void>
20:40:46    Sequencer      INFO      Key 'particles_simulated' aliased to 'particles'
20:40:46    Sequencer      INFO      Key 'particles_simulated' aliased to 'particles_simulated_selected'
20:40:47    Sequencer      INFO      Add Algorithm 'DigitizationAlgorithm'
20:40:47    Sequencer      INFO      <- InputHits 'simhits':
20:40:47    Sequencer      INFO         flat_multiset<Hit, detail::CompareGeometryId, void>
20:40:47    Sequencer      INFO      -> OutputMeasurements 'measurements':
20:40:47    Sequencer      INFO         MeasurementContainer
20:40:47    Sequencer      INFO      -> OutputMeasurementSubset 'measurement_subset':
20:40:47    Sequencer      INFO         MeasurementSubset
20:40:47    Sequencer      INFO      -> OutputClusters 'clusters':
20:40:47    Sequencer      INFO         vector<Cluster>
20:40:47    Sequencer      INFO      -> OutputMeasurementParticlesMap 'measurement_particles_map':
20:40:47    Sequencer      INFO         flat_multimap<unsigned int, Barcode, less<unsigned int>, void>
20:40:47    Sequencer      INFO      -> OutputMeasurementSimHitsMap 'measurement_simhits_map':
20:40:47    Sequencer      INFO         flat_multimap<unsigned int, unsigned int, less<unsigned int>, void>
20:40:47    Sequencer      INFO      -> OutputParticleMeasurementsMap 'particle_measurements_map':
20:40:47    Sequencer      INFO         flat_multimap<Barcode, unsigned int, less<Barcode>, void>
20:40:47    Sequencer      INFO      -> OutputSimHitMeasurementsMap 'simhit_measurements_map':
20:40:47    Sequencer      INFO         flat_multimap<unsigned int, unsigned int, less<unsigned int>, void>
20:40:47    Sequencer      INFO      Add Algorithm 'ParticleSelector'
20:40:47    Sequencer      INFO      <- InputParticles 'particles_simulated_selected':
20:40:47    Sequencer      INFO         flat_set<SimParticle, detail::CompareParticleId, void>
20:40:47    Sequencer      INFO      <- InputParticleMeasurementsMap 'particle_measurements_map':
20:40:47    Sequencer      INFO         flat_multimap<Barcode, unsigned int, less<Barcode>, void>
20:40:47    Sequencer      INFO      <- InputMeasurements 'measurements':
20:40:47    Sequencer      INFO         MeasurementContainer
20:40:47    Sequencer      INFO      -> OutputParticles 'tmp_particles_digitized_selected':
20:40:47    Sequencer      INFO         flat_set<SimParticle, detail::CompareParticleId, void>
20:40:47    Sequencer      INFO      Key 'tmp_particles_digitized_selected' aliased to 'particles_selected'
20:40:47    Sequencer      INFO      Key 'tmp_particles_digitized_selected' aliased to 'particles_digitized_selected'
20:40:47    Sequencer      INFO      Add Algorithm 'SpacePointMaker'
20:40:47    Sequencer      INFO      <- InputMeasurements 'measurement_subset':
20:40:47    Sequencer      INFO         MeasurementSubset
20:40:47    Sequencer      INFO      -> OutputSpacePoints 'spacepoints':
20:40:47    Sequencer      INFO         SpacePointContainer
20:40:47    addSeeding     INFO      Using grid triplet seeding
20:40:47    Sequencer      INFO      Add Algorithm 'GridTripletSeedingAlgorithm'
20:40:47    Sequencer      INFO      <- InputSpacePoints 'spacepoints':
20:40:47    Sequencer      INFO         SpacePointContainer
20:40:47    Sequencer      INFO      -> OutputSeeds 'seeds':
20:40:47    Sequencer      INFO         SeedContainer
20:40:47    Sequencer      INFO      Add Algorithm 'TrackParamsEstimationAlgorithm'
20:40:47    Sequencer      INFO      <- InputSeeds 'seeds':
20:40:47    Sequencer      INFO         SeedContainer
20:40:47    Sequencer      INFO      -> OutputTrackParameters 'estimatedparameters':
20:40:47    Sequencer      INFO         vector<BoundTrackParameters>
20:40:47    Sequencer      INFO      -> OutputSeeds 'estimatedseeds':
20:40:47    Sequencer      INFO         SeedContainer
20:40:47    Sequencer      INFO      Add Algorithm 'SeedsToProtoTracks'
20:40:47    Sequencer      INFO      <- InputSeeds 'estimatedseeds':
20:40:47    Sequencer      INFO         SeedContainer
20:40:47    Sequencer      INFO      -> OutputProtoTracks 'seed-protoTracks':
20:40:47    Sequencer      INFO         vector<small_vector<unsigned int, 3ul, void, void>>
20:40:47    Sequencer      INFO      Add Algorithm 'SeedsToTracks'
20:40:47    Sequencer      INFO      <- InputSeeds 'estimatedseeds':
20:40:47    Sequencer      INFO         SeedContainer
20:40:47    Sequencer      INFO      <- InputTrackParameters 'estimatedparameters':
20:40:47    Sequencer      INFO         vector<BoundTrackParameters>
20:40:47    Sequencer      INFO      -> OutputTracks 'seed-tracks':
20:40:47    Sequencer      INFO            TrackContainer<ConstVectorTrackContainer, ConstVectorMultiTrajectory, shared_ptr>
20:40:47    Sequencer      INFO      Add Algorithm 'TrackTruthMatcher'
20:40:47    Sequencer      INFO      <- InputTracks 'seed-tracks':
20:40:47    Sequencer      INFO            TrackContainer<ConstVectorTrackContainer, ConstVectorMultiTrajectory, shared_ptr>
20:40:47    Sequencer      INFO      <- InputParticles 'particles_selected':
20:40:47    Sequencer      INFO         flat_set<SimParticle, detail::CompareParticleId, void>
20:40:47    Sequencer      INFO      <- InputMeasurementParticlesMap 'measurement_particles_map':
20:40:47    Sequencer      INFO         flat_multimap<unsigned int, Barcode, less<unsigned int>, void>
20:40:47    Sequencer      INFO      -> OutputTrackParticleMatching 'seed_particle_matching':
20:40:47    Sequencer      INFO            map<unsigned int, TrackMatchEntry, less<unsigned int>, allocator<pair<unsigned int const, TrackMatchEntry>>>
20:40:47    Sequencer      INFO      -> OutputParticleTrackMatching 'particle_seed_matching':
20:40:47    Sequencer      INFO            map<Barcode, ParticleMatchEntry, less<Barcode>, allocator<pair<Barcode const, ParticleMatchEntry>>>
20:40:48    Sequencer      INFO      Add Writer 'RootPatternRecognitionPerformanceWriter'
20:40:48    Sequencer      INFO      <- InputHandle 'seed-tracks':
20:40:48    Sequencer      INFO            TrackContainer<ConstVectorTrackContainer, ConstVectorMultiTrajectory, shared_ptr>
20:40:48    Sequencer      INFO      <- InputParticles 'particles_selected':
20:40:48    Sequencer      INFO         flat_set<SimParticle, detail::CompareParticleId, void>
20:40:48    Sequencer      INFO      <- InputTrackParticleMatching 'seed_particle_matching':
20:40:48    Sequencer      INFO            map<unsigned int, TrackMatchEntry, less<unsigned int>, allocator<pair<unsigned int const, TrackMatchEntry>>>
20:40:48    Sequencer      INFO      <- InputParticleTrackMatching 'particle_seed_matching':
20:40:48    Sequencer      INFO            map<Barcode, ParticleMatchEntry, less<Barcode>, allocator<pair<Barcode const, ParticleMatchEntry>>>
20:40:48    Sequencer      INFO      <- InputParticleMeasurementsMap 'particle_measurements_map':
20:40:48    Sequencer      INFO         flat_multimap<Barcode, unsigned int, less<Barcode>, void>
20:40:48    Sequencer      INFO      Add Writer 'RootTrackParameterWriter'
20:40:48    Sequencer      INFO      <- InputHandle 'estimatedparameters':
20:40:48    Sequencer      INFO         vector<BoundTrackParameters>
20:40:48    Sequencer      INFO      <- InputProtoTracks 'seed-protoTracks':
20:40:48    Sequencer      INFO         vector<small_vector<unsigned int, 3ul, void, void>>
20:40:48    Sequencer      INFO      <- InputParticles 'particles':
20:40:48    Sequencer      INFO         flat_set<SimParticle, detail::CompareParticleId, void>
20:40:48    Sequencer      INFO      <- InputSimHits 'simhits':
20:40:48    Sequencer      INFO         flat_multiset<Hit, detail::CompareGeometryId, void>
20:40:48    Sequencer      INFO      <- InputMeasurementParticlesMap 'measurement_particles_map':
20:40:48    Sequencer      INFO         flat_multimap<unsigned int, Barcode, less<unsigned int>, void>
20:40:48    Sequencer      INFO      <- InputMeasurementSimHitsMap 'measurement_simhits_map':
20:40:48    Sequencer      INFO         flat_multimap<unsigned int, unsigned int, less<unsigned int>, void>
20:40:48    RzTrackFindi   INFO      RZ layout: 22 cylinders, 82 discs, 48 sensitive layers, 18728 modules, escape r 1028.54 |z| 3001
20:40:48    Sequencer      INFO      Add Algorithm 'RzTrackFindingAlgorithm'
20:40:48    Sequencer      INFO      <- InputMeasurements 'measurements':
20:40:48    Sequencer      INFO         MeasurementContainer
20:40:48    Sequencer      INFO      <- InputInitialTrackParameters 'estimatedparameters':
20:40:48    Sequencer      INFO         vector<BoundTrackParameters>
20:40:48    Sequencer      INFO      -> OutputTracks 'rz_tracks':
20:40:48    Sequencer      INFO            TrackContainer<ConstVectorTrackContainer, ConstVectorMultiTrajectory, shared_ptr>
20:40:48    Sequencer      INFO      Add Algorithm 'TrackTruthMatcher'
20:40:48    Sequencer      INFO      <- InputTracks 'rz_tracks':
20:40:48    Sequencer      INFO            TrackContainer<ConstVectorTrackContainer, ConstVectorMultiTrajectory, shared_ptr>
20:40:48    Sequencer      INFO      <- InputParticles 'particles_selected':
20:40:48    Sequencer      INFO         flat_set<SimParticle, detail::CompareParticleId, void>
20:40:48    Sequencer      INFO      <- InputMeasurementParticlesMap 'measurement_particles_map':
20:40:48    Sequencer      INFO         flat_multimap<unsigned int, Barcode, less<unsigned int>, void>
20:40:48    Sequencer      INFO      -> OutputTrackParticleMatching 'rz_track_particle_matching':
20:40:48    Sequencer      INFO            map<unsigned int, TrackMatchEntry, less<unsigned int>, allocator<pair<unsigned int const, TrackMatchEntry>>>
20:40:48    Sequencer      INFO      -> OutputParticleTrackMatching 'rz_particle_track_matching':
20:40:48    Sequencer      INFO            map<Barcode, ParticleMatchEntry, less<Barcode>, allocator<pair<Barcode const, ParticleMatchEntry>>>
20:40:48    Sequencer      INFO      Key 'rz_track_particle_matching' aliased to 'track_particle_matching'
20:40:48    Sequencer      INFO      Key 'rz_particle_track_matching' aliased to 'particle_track_matching'
20:40:48    Sequencer      INFO      Add Writer 'RootTrackSummaryWriter'
20:40:48    Sequencer      INFO      <- InputHandle 'rz_tracks':
20:40:48    Sequencer      INFO            TrackContainer<ConstVectorTrackContainer, ConstVectorMultiTrajectory, shared_ptr>
20:40:48    Sequencer      INFO      <- InputParticles 'particles_selected':
20:40:48    Sequencer      INFO         flat_set<SimParticle, detail::CompareParticleId, void>
20:40:48    Sequencer      INFO      <- InputTrackParticleMatching 'track_particle_matching':
20:40:48    Sequencer      INFO            map<unsigned int, TrackMatchEntry, less<unsigned int>, allocator<pair<unsigned int const, TrackMatchEntry>>>
20:40:48    Sequencer      INFO      Add Writer 'RootTrackParameterPerformanceWriter'
20:40:48    Sequencer      INFO      <- InputHandle 'rz_tracks':
20:40:48    Sequencer      INFO            TrackContainer<ConstVectorTrackContainer, ConstVectorMultiTrajectory, shared_ptr>
20:40:48    Sequencer      INFO      <- InputParticles 'particles_selected':
20:40:48    Sequencer      INFO         flat_set<SimParticle, detail::CompareParticleId, void>
20:40:48    Sequencer      INFO      <- InputTrackParticleMatching 'track_particle_matching':
20:40:48    Sequencer      INFO            map<unsigned int, TrackMatchEntry, less<unsigned int>, allocator<pair<unsigned int const, TrackMatchEntry>>>
20:40:48    Sequencer      INFO      Add Writer 'RootPatternRecognitionPerformanceWriter'
20:40:48    Sequencer      INFO      <- InputHandle 'rz_tracks':
20:40:48    Sequencer      INFO            TrackContainer<ConstVectorTrackContainer, ConstVectorMultiTrajectory, shared_ptr>
20:40:48    Sequencer      INFO      <- InputParticles 'particles_selected':
20:40:48    Sequencer      INFO         flat_set<SimParticle, detail::CompareParticleId, void>
20:40:48    Sequencer      INFO      <- InputTrackParticleMatching 'track_particle_matching':
20:40:48    Sequencer      INFO            map<unsigned int, TrackMatchEntry, less<unsigned int>, allocator<pair<unsigned int const, TrackMatchEntry>>>
20:40:48    Sequencer      INFO      <- InputParticleTrackMatching 'particle_track_matching':
20:40:48    Sequencer      INFO            map<Barcode, ParticleMatchEntry, less<Barcode>, allocator<pair<Barcode const, ParticleMatchEntry>>>
20:40:48    Sequencer      INFO      <- InputParticleMeasurementsMap 'particle_measurements_map':
20:40:48    Sequencer      INFO         flat_multimap<Barcode, unsigned int, less<Barcode>, void>
20:40:48    Sequencer      INFO      Processing events [0, 200)
20:40:48    Sequencer      INFO      Starting event loop with 1 threads
20:40:48    Sequencer      INFO        0 context decorators
20:40:48    Sequencer      INFO        18 sequence elements
20:40:48    Sequencer      INFO        1 readers
20:40:48    Sequencer      INFO        12 algorithms
20:40:48    Sequencer      INFO        5 writers
20:40:48    Sequencer      INFO      100 / 200 events processed
20:40:48    Sequencer      INFO      200 / 200 events processed
20:40:48    RootPatternR   INFO      Efficiency with seeds (nMatchedseeds/nAllseeds) = 0.99821
20:40:48    RootPatternR   INFO      Fake ratio with seeds (nFakeseeds/nAllseeds) = 0
20:40:48    RootPatternR   INFO      Duplicate ratio with seeds (nDuplicateseeds/nAllseeds) = 0.778466
20:40:48    RootPatternR   INFO      Efficiency with particles (nMatchedParticles/nTrueParticles) = 1
20:40:48    RootPatternR   INFO      Fake ratio with particles (nFakeParticles/nTrueParticles) = 0
20:40:48    RootPatternR   INFO      Duplicate ratio with particles (nDuplicateParticles/nTrueParticles) = 0.967419
20:40:48    RootPatternR   INFO      Wrote performance plots to 'output/v-mod2-muon/performance_seeding.root:/'
20:40:48    RootTrackPar   INFO      Wrote estimated parameters from seed to tree 'estimatedparams' in 'output/v-mod2-muon/estimatedparams.root'
20:40:48    RzTrackFindi   INFO      RzTrackFinding: 7263 seeds, 7244 tracks, 21.1022 stops and 15.0354 candidates per seed, 12.0065 measurements and 0.0169796 holes per track, 0 backward pass failures
20:40:48    RootTrackSum   INFO      Wrote parameters of tracks to tree 'tracksummary' in 'output/v-mod2-muon/tracksummary_rz.root'
20:40:48    RootTrackPar   INFO      === Track Parameter Performance Summary ===
20:40:48    RootTrackPar   INFO      Total tracks: 7244
20:40:48    RootTrackPar   INFO      Total matched tracks: 1595
20:40:48    RootTrackPar   INFO      Total particles: 1596
20:40:48    RootTrackPar   INFO      Total matched particles: 1595
20:40:48    RootTrackPar   INFO      Track efficiency: 22.0182%
Warning in <Fit>: Fit data is empty 
Warning in <Fit>: Fit data is empty 
Warning in <Fit>: Fit data is empty 
Warning in <Fit>: Fit data is empty 
Warning in <Fit>: Fit data is empty 
Warning in <Fit>: Fit data is empty 
Warning in <Fit>: Fit data is empty 
Warning in <Fit>: Fit data is empty 
Warning in <Fit>: Fit data is empty 
Warning in <Fit>: Fit data is empty 
Warning in <Fit>: Fit data is empty 
Warning in <Fit>: Fit data is empty 
Warning in <Fit>: Fit data is empty 
Warning in <Fit>: Fit data is empty 
Warning in <Fit>: Fit data is empty 
Warning in <Fit>: Fit data is empty 
Warning in <Fit>: Fit data is empty 
Warning in <Fit>: Fit data is empty 
Warning in <Fit>: Fit data is empty 
Warning in <Fit>: Fit data is empty 
Warning in <Fit>: Fit data is empty 
Warning in <Fit>: Fit data is empty 
Warning in <Fit>: Fit data is empty 
Warning in <Fit>: Fit data is empty 
Warning in <Fit>: Fit data is empty 
Warning in <Fit>: Fit data is empty 
Warning in <Fit>: Fit data is empty 
Warning in <Fit>: Fit data is empty 
Warning in <Fit>: Fit data is empty 
Warning in <Fit>: Fit data is empty 
Warning in <Fit>: Fit data is empty 
Warning in <Fit>: Fit data is empty 
Warning in <Fit>: Fit data is empty 
Warning in <Fit>: Fit data is empty 
Warning in <Fit>: Fit data is empty 
Warning in <Fit>: Fit data is empty 
Warning in <Fit>: Fit data is empty 
Warning in <Fit>: Fit data is empty 
Warning in <Fit>: Fit data is empty 
Warning in <Fit>: Fit data is empty 
Warning in <ROOT::Fit::FillData>: fit range is outside histogram range, no fit data for xaxis
Warning in <Fit>: Fit data is empty 
Warning in <Fit>: Fit data is empty 
Warning in <Fit>: Fit data is empty 
Warning in <Fit>: Fit data is empty 
Warning in <Fit>: Fit data is empty 
Warning in <Fit>: Fit data is empty 
Warning in <Fit>: Fit data is empty 
Warning in <ROOT::Fit::FillData>: fit range is outside histogram range, no fit data for xaxis
Warning in <Fit>: Fit data is empty 
Warning in <Fit>: Fit data is empty 
Warning in <Fit>: Fit data is empty 
Warning in <ROOT::Fit::FillData>: fit range is outside histogram range, no fit data for xaxis
Warning in <Fit>: Fit data is empty 
Warning in <Fit>: Fit data is empty 
Warning in <Fit>: Fit data is empty 
Warning in <ROOT::Fit::FillData>: fit range is outside histogram range, no fit data for xaxis
Warning in <Fit>: Fit data is empty 
Warning in <Fit>: Fit data is empty 
Warning in <Fit>: Fit data is empty 
Warning in <Fit>: Fit data is empty 
Warning in <Fit>: Fit data is empty 
Warning in <Fit>: Fit data is empty 
Warning in <ROOT::Fit::FillData>: fit range is outside histogram range, no fit data for xaxis
Warning in <Fit>: Fit data is empty 
Warning in <Fit>: Fit data is empty 
Warning in <Fit>: Fit data is empty 
Warning in <Fit>: Fit data is empty 
Warning in <Fit>: Fit data is empty 
Warning in <Fit>: Fit data is empty 
Warning in <Fit>: Fit data is empty 
Warning in <ROOT::Fit::FillData>: fit range is outside histogram range, no fit data for xaxis
Warning in <Fit>: Fit data is empty 
Warning in <ROOT::Fit::FillData>: fit range is outside histogram range, no fit data for xaxis
Warning in <Fit>: Fit data is empty 
Warning in <Fit>: Fit data is empty 
Warning in <Fit>: Fit data is empty 
Warning in <Fit>: Fit data is empty 
Warning in <Fit>: Fit data is empty 
Warning in <Fit>: Fit data is empty 
Warning in <Fit>: Fit data is empty 
Warning in <Fit>: Fit data is empty 
Warning in <Fit>: Fit data is empty 
Warning in <Fit>: Fit data is empty 
Warning in <Fit>: Fit data is empty 
Warning in <Fit>: Fit data is empty 
Warning in <Fit>: Fit data is empty 
Warning in <ROOT::Fit::FillData>: fit range is outside histogram range, no fit data for xaxis
Warning in <Fit>: Fit data is empty 
Warning in <Fit>: Fit data is empty 
Warning in <Fit>: Fit data is empty 
Warning in <Fit>: Fit data is empty 
Warning in <ROOT::Fit::FillData>: fit range is outside histogram range, no fit data for xaxis
Warning in <Fit>: Fit data is empty 
Warning in <Fit>: Fit data is empty 
Warning in <Fit>: Fit data is empty 
Warning in <Fit>: Fit data is empty 
Warning in <Fit>: Fit data is empty 
Warning in <Fit>: Fit data is empty 
Warning in <Fit>: Fit data is empty 
Warning in <Fit>: Fit data is empty 
Warning in <Fit>: Fit data is empty 
Warning in <Fit>: Fit data is empty 
Warning in <Fit>: Fit data is empty 
Warning in <Fit>: Fit data is empty 
Warning in <Fit>: Fit data is empty 
Warning in <Fit>: Fit data is empty 
Warning in <Fit>: Fit data is empty 
Warning in <Fit>: Fit data is empty 
Warning in <Fit>: Fit data is empty 
Warning in <Fit>: Fit data is empty 
Warning in <Fit>: Fit data is empty 
Warning in <Fit>: Fit data is empty 
Warning in <Fit>: Fit data is empty 
Warning in <Fit>: Fit data is empty 
Warning in <Fit>: Fit data is empty 
Warning in <ROOT::Fit::FillData>: fit range is outside histogram range, no fit data for xaxis
Warning in <Fit>: Fit data is empty 
Warning in <Fit>: Fit data is empty 
Warning in <Fit>: Fit data is empty 
Warning in <Fit>: Fit data is empty 
Warning in <Fit>: Fit data is empty 
Warning in <Fit>: Fit data is empty 
Warning in <Fit>: Fit data is empty 
Warning in <Fit>: Fit data is empty 
Warning in <Fit>: Fit data is empty 
Warning in <Fit>: Fit data is empty 
Warning in <Fit>: Fit data is empty 
Warning in <ROOT::Fit::FillData>: fit range is outside histogram range, no fit data for xaxis
Warning in <Fit>: Fit data is empty 
Warning in <Fit>: Fit data is empty 
Warning in <Fit>: Fit data is empty 
Warning in <Fit>: Fit data is empty 
Warning in <Fit>: Fit data is empty 
Warning in <ROOT::Fit::FillData>: fit range is outside histogram range, no fit data for xaxis
Warning in <Fit>: Fit data is empty 
Warning in <Fit>: Fit data is empty 
Warning in <Fit>: Fit data is empty 
Warning in <Fit>: Fit data is empty 
Warning in <Fit>: Fit data is empty 
Warning in <Fit>: Fit data is empty 
20:40:51    RootTrackPar   INFO      Wrote performance plots to 'output/v-mod2-muon/performance_fitting_rz.root:/'
20:40:51    RootPatternR   INFO      Efficiency with tracks (nMatchedtracks/nAlltracks) = 0.998205
20:40:51    RootPatternR   INFO      Fake ratio with tracks (nFaketracks/nAlltracks) = 0
20:40:51    RootPatternR   INFO      Duplicate ratio with tracks (nDuplicatetracks/nAlltracks) = 0.778023
20:40:51    RootPatternR   INFO      Efficiency with particles (nMatchedParticles/nTrueParticles) = 0.999373
20:40:51    RootPatternR   INFO      Fake ratio with particles (nFakeParticles/nTrueParticles) = 0
20:40:51    RootPatternR   INFO      Duplicate ratio with particles (nDuplicateParticles/nTrueParticles) = 0.966792
20:40:51    RootPatternR   INFO      Wrote performance plots to 'output/v-mod2-muon/performance_finding_rz.root:/'
20:40:51    Sequencer      INFO      No unmasked FPEs encountered
20:40:51    Sequencer      INFO      Processed 200 events in 2.606194 s (wall clock)
20:40:51    Sequencer      INFO      Average time per event: 1.576033 ms/event
20:40:51    Sequencer      INFO      Timing breakdown:
| Algorithm                                      | Total Time (ms) | Time/Event (ms) | Fraction |
|:-----------------------------------------------|----------------:|----------------:|---------:|
| Algorithm:RzTrackFindingAlgorithm              |          172.53 |            0.86 |    54.7% |
| Algorithm:FatrasSimulation                     |           37.00 |            0.19 |    11.7% |
| Writer:RootTrackParameterPerformanceWriter     |           22.69 |            0.11 |     7.2% |
| Algorithm:DigitizationAlgorithm                |           21.68 |            0.11 |     6.9% |
| Writer:RootTrackSummaryWriter                  |           14.67 |            0.07 |     4.7% |
| Writer:RootPatternRecognitionPerformanceWriter |            8.78 |            0.04 |     2.8% |
| Writer:RootPatternRecognitionPerformanceWriter |            8.20 |            0.04 |     2.6% |
| Writer:RootTrackParameterWriter                |            6.76 |            0.03 |     2.1% |
| Algorithm:GridTripletSeedingAlgorithm          |            5.77 |            0.03 |     1.8% |
| Algorithm:TrackParamsEstimationAlgorithm       |            4.91 |            0.02 |     1.6% |
| Algorithm:TrackTruthMatcher                    |            2.65 |            0.01 |     0.8% |
| Reader:EventGenerator                          |            2.34 |            0.01 |     0.7% |
| Algorithm:SpacePointMaker                      |            2.07 |            0.01 |     0.7% |
| Algorithm:SeedsToTracks                        |            1.89 |            0.01 |     0.6% |
| Algorithm:TrackTruthMatcher                    |            1.80 |            0.01 |     0.6% |
| Algorithm:HepMC3InputConverter                 |            0.95 |            0.00 |     0.3% |
| Algorithm:ParticleSelector                     |            0.34 |            0.00 |     0.1% |
| Algorithm:SeedsToProtoTracks                   |            0.17 |            0.00 |     0.1% |
| TOTAL                                          |          315.21 |            1.58 |   100.0% |

