21:50:21    GenericDetec   INFO      Building tracking geometry
21:50:21    GenericDetec   INFO      Building tracking geometry for Generic Detector in Gen1 mode
21:50:21    GenericDetec   INFO      Tracking geometry built
21:50:21    Sequencer      INFO      Create Sequencer (single-threaded)
21:50:21    Sequencer      INFO      Add Reader 'EventGenerator'
21:50:21    Sequencer      INFO      -> OutputEvent 'particle_gun_event':
21:50:21    Sequencer      INFO         shared_ptr<HepMC3::GenEvent>
21:50:21    Sequencer      INFO      Add Algorithm 'HepMC3InputConverter'
21:50:21    Sequencer      INFO      <- InputEvent 'particle_gun_event':
21:50:21    Sequencer      INFO         shared_ptr<HepMC3::GenEvent>
21:50:21    Sequencer      INFO      -> OutputParticles 'particles_generated':
21:50:21    Sequencer      INFO         flat_set<SimParticle, detail::CompareParticleId, void>
21:50:21    Sequencer      INFO      -> OutputVertices 'vertices_generated':
21:50:21    Sequencer      INFO         flat_set<SimVertex, detail::CompareVertexId, void>
21:50:21    Sequencer      INFO      Key 'particles_generated' aliased to 'particles'
21:50:21    Sequencer      INFO      Key 'vertices_generated' aliased to 'vertices_truth'
21:50:21    Sequencer      INFO      Key 'particles_generated' aliased to 'particles_generated_selected'
21:50:21    Sequencer      INFO      Add Algorithm 'FatrasSimulation'
21:50:21    Sequencer      INFO      <- InputParticles 'particles_generated_selected':
21:50:21    Sequencer      INFO         flat_set<SimParticle, detail::CompareParticleId, void>
21:50:21    Sequencer      INFO      -> OutputSimHits 'simhits':
21:50:21    Sequencer      INFO         flat_multiset<Hit, detail::CompareGeometryId, void>
21:50:21    Sequencer      INFO      -> OutputParticles 'particles_simulated':
21:50:21    Sequencer      INFO         flat_set<SimParticle, detail::CompareParticleId, void>
21:50:21    Sequencer      INFO      Key 'particles_simulated' aliased to 'particles'
21:50:21    Sequencer      INFO      Key 'particles_simulated' aliased to 'particles_simulated_selected'
21:50:21    Sequencer      INFO      Add Algorithm 'DigitizationAlgorithm'
21:50:21    Sequencer      INFO      <- InputHits 'simhits':
21:50:21    Sequencer      INFO         flat_multiset<Hit, detail::CompareGeometryId, void>
21:50:21    Sequencer      INFO      -> OutputMeasurements 'measurements':
21:50:21    Sequencer      INFO         MeasurementContainer
21:50:21    Sequencer      INFO      -> OutputMeasurementSubset 'measurement_subset':
21:50:21    Sequencer      INFO         MeasurementSubset
21:50:21    Sequencer      INFO      -> OutputClusters 'clusters':
21:50:21    Sequencer      INFO         vector<Cluster>
21:50:21    Sequencer      INFO      -> OutputMeasurementParticlesMap 'measurement_particles_map':
21:50:21    Sequencer      INFO         flat_multimap<unsigned int, Barcode, less<unsigned int>, void>
21:50:21    Sequencer      INFO      -> OutputMeasurementSimHitsMap 'measurement_simhits_map':
21:50:21    Sequencer      INFO         flat_multimap<unsigned int, unsigned int, less<unsigned int>, void>
21:50:21    Sequencer      INFO      -> OutputParticleMeasurementsMap 'particle_measurements_map':
21:50:21    Sequencer      INFO         flat_multimap<Barcode, unsigned int, less<Barcode>, void>
21:50:21    Sequencer      INFO      -> OutputSimHitMeasurementsMap 'simhit_measurements_map':
21:50:21    Sequencer      INFO         flat_multimap<unsigned int, unsigned int, less<unsigned int>, void>
21:50:21    Sequencer      INFO      Add Algorithm 'ParticleSelector'
21:50:21    Sequencer      INFO      <- InputParticles 'particles_simulated_selected':
21:50:21    Sequencer      INFO         flat_set<SimParticle, detail::CompareParticleId, void>
21:50:21    Sequencer      INFO      <- InputParticleMeasurementsMap 'particle_measurements_map':
21:50:21    Sequencer      INFO         flat_multimap<Barcode, unsigned int, less<Barcode>, void>
21:50:21    Sequencer      INFO      <- InputMeasurements 'measurements':
21:50:21    Sequencer      INFO         MeasurementContainer
21:50:21    Sequencer      INFO      -> OutputParticles 'tmp_particles_digitized_selected':
21:50:21    Sequencer      INFO         flat_set<SimParticle, detail::CompareParticleId, void>
21:50:21    Sequencer      INFO      Key 'tmp_particles_digitized_selected' aliased to 'particles_selected'
21:50:21    Sequencer      INFO      Key 'tmp_particles_digitized_selected' aliased to 'particles_digitized_selected'
21:50:21    Sequencer      INFO      Add Algorithm 'SpacePointMaker'
21:50:21    Sequencer      INFO      <- InputMeasurements 'measurement_subset':
21:50:21    Sequencer      INFO         MeasurementSubset
21:50:21    Sequencer      INFO      -> OutputSpacePoints 'spacepoints':
21:50:21    Sequencer      INFO         SpacePointContainer
21:50:21    addSeeding     INFO      Using grid triplet seeding
21:50:21    Sequencer      INFO      Add Algorithm 'GridTripletSeedingAlgorithm'
21:50:21    Sequencer      INFO      <- InputSpacePoints 'spacepoints':
21:50:21    Sequencer      INFO         SpacePointContainer
21:50:21    Sequencer      INFO      -> OutputSeeds 'seeds':
21:50:21    Sequencer      INFO         SeedContainer
21:50:21    Sequencer      INFO      Add Algorithm 'TrackParamsEstimationAlgorithm'
21:50:21    Sequencer      INFO      <- InputSeeds 'seeds':
21:50:21    Sequencer      INFO         SeedContainer
21:50:21    Sequencer      INFO      -> OutputTrackParameters 'estimatedparameters':
21:50:21    Sequencer      INFO         vector<BoundTrackParameters>
21:50:21    Sequencer      INFO      -> OutputSeeds 'estimatedseeds':
21:50:21    Sequencer      INFO         SeedContainer
21:50:21    Sequencer      INFO      Add Algorithm 'SeedsToProtoTracks'
21:50:21    Sequencer      INFO      <- InputSeeds 'estimatedseeds':
21:50:21    Sequencer      INFO         SeedContainer
21:50:21    Sequencer      INFO      -> OutputProtoTracks 'seed-protoTracks':
21:50:21    Sequencer      INFO         vector<small_vector<unsigned int, 3ul, void, void>>
21:50:21    Sequencer      INFO      Add Algorithm 'SeedsToTracks'
21:50:21    Sequencer      INFO      <- InputSeeds 'estimatedseeds':
21:50:21    Sequencer      INFO         SeedContainer
21:50:21    Sequencer      INFO      <- InputTrackParameters 'estimatedparameters':
21:50:21    Sequencer      INFO         vector<BoundTrackParameters>
21:50:21    Sequencer      INFO      -> OutputTracks 'seed-tracks':
21:50:21    Sequencer      INFO            TrackContainer<ConstVectorTrackContainer, ConstVectorMultiTrajectory, shared_ptr>
21:50:21    Sequencer      INFO      Add Algorithm 'TrackTruthMatcher'
21:50:21    Sequencer      INFO      <- InputTracks 'seed-tracks':
21:50:21    Sequencer      INFO            TrackContainer<ConstVectorTrackContainer, ConstVectorMultiTrajectory, shared_ptr>
21:50:21    Sequencer      INFO      <- InputParticles 'particles_selected':
21:50:21    Sequencer      INFO         flat_set<SimParticle, detail::CompareParticleId, void>
21:50:21    Sequencer      INFO      <- InputMeasurementParticlesMap 'measurement_particles_map':
21:50:21    Sequencer      INFO         flat_multimap<unsigned int, Barcode, less<unsigned int>, void>
21:50:21    Sequencer      INFO      -> OutputTrackParticleMatching 'seed_particle_matching':
21:50:21    Sequencer      INFO            map<unsigned int, TrackMatchEntry, less<unsigned int>, allocator<pair<unsigned int const, TrackMatchEntry>>>
21:50:21    Sequencer      INFO      -> OutputParticleTrackMatching 'particle_seed_matching':
21:50:21    Sequencer      INFO            map<Barcode, ParticleMatchEntry, less<Barcode>, allocator<pair<Barcode const, ParticleMatchEntry>>>
21:50:21    Sequencer      INFO      Add Writer 'RootPatternRecognitionPerformanceWriter'
21:50:21    Sequencer      INFO      <- InputHandle 'seed-tracks':
21:50:21    Sequencer      INFO            TrackContainer<ConstVectorTrackContainer, ConstVectorMultiTrajectory, shared_ptr>
21:50:21    Sequencer      INFO      <- InputParticles 'particles_selected':
21:50:21    Sequencer      INFO         flat_set<SimParticle, detail::CompareParticleId, void>
21:50:21    Sequencer      INFO      <- InputTrackParticleMatching 'seed_particle_matching':
21:50:21    Sequencer      INFO            map<unsigned int, TrackMatchEntry, less<unsigned int>, allocator<pair<unsigned int const, TrackMatchEntry>>>
21:50:21    Sequencer      INFO      <- InputParticleTrackMatching 'particle_seed_matching':
21:50:21    Sequencer      INFO            map<Barcode, ParticleMatchEntry, less<Barcode>, allocator<pair<Barcode const, ParticleMatchEntry>>>
21:50:21    Sequencer      INFO      <- InputParticleMeasurementsMap 'particle_measurements_map':
21:50:21    Sequencer      INFO         flat_multimap<Barcode, unsigned int, less<Barcode>, void>
21:50:21    Sequencer      INFO      Add Writer 'RootTrackParameterWriter'
21:50:21    Sequencer      INFO      <- InputHandle 'estimatedparameters':
21:50:21    Sequencer      INFO         vector<BoundTrackParameters>
21:50:21    Sequencer      INFO      <- InputProtoTracks 'seed-protoTracks':
21:50:21    Sequencer      INFO         vector<small_vector<unsigned int, 3ul, void, void>>
21:50:21    Sequencer      INFO      <- InputParticles 'particles':
21:50:21    Sequencer      INFO         flat_set<SimParticle, detail::CompareParticleId, void>
21:50:21    Sequencer      INFO      <- InputSimHits 'simhits':
21:50:21    Sequencer      INFO         flat_multiset<Hit, detail::CompareGeometryId, void>
21:50:21    Sequencer      INFO      <- InputMeasurementParticlesMap 'measurement_particles_map':
21:50:21    Sequencer      INFO         flat_multimap<unsigned int, Barcode, less<unsigned int>, void>
21:50:21    Sequencer      INFO      <- InputMeasurementSimHitsMap 'measurement_simhits_map':
21:50:21    Sequencer      INFO         flat_multimap<unsigned int, unsigned int, less<unsigned int>, void>
21:50:21    RzTrackFindi   INFO      RZ layout: 22 cylinders, 82 discs, 48 sensitive layers, 18728 modules, escape r 1028.54 |z| 3001
21:50:21    Sequencer      INFO      Add Algorithm 'RzTrackFindingAlgorithm'
21:50:21    Sequencer      INFO      <- InputMeasurements 'measurements':
21:50:21    Sequencer      INFO         MeasurementContainer
21:50:21    Sequencer      INFO      <- InputInitialTrackParameters 'estimatedparameters':
21:50:21    Sequencer      INFO         vector<BoundTrackParameters>
21:50:21    Sequencer      INFO      -> OutputTracks 'rz_tracks':
21:50:21    Sequencer      INFO            TrackContainer<ConstVectorTrackContainer, ConstVectorMultiTrajectory, shared_ptr>
21:50:21    Sequencer      INFO      Add Algorithm 'TrackTruthMatcher'
21:50:21    Sequencer      INFO      <- InputTracks 'rz_tracks':
21:50:21    Sequencer      INFO            TrackContainer<ConstVectorTrackContainer, ConstVectorMultiTrajectory, shared_ptr>
21:50:21    Sequencer      INFO      <- InputParticles 'particles_selected':
21:50:21    Sequencer      INFO         flat_set<SimParticle, detail::CompareParticleId, void>
21:50:21    Sequencer      INFO      <- InputMeasurementParticlesMap 'measurement_particles_map':
21:50:21    Sequencer      INFO         flat_multimap<unsigned int, Barcode, less<unsigned int>, void>
21:50:21    Sequencer      INFO      -> OutputTrackParticleMatching 'rz_track_particle_matching':
21:50:21    Sequencer      INFO            map<unsigned int, TrackMatchEntry, less<unsigned int>, allocator<pair<unsigned int const, TrackMatchEntry>>>
21:50:21    Sequencer      INFO      -> OutputParticleTrackMatching 'rz_particle_track_matching':
21:50:21    Sequencer      INFO            map<Barcode, ParticleMatchEntry, less<Barcode>, allocator<pair<Barcode const, ParticleMatchEntry>>>
21:50:21    Sequencer      INFO      Key 'rz_track_particle_matching' aliased to 'track_particle_matching'
21:50:21    Sequencer      INFO      Key 'rz_particle_track_matching' aliased to 'particle_track_matching'
21:50:21    Sequencer      INFO      Add Writer 'RootTrackSummaryWriter'
21:50:21    Sequencer      INFO      <- InputHandle 'rz_tracks':
21:50:21    Sequencer      INFO            TrackContainer<ConstVectorTrackContainer, ConstVectorMultiTrajectory, shared_ptr>
21:50:21    Sequencer      INFO      <- InputParticles 'particles_selected':
21:50:21    Sequencer      INFO         flat_set<SimParticle, detail::CompareParticleId, void>
21:50:21    Sequencer      INFO      <- InputTrackParticleMatching 'track_particle_matching':
21:50:21    Sequencer      INFO            map<unsigned int, TrackMatchEntry, less<unsigned int>, allocator<pair<unsigned int const, TrackMatchEntry>>>
21:50:21    Sequencer      INFO      Add Writer 'RootTrackParameterPerformanceWriter'
21:50:21    Sequencer      INFO      <- InputHandle 'rz_tracks':
21:50:21    Sequencer      INFO            TrackContainer<ConstVectorTrackContainer, ConstVectorMultiTrajectory, shared_ptr>
21:50:21    Sequencer      INFO      <- InputParticles 'particles_selected':
21:50:21    Sequencer      INFO         flat_set<SimParticle, detail::CompareParticleId, void>
21:50:21    Sequencer      INFO      <- InputTrackParticleMatching 'track_particle_matching':
21:50:21    Sequencer      INFO            map<unsigned int, TrackMatchEntry, less<unsigned int>, allocator<pair<unsigned int const, TrackMatchEntry>>>
21:50:21    Sequencer      INFO      Add Writer 'RootPatternRecognitionPerformanceWriter'
21:50:21    Sequencer      INFO      <- InputHandle 'rz_tracks':
21:50:21    Sequencer      INFO            TrackContainer<ConstVectorTrackContainer, ConstVectorMultiTrajectory, shared_ptr>
21:50:21    Sequencer      INFO      <- InputParticles 'particles_selected':
21:50:21    Sequencer      INFO         flat_set<SimParticle, detail::CompareParticleId, void>
21:50:21    Sequencer      INFO      <- InputTrackParticleMatching 'track_particle_matching':
21:50:21    Sequencer      INFO            map<unsigned int, TrackMatchEntry, less<unsigned int>, allocator<pair<unsigned int const, TrackMatchEntry>>>
21:50:21    Sequencer      INFO      <- InputParticleTrackMatching 'particle_track_matching':
21:50:21    Sequencer      INFO            map<Barcode, ParticleMatchEntry, less<Barcode>, allocator<pair<Barcode const, ParticleMatchEntry>>>
21:50:21    Sequencer      INFO      <- InputParticleMeasurementsMap 'particle_measurements_map':
21:50:21    Sequencer      INFO         flat_multimap<Barcode, unsigned int, less<Barcode>, void>
21:50:21    Sequencer      INFO      Processing events [0, 200)
21:50:21    Sequencer      INFO      Starting event loop with 1 threads
21:50:21    Sequencer      INFO        0 context decorators
21:50:21    Sequencer      INFO        18 sequence elements
21:50:21    Sequencer      INFO        1 readers
21:50:21    Sequencer      INFO        12 algorithms
21:50:21    Sequencer      INFO        5 writers
21:50:21    Sequencer      INFO      100 / 200 events processed
21:50:22    Sequencer      INFO      200 / 200 events processed
21:50:22    RootPatternR   INFO      Efficiency with seeds (nMatchedseeds/nAllseeds) = 0.99821
21:50:22    RootPatternR   INFO      Fake ratio with seeds (nFakeseeds/nAllseeds) = 0
21:50:22    RootPatternR   INFO      Duplicate ratio with seeds (nDuplicateseeds/nAllseeds) = 0.778466
21:50:22    RootPatternR   INFO      Efficiency with particles (nMatchedParticles/nTrueParticles) = 1
21:50:22    RootPatternR   INFO      Fake ratio with particles (nFakeParticles/nTrueParticles) = 0
21:50:22    RootPatternR   INFO      Duplicate ratio with particles (nDuplicateParticles/nTrueParticles) = 0.967419
21:50:22    RootPatternR   INFO      Wrote performance plots to 'output/v-pushc-muon/performance_seeding.root:/'
21:50:22    RootTrackPar   INFO      Wrote estimated parameters from seed to tree 'estimatedparams' in 'output/v-pushc-muon/estimatedparams.root'
21:50:22    RzTrackFindi   INFO      RzTrackFinding: 7263 seeds, 7244 tracks, 21.1351 stops and 14.469 candidates per seed, 11.9575 measurements and 0.0329928 holes per track, 0 backward pass failures
21:50:22    RootTrackSum   INFO      Wrote parameters of tracks to tree 'tracksummary' in 'output/v-pushc-muon/tracksummary_rz.root'
21:50:22    RootTrackPar   INFO      === Track Parameter Performance Summary ===
21:50:22    RootTrackPar   INFO      Total tracks: 7244
21:50:22    RootTrackPar   INFO      Total matched tracks: 1595
21:50:22    RootTrackPar   INFO      Total particles: 1596
21:50:22    RootTrackPar   INFO      Total matched particles: 1595
21:50:22    RootTrackPar   INFO      Track efficiency: 22.0182%
Warning in <Fit>: Fit data is empty 
Warning in <Fit>: Fit data is empty 
Warning in <Fit>: Fit data is empty 
Warning in <Fit>: Fit data is empty 
Warning in <Fit>: Fit data is empty 
Warning in <Fit>: Fit data is empty 
Warning in <Fit>: Fit data is empty 
Warning in <Fit>: Fit data is empty 
Warning in <Fit>: Fit data is empty 
Warning in <Fit>: Fit data is empty 
Warning in <Fit>: Fit data is empty 
Warning in <Fit>: Fit data is empty 
Warning in <Fit>: Fit data is empty 
Warning in <Fit>: Fit data is empty 
Warning in <Fit>: Fit data is empty 
Warning in <Fit>: Fit data is empty 
Warning in <Fit>: Fit data is empty 
Warning in <Fit>: Fit data is empty 
Warning in <Fit>: Fit data is empty 
Warning in <Fit>: Fit data is empty 
Warning in <Fit>: Fit data is empty 
Warning in <Fit>: Fit data is empty 
Warning in <Fit>: Fit data is empty 
Warning in <Fit>: Fit data is empty 
Warning in <Fit>: Fit data is empty 
Warning in <Fit>: Fit data is empty 
Warning in <Fit>: Fit data is empty 
Warning in <Fit>: Fit data is empty 
Warning in <Fit>: Fit data is empty 
Warning in <Fit>: Fit data is empty 
Warning in <Fit>: Fit data is empty 
Warning in <Fit>: Fit data is empty 
Warning in <Fit>: Fit data is empty 
Warning in <Fit>: Fit data is empty 
Warning in <Fit>: Fit data is empty 
Warning in <Fit>: Fit data is empty 
Warning in <Fit>: Fit data is empty 
Warning in <Fit>: Fit data is empty 
Warning in <Fit>: Fit data is empty 
Warning in <Fit>: Fit data is empty 
Warning in <Fit>: Fit data is empty 
Warning in <Fit>: Fit data is empty 
Warning in <Fit>: Fit data is empty 
Warning in <Fit>: Fit data is empty 
Warning in <Fit>: Fit data is empty 
Warning in <Fit>: Fit data is empty 
Warning in <Fit>: Fit data is empty 
Warning in <Fit>: Fit data is empty 
Warning in <ROOT::Fit::FillData>: fit range is outside histogram range, no fit data for xaxis
Warning in <Fit>: Fit data is empty 
Warning in <ROOT::Fit::FillData>: fit range is outside histogram range, no fit data for xaxis
Warning in <Fit>: Fit data is empty 
Warning in <Fit>: Fit data is empty 
Warning in <ROOT::Fit::FillData>: fit range is outside histogram range, no fit data for xaxis
Warning in <Fit>: Fit data is empty 
Warning in <Fit>: Fit data is empty 
Warning in <ROOT::Fit::FillData>: fit range is outside histogram range, no fit data for xaxis
Warning in <Fit>: Fit data is empty 
Warning in <Fit>: Fit data is empty 
Warning in <ROOT::Fit::FillData>: fit range is outside histogram range, no fit data for xaxis
Warning in <Fit>: Fit data is empty 
Warning in <Fit>: Fit data is empty 
Warning in <Fit>: Fit data is empty 
Warning in <Fit>: Fit data is empty 
Warning in <ROOT::Fit::FillData>: fit range is outside histogram range, no fit data for xaxis
Warning in <Fit>: Fit data is empty 
Warning in <Fit>: Fit data is empty 
Warning in <Fit>: Fit data is empty 
Warning in <Fit>: Fit data is empty 
Warning in <Fit>: Fit data is empty 
Warning in <Fit>: Fit data is empty 
Warning in <ROOT::Fit::FillData>: fit range is outside histogram range, no fit data for xaxis
Warning in <Fit>: Fit data is empty 
Warning in <Fit>: Fit data is empty 
Warning in <Fit>: Fit data is empty 
Warning in <Fit>: Fit data is empty 
Warning in <Fit>: Fit data is empty 
Warning in <Fit>: Fit data is empty 
Warning in <Fit>: Fit data is empty 
Warning in <Fit>: Fit data is empty 
Warning in <Fit>: Fit data is empty 
Warning in <Fit>: Fit data is empty 
Warning in <Fit>: Fit data is empty 
Warning in <Fit>: Fit data is empty 
Warning in <Fit>: Fit data is empty 
Warning in <Fit>: Fit data is empty 
Warning in <ROOT::Fit::FillData>: fit range is outside histogram range, no fit data for xaxis
Warning in <Fit>: Fit data is empty 
Warning in <Fit>: Fit data is empty 
Warning in <Fit>: Fit data is empty 
Warning in <ROOT::Fit::FillData>: fit range is outside histogram range, no fit data for xaxis
Warning in <Fit>: Fit data is empty 
Warning in <Fit>: Fit data is empty 
Warning in <Fit>: Fit data is empty 
Warning in <Fit>: Fit data is empty 
Warning in <Fit>: Fit data is empty 
Warning in <Fit>: Fit data is empty 
Warning in <Fit>: Fit data is empty 
Warning in <Fit>: Fit data is empty 
Warning in <Fit>: Fit data is empty 
Warning in <Fit>: Fit data is empty 
Warning in <Fit>: Fit data is empty 
Warning in <Fit>: Fit data is empty 
Warning in <Fit>: Fit data is empty 
Warning in <Fit>: Fit data is empty 
Warning in <Fit>: Fit data is empty 
Warning in <Fit>: Fit data is empty 
Warning in <Fit>: Fit data is empty 
Warning in <Fit>: Fit data is empty 
Warning in <Fit>: Fit data is empty 
Warning in <Fit>: Fit data is empty 
Warning in <Fit>: Fit data is empty 
Warning in <ROOT::Fit::FillData>: fit range is outside histogram range, no fit data for xaxis
Warning in <Fit>: Fit data is empty 
Warning in <Fit>: Fit data is empty 
Warning in <Fit>: Fit data is empty 
Warning in <Fit>: Fit data is empty 
Warning in <Fit>: Fit data is empty 
Warning in <Fit>: Fit data is empty 
Warning in <Fit>: Fit data is empty 
Warning in <Fit>: Fit data is empty 
Warning in <Fit>: Fit data is empty 
Warning in <Fit>: Fit data is empty 
Warning in <Fit>: Fit data is empty 
Warning in <Fit>: Fit data is empty 
Warning in <Fit>: Fit data is empty 
Warning in <Fit>: Fit data is empty 
Warning in <ROOT::Fit::FillData>: fit range is outside histogram range, no fit data for xaxis
Warning in <Fit>: Fit data is empty 
Warning in <ROOT::Fit::FillData>: fit range is outside histogram range, no fit data for xaxis
Warning in <Fit>: Fit data is empty 
Warning in <Fit>: Fit data is empty 
Warning in <Fit>: Fit data is empty 
Warning in <Fit>: Fit data is empty 
Warning in <Fit>: Fit data is empty 
Warning in <ROOT::Fit::FillData>: fit range is outside histogram range, no fit data for xaxis
Warning in <Fit>: Fit data is empty 
Warning in <ROOT::Fit::FillData>: fit range is outside histogram range, no fit data for xaxis
Warning in <Fit>: Fit data is empty 
21:50:24    RootTrackPar   INFO      Wrote performance plots to 'output/v-pushc-muon/performance_fitting_rz.root:/'
21:50:24    RootPatternR   INFO      Efficiency with tracks (nMatchedtracks/nAlltracks) = 0.998205
21:50:24    RootPatternR   INFO      Fake ratio with tracks (nFaketracks/nAlltracks) = 0
21:50:24    RootPatternR   INFO      Duplicate ratio with tracks (nDuplicatetracks/nAlltracks) = 0.778023
21:50:24    RootPatternR   INFO      Efficiency with particles (nMatchedParticles/nTrueParticles) = 0.999373
21:50:24    RootPatternR   INFO      Fake ratio with particles (nFakeParticles/nTrueParticles) = 0
21:50:24    RootPatternR   INFO      Duplicate ratio with particles (nDuplicateParticles/nTrueParticles) = 0.966792
21:50:24    RootPatternR   INFO      Wrote performance plots to 'output/v-pushc-muon/performance_finding_rz.root:/'
21:50:24    Sequencer      INFO      No unmasked FPEs encountered
21:50:24    Sequencer      INFO      Processed 200 events in 2.440939 s (wall clock)
21:50:24    Sequencer      INFO      Average time per event: 1.207877 ms/event
21:50:24    Sequencer      INFO      Timing breakdown:
| Algorithm                                      | Total Time (ms) | Time/Event (ms) | Fraction |
|:-----------------------------------------------|----------------:|----------------:|---------:|
| Algorithm:RzTrackFindingAlgorithm              |          102.37 |            0.51 |    42.4% |
| Algorithm:FatrasSimulation                     |           35.79 |            0.18 |    14.8% |
| Writer:RootTrackParameterPerformanceWriter     |           23.27 |            0.12 |     9.6% |
| Algorithm:DigitizationAlgorithm                |           20.82 |            0.10 |     8.6% |
| Writer:RootTrackSummaryWriter                  |           13.78 |            0.07 |     5.7% |
| Writer:RootPatternRecognitionPerformanceWriter |            8.74 |            0.04 |     3.6% |
| Writer:RootPatternRecognitionPerformanceWriter |            8.07 |            0.04 |     3.3% |
| Writer:RootTrackParameterWriter                |            6.88 |            0.03 |     2.8% |
| Algorithm:GridTripletSeedingAlgorithm          |            5.56 |            0.03 |     2.3% |
| Algorithm:TrackParamsEstimationAlgorithm       |            4.92 |            0.02 |     2.0% |
| Algorithm:TrackTruthMatcher                    |            2.60 |            0.01 |     1.1% |
| Algorithm:SpacePointMaker                      |            1.89 |            0.01 |     0.8% |
| Reader:EventGenerator                          |            1.85 |            0.01 |     0.8% |
| Algorithm:SeedsToTracks                        |            1.85 |            0.01 |     0.8% |
| Algorithm:TrackTruthMatcher                    |            1.80 |            0.01 |     0.7% |
| Algorithm:HepMC3InputConverter                 |            0.88 |            0.00 |     0.4% |
| Algorithm:ParticleSelector                     |            0.33 |            0.00 |     0.1% |
| Algorithm:SeedsToProtoTracks                   |            0.18 |            0.00 |     0.1% |
| TOTAL                                          |          241.58 |            1.21 |   100.0% |

