22:00:11    GenericDetec   INFO      Building tracking geometry
22:00:11    GenericDetec   INFO      Building tracking geometry for Generic Detector in Gen1 mode
22:00:11    GenericDetec   INFO      Tracking geometry built
22:00:11    Sequencer      INFO      Create Sequencer (single-threaded)
22:00:11    Sequencer      INFO      Add Reader 'EventGenerator'
22:00:11    Sequencer      INFO      -> OutputEvent 'particle_gun_event':
22:00:11    Sequencer      INFO         shared_ptr<HepMC3::GenEvent>
22:00:11    Sequencer      INFO      Add Algorithm 'HepMC3InputConverter'
22:00:11    Sequencer      INFO      <- InputEvent 'particle_gun_event':
22:00:11    Sequencer      INFO         shared_ptr<HepMC3::GenEvent>
22:00:11    Sequencer      INFO      -> OutputParticles 'particles_generated':
22:00:11    Sequencer      INFO         flat_set<SimParticle, detail::CompareParticleId, void>
22:00:11    Sequencer      INFO      -> OutputVertices 'vertices_generated':
22:00:11    Sequencer      INFO         flat_set<SimVertex, detail::CompareVertexId, void>
22:00:11    Sequencer      INFO      Key 'particles_generated' aliased to 'particles'
22:00:11    Sequencer      INFO      Key 'vertices_generated' aliased to 'vertices_truth'
22:00:11    Sequencer      INFO      Key 'particles_generated' aliased to 'particles_generated_selected'
22:00:11    Sequencer      INFO      Add Algorithm 'FatrasSimulation'
22:00:11    Sequencer      INFO      <- InputParticles 'particles_generated_selected':
22:00:11    Sequencer      INFO         flat_set<SimParticle, detail::CompareParticleId, void>
22:00:11    Sequencer      INFO      -> OutputSimHits 'simhits':
22:00:11    Sequencer      INFO         flat_multiset<Hit, detail::CompareGeometryId, void>
22:00:11    Sequencer      INFO      -> OutputParticles 'particles_simulated':
22:00:11    Sequencer      INFO         flat_set<SimParticle, detail::CompareParticleId, void>
22:00:11    Sequencer      INFO      Key 'particles_simulated' aliased to 'particles'
22:00:11    Sequencer      INFO      Key 'particles_simulated' aliased to 'particles_simulated_selected'
22:00:11    Sequencer      INFO      Add Algorithm 'DigitizationAlgorithm'
22:00:11    Sequencer      INFO      <- InputHits 'simhits':
22:00:11    Sequencer      INFO         flat_multiset<Hit, detail::CompareGeometryId, void>
22:00:11    Sequencer      INFO      -> OutputMeasurements 'measurements':
22:00:11    Sequencer      INFO         MeasurementContainer
22:00:11    Sequencer      INFO      -> OutputMeasurementSubset 'measurement_subset':
22:00:11    Sequencer      INFO         MeasurementSubset
22:00:11    Sequencer      INFO      -> OutputClusters 'clusters':
22:00:11    Sequencer      INFO         vector<Cluster>
22:00:11    Sequencer      INFO      -> OutputMeasurementParticlesMap 'measurement_particles_map':
22:00:11    Sequencer      INFO         flat_multimap<unsigned int, Barcode, less<unsigned int>, void>
22:00:11    Sequencer      INFO      -> OutputMeasurementSimHitsMap 'measurement_simhits_map':
22:00:11    Sequencer      INFO         flat_multimap<unsigned int, unsigned int, less<unsigned int>, void>
22:00:11    Sequencer      INFO      -> OutputParticleMeasurementsMap 'particle_measurements_map':
22:00:11    Sequencer      INFO         flat_multimap<Barcode, unsigned int, less<Barcode>, void>
22:00:11    Sequencer      INFO      -> OutputSimHitMeasurementsMap 'simhit_measurements_map':
22:00:11    Sequencer      INFO         flat_multimap<unsigned int, unsigned int, less<unsigned int>, void>
22:00:11    Sequencer      INFO      Add Algorithm 'ParticleSelector'
22:00:11    Sequencer      INFO      <- InputParticles 'particles_simulated_selected':
22:00:11    Sequencer      INFO         flat_set<SimParticle, detail::CompareParticleId, void>
22:00:11    Sequencer      INFO      <- InputParticleMeasurementsMap 'particle_measurements_map':
22:00:11    Sequencer      INFO         flat_multimap<Barcode, unsigned int, less<Barcode>, void>
22:00:11    Sequencer      INFO      <- InputMeasurements 'measurements':
22:00:11    Sequencer      INFO         MeasurementContainer
22:00:11    Sequencer      INFO      -> OutputParticles 'tmp_particles_digitized_selected':
22:00:11    Sequencer      INFO         flat_set<SimParticle, detail::CompareParticleId, void>
22:00:11    Sequencer      INFO      Key 'tmp_particles_digitized_selected' aliased to 'particles_selected'
22:00:11    Sequencer      INFO      Key 'tmp_particles_digitized_selected' aliased to 'particles_digitized_selected'
22:00:11    Sequencer      INFO      Add Algorithm 'SpacePointMaker'
22:00:11    Sequencer      INFO      <- InputMeasurements 'measurement_subset':
22:00:11    Sequencer      INFO         MeasurementSubset
22:00:11    Sequencer      INFO      -> OutputSpacePoints 'spacepoints':
22:00:11    Sequencer      INFO         SpacePointContainer
22:00:11    addSeeding     INFO      Using grid triplet seeding
22:00:11    Sequencer      INFO      Add Algorithm 'GridTripletSeedingAlgorithm'
22:00:11    Sequencer      INFO      <- InputSpacePoints 'spacepoints':
22:00:11    Sequencer      INFO         SpacePointContainer
22:00:11    Sequencer      INFO      -> OutputSeeds 'seeds':
22:00:11    Sequencer      INFO         SeedContainer
22:00:11    Sequencer      INFO      Add Algorithm 'TrackParamsEstimationAlgorithm'
22:00:11    Sequencer      INFO      <- InputSeeds 'seeds':
22:00:11    Sequencer      INFO         SeedContainer
22:00:11    Sequencer      INFO      -> OutputTrackParameters 'estimatedparameters':
22:00:11    Sequencer      INFO         vector<BoundTrackParameters>
22:00:11    Sequencer      INFO      -> OutputSeeds 'estimatedseeds':
22:00:11    Sequencer      INFO         SeedContainer
22:00:11    Sequencer      INFO      Add Algorithm 'SeedsToProtoTracks'
22:00:11    Sequencer      INFO      <- InputSeeds 'estimatedseeds':
22:00:11    Sequencer      INFO         SeedContainer
22:00:11    Sequencer      INFO      -> OutputProtoTracks 'seed-protoTracks':
22:00:11    Sequencer      INFO         vector<small_vector<unsigned int, 3ul, void, void>>
22:00:11    Sequencer      INFO      Add Algorithm 'SeedsToTracks'
22:00:11    Sequencer      INFO      <- InputSeeds 'estimatedseeds':
22:00:11    Sequencer      INFO         SeedContainer
22:00:11    Sequencer      INFO      <- InputTrackParameters 'estimatedparameters':
22:00:11    Sequencer      INFO         vector<BoundTrackParameters>
22:00:11    Sequencer      INFO      -> OutputTracks 'seed-tracks':
22:00:11    Sequencer      INFO            TrackContainer<ConstVectorTrackContainer, ConstVectorMultiTrajectory, shared_ptr>
22:00:11    Sequencer      INFO      Add Algorithm 'TrackTruthMatcher'
22:00:11    Sequencer      INFO      <- InputTracks 'seed-tracks':
22:00:11    Sequencer      INFO            TrackContainer<ConstVectorTrackContainer, ConstVectorMultiTrajectory, shared_ptr>
22:00:11    Sequencer      INFO      <- InputParticles 'particles_selected':
22:00:11    Sequencer      INFO         flat_set<SimParticle, detail::CompareParticleId, void>
22:00:11    Sequencer      INFO      <- InputMeasurementParticlesMap 'measurement_particles_map':
22:00:11    Sequencer      INFO         flat_multimap<unsigned int, Barcode, less<unsigned int>, void>
22:00:11    Sequencer      INFO      -> OutputTrackParticleMatching 'seed_particle_matching':
22:00:11    Sequencer      INFO            map<unsigned int, TrackMatchEntry, less<unsigned int>, allocator<pair<unsigned int const, TrackMatchEntry>>>
22:00:11    Sequencer      INFO      -> OutputParticleTrackMatching 'particle_seed_matching':
22:00:11    Sequencer      INFO            map<Barcode, ParticleMatchEntry, less<Barcode>, allocator<pair<Barcode const, ParticleMatchEntry>>>
22:00:11    Sequencer      INFO      Add Writer 'RootPatternRecognitionPerformanceWriter'
22:00:11    Sequencer      INFO      <- InputHandle 'seed-tracks':
22:00:11    Sequencer      INFO            TrackContainer<ConstVectorTrackContainer, ConstVectorMultiTrajectory, shared_ptr>
22:00:11    Sequencer      INFO      <- InputParticles 'particles_selected':
22:00:11    Sequencer      INFO         flat_set<SimParticle, detail::CompareParticleId, void>
22:00:11    Sequencer      INFO      <- InputTrackParticleMatching 'seed_particle_matching':
22:00:11    Sequencer      INFO            map<unsigned int, TrackMatchEntry, less<unsigned int>, allocator<pair<unsigned int const, TrackMatchEntry>>>
22:00:11    Sequencer      INFO      <- InputParticleTrackMatching 'particle_seed_matching':
22:00:11    Sequencer      INFO            map<Barcode, ParticleMatchEntry, less<Barcode>, allocator<pair<Barcode const, ParticleMatchEntry>>>
22:00:11    Sequencer      INFO      <- InputParticleMeasurementsMap 'particle_measurements_map':
22:00:11    Sequencer      INFO         flat_multimap<Barcode, unsigned int, less<Barcode>, void>
22:00:11    Sequencer      INFO      Add Writer 'RootTrackParameterWriter'
22:00:11    Sequencer      INFO      <- InputHandle 'estimatedparameters':
22:00:11    Sequencer      INFO         vector<BoundTrackParameters>
22:00:11    Sequencer      INFO      <- InputProtoTracks 'seed-protoTracks':
22:00:11    Sequencer      INFO         vector<small_vector<unsigned int, 3ul, void, void>>
22:00:11    Sequencer      INFO      <- InputParticles 'particles':
22:00:11    Sequencer      INFO         flat_set<SimParticle, detail::CompareParticleId, void>
22:00:11    Sequencer      INFO      <- InputSimHits 'simhits':
22:00:11    Sequencer      INFO         flat_multiset<Hit, detail::CompareGeometryId, void>
22:00:11    Sequencer      INFO      <- InputMeasurementParticlesMap 'measurement_particles_map':
22:00:11    Sequencer      INFO         flat_multimap<unsigned int, Barcode, less<unsigned int>, void>
22:00:11    Sequencer      INFO      <- InputMeasurementSimHitsMap 'measurement_simhits_map':
22:00:11    Sequencer      INFO         flat_multimap<unsigned int, unsigned int, less<unsigned int>, void>
22:00:11    RzTrackFindi   INFO      RZ layout: 22 cylinders, 82 discs, 48 sensitive layers, 18728 modules, escape r 1028.54 |z| 3001
22:00:11    Sequencer      INFO      Add Algorithm 'RzTrackFindingAlgorithm'
22:00:11    Sequencer      INFO      <- InputMeasurements 'measurements':
22:00:11    Sequencer      INFO         MeasurementContainer
22:00:11    Sequencer      INFO      <- InputInitialTrackParameters 'estimatedparameters':
22:00:11    Sequencer      INFO         vector<BoundTrackParameters>
22:00:11    Sequencer      INFO      -> OutputTracks 'rz_tracks':
22:00:11    Sequencer      INFO            TrackContainer<ConstVectorTrackContainer, ConstVectorMultiTrajectory, shared_ptr>
22:00:11    Sequencer      INFO      Add Algorithm 'TrackTruthMatcher'
22:00:11    Sequencer      INFO      <- InputTracks 'rz_tracks':
22:00:11    Sequencer      INFO            TrackContainer<ConstVectorTrackContainer, ConstVectorMultiTrajectory, shared_ptr>
22:00:11    Sequencer      INFO      <- InputParticles 'particles_selected':
22:00:11    Sequencer      INFO         flat_set<SimParticle, detail::CompareParticleId, void>
22:00:11    Sequencer      INFO      <- InputMeasurementParticlesMap 'measurement_particles_map':
22:00:11    Sequencer      INFO         flat_multimap<unsigned int, Barcode, less<unsigned int>, void>
22:00:11    Sequencer      INFO      -> OutputTrackParticleMatching 'rz_track_particle_matching':
22:00:11    Sequencer      INFO            map<unsigned int, TrackMatchEntry, less<unsigned int>, allocator<pair<unsigned int const, TrackMatchEntry>>>
22:00:11    Sequencer      INFO      -> OutputParticleTrackMatching 'rz_particle_track_matching':
22:00:11    Sequencer      INFO            map<Barcode, ParticleMatchEntry, less<Barcode>, allocator<pair<Barcode const, ParticleMatchEntry>>>
22:00:11    Sequencer      INFO      Key 'rz_track_particle_matching' aliased to 'track_particle_matching'
22:00:11    Sequencer      INFO      Key 'rz_particle_track_matching' aliased to 'particle_track_matching'
22:00:11    Sequencer      INFO      Add Writer 'RootTrackSummaryWriter'
22:00:11    Sequencer      INFO      <- InputHandle 'rz_tracks':
22:00:11    Sequencer      INFO            TrackContainer<ConstVectorTrackContainer, ConstVectorMultiTrajectory, shared_ptr>
22:00:11    Sequencer      INFO      <- InputParticles 'particles_selected':
22:00:11    Sequencer      INFO         flat_set<SimParticle, detail::CompareParticleId, void>
22:00:11    Sequencer      INFO      <- InputTrackParticleMatching 'track_particle_matching':
22:00:11    Sequencer      INFO            map<unsigned int, TrackMatchEntry, less<unsigned int>, allocator<pair<unsigned int const, TrackMatchEntry>>>
22:00:11    Sequencer      INFO      Add Writer 'RootTrackParameterPerformanceWriter'
22:00:11    Sequencer      INFO      <- InputHandle 'rz_tracks':
22:00:11    Sequencer      INFO            TrackContainer<ConstVectorTrackContainer, ConstVectorMultiTrajectory, shared_ptr>
22:00:11    Sequencer      INFO      <- InputParticles 'particles_selected':
22:00:11    Sequencer      INFO         flat_set<SimParticle, detail::CompareParticleId, void>
22:00:11    Sequencer      INFO      <- InputTrackParticleMatching 'track_particle_matching':
22:00:11    Sequencer      INFO            map<unsigned int, TrackMatchEntry, less<unsigned int>, allocator<pair<unsigned int const, TrackMatchEntry>>>
22:00:11    Sequencer      INFO      Add Writer 'RootPatternRecognitionPerformanceWriter'
22:00:11    Sequencer      INFO      <- InputHandle 'rz_tracks':
22:00:11    Sequencer      INFO            TrackContainer<ConstVectorTrackContainer, ConstVectorMultiTrajectory, shared_ptr>
22:00:11    Sequencer      INFO      <- InputParticles 'particles_selected':
22:00:11    Sequencer      INFO         flat_set<SimParticle, detail::CompareParticleId, void>
22:00:11    Sequencer      INFO      <- InputTrackParticleMatching 'track_particle_matching':
22:00:11    Sequencer      INFO            map<unsigned int, TrackMatchEntry, less<unsigned int>, allocator<pair<unsigned int const, TrackMatchEntry>>>
22:00:11    Sequencer      INFO      <- InputParticleTrackMatching 'particle_track_matching':
22:00:11    Sequencer      INFO            map<Barcode, ParticleMatchEntry, less<Barcode>, allocator<pair<Barcode const, ParticleMatchEntry>>>
22:00:11    Sequencer      INFO      <- InputParticleMeasurementsMap 'particle_measurements_map':
22:00:11    Sequencer      INFO         flat_multimap<Barcode, unsigned int, less<Barcode>, void>
22:00:11    Sequencer      INFO      Processing events [0, 200)
22:00:11    Sequencer      INFO      Starting event loop with 1 threads
22:00:11    Sequencer      INFO        0 context decorators
22:00:11    Sequencer      INFO        18 sequence elements
22:00:11    Sequencer      INFO        1 readers
22:00:11    Sequencer      INFO        12 algorithms
22:00:11    Sequencer      INFO        5 writers
22:00:11    Sequencer      INFO      100 / 200 events processed
22:00:11    Sequencer      INFO      200 / 200 events processed
22:00:11    RootPatternR   INFO      Efficiency with seeds (nMatchedseeds/nAllseeds) = 0.99821
22:00:11    RootPatternR   INFO      Fake ratio with seeds (nFakeseeds/nAllseeds) = 0
22:00:11    RootPatternR   INFO      Duplicate ratio with seeds (nDuplicateseeds/nAllseeds) = 0.778466
22:00:11    RootPatternR   INFO      Efficiency with particles (nMatchedParticles/nTrueParticles) = 1
22:00:11    RootPatternR   INFO      Fake ratio with particles (nFakeParticles/nTrueParticles) = 0
22:00:11    RootPatternR   INFO      Duplicate ratio with particles (nDuplicateParticles/nTrueParticles) = 0.967419
22:00:11    RootPatternR   INFO      Wrote performance plots to 'output/v-symb-muon/performance_seeding.root:/'
22:00:11    RootTrackPar   INFO      Wrote estimated parameters from seed to tree 'estimatedparams' in 'output/v-symb-muon/estimatedparams.root'
22:00:11    RzTrackFindi   INFO      RzTrackFinding: 7263 seeds, 7244 tracks, 21.1351 stops and 14.469 candidates per seed, 11.9575 measurements and 0.0329928 holes per track, 0 backward pass failures
22:00:11    RootTrackSum   INFO      Wrote parameters of tracks to tree 'tracksummary' in 'output/v-symb-muon/tracksummary_rz.root'
22:00:11    RootTrackPar   INFO      === Track Parameter Performance Summary ===
22:00:11    RootTrackPar   INFO      Total tracks: 7244
22:00:11    RootTrackPar   INFO      Total matched tracks: 1595
22:00:11    RootTrackPar   INFO      Total particles: 1596
22:00:11    RootTrackPar   INFO      Total matched particles: 1595
22:00:11    RootTrackPar   INFO      Track efficiency: 22.0182%
Warning in <Fit>: Fit data is empty 
Warning in <Fit>: Fit data is empty 
Warning in <Fit>: Fit data is empty 
Warning in <Fit>: Fit data is empty 
Warning in <Fit>: Fit data is empty 
Warning in <Fit>: Fit data is empty 
Warning in <Fit>: Fit data is empty 
Warning in <Fit>: Fit data is empty 
Warning in <Fit>: Fit data is empty 
Warning in <Fit>: Fit data is empty 
Warning in <Fit>: Fit data is empty 
Warning in <Fit>: Fit data is empty 
Warning in <Fit>: Fit data is empty 
Warning in <Fit>: Fit data is empty 
Warning in <Fit>: Fit data is empty 
Warning in <Fit>: Fit data is empty 
Warning in <Fit>: Fit data is empty 
Warning in <Fit>: Fit data is empty 
Warning in <Fit>: Fit data is empty 
Warning in <Fit>: Fit data is empty 
Warning in <Fit>: Fit data is empty 
Warning in <Fit>: Fit data is empty 
Warning in <Fit>: Fit data is empty 
Warning in <Fit>: Fit data is empty 
Warning in <Fit>: Fit data is empty 
Warning in <Fit>: Fit data is empty 
Warning in <Fit>: Fit data is empty 
Warning in <Fit>: Fit data is empty 
Warning in <Fit>: Fit data is empty 
Warning in <Fit>: Fit data is empty 
Warning in <Fit>: Fit data is empty 
Warning in <Fit>: Fit data is empty 
Warning in <Fit>: Fit data is empty 
Warning in <Fit>: Fit data is empty 
Warning in <Fit>: Fit data is empty 
Warning in <Fit>: Fit data is empty 
Warning in <Fit>: Fit data is empty 
Warning in <Fit>: Fit data is empty 
Warning in <Fit>: Fit data is empty 
Warning in <Fit>: Fit data is empty 
Warning in <Fit>: Fit data is empty 
Warning in <Fit>: Fit data is empty 
Warning in <Fit>: Fit data is empty 
Warning in <Fit>: Fit data is empty 
Warning in <Fit>: Fit data is empty 
Warning in <Fit>: Fit data is empty 
Warning in <Fit>: Fit data is empty 
Warning in <Fit>: Fit data is empty 
Warning in <ROOT::Fit::FillData>: fit range is outside histogram range, no fit data for xaxis
Warning in <Fit>: Fit data is empty 
Warning in <ROOT::Fit::FillData>: fit range is outside histogram range, no fit data for xaxis
Warning in <Fit>: Fit data is empty 
Warning in <Fit>: Fit data is empty 
Warning in <ROOT::Fit::FillData>: fit range is outside histogram range, no fit data for xaxis
Warning in <Fit>: Fit data is empty 
Warning in <Fit>: Fit data is empty 
Warning in <ROOT::Fit::FillData>: fit range is outside histogram range, no fit data for xaxis
Warning in <Fit>: Fit data is empty 
Warning in <Fit>: Fit data is empty 
Warning in <ROOT::Fit::FillData>: fit range is outside histogram range, no fit data for xaxis
Warning in <Fit>: Fit data is empty 
Warning in <Fit>: Fit data is empty 
Warning in <Fit>: Fit data is empty 
Warning in <Fit>: Fit data is empty 
Warning in <ROOT::Fit::FillData>: fit range is outside histogram range, no fit data for xaxis
Warning in <Fit>: Fit data is empty 
Warning in <Fit>: Fit data is empty 
Warning in <Fit>: Fit data is empty 
Warning in <Fit>: Fit data is empty 
Warning in <Fit>: Fit data is empty 
Warning in <Fit>: Fit data is empty 
Warning in <ROOT::Fit::FillData>: fit range is outside histogram range, no fit data for xaxis
Warning in <Fit>: Fit data is empty 
Warning in <Fit>: Fit data is empty 
Warning in <Fit>: Fit data is empty 
Warning in <Fit>: Fit data is empty 
Warning in <Fit>: Fit data is empty 
Warning in <Fit>: Fit data is empty 
Warning in <Fit>: Fit data is empty 
Warning in <Fit>: Fit data is empty 
Warning in <Fit>: Fit data is empty 
Warning in <Fit>: Fit data is empty 
Warning in <Fit>: Fit data is empty 
Warning in <Fit>: Fit data is empty 
Warning in <Fit>: Fit data is empty 
Warning in <Fit>: Fit data is empty 
Warning in <ROOT::Fit::FillData>: fit range is outside histogram range, no fit data for xaxis
Warning in <Fit>: Fit data is empty 
Warning in <Fit>: Fit data is empty 
Warning in <Fit>: Fit data is empty 
Warning in <ROOT::Fit::FillData>: fit range is outside histogram range, no fit data for xaxis
Warning in <Fit>: Fit data is empty 
Warning in <Fit>: Fit data is empty 
Warning in <Fit>: Fit data is empty 
Warning in <Fit>: Fit data is empty 
Warning in <Fit>: Fit data is empty 
Warning in <Fit>: Fit data is empty 
Warning in <Fit>: Fit data is empty 
Warning in <Fit>: Fit data is empty 
Warning in <Fit>: Fit data is empty 
Warning in <Fit>: Fit data is empty 
Warning in <Fit>: Fit data is empty 
Warning in <Fit>: Fit data is empty 
Warning in <Fit>: Fit data is empty 
Warning in <Fit>: Fit data is empty 
Warning in <Fit>: Fit data is empty 
Warning in <Fit>: Fit data is empty 
Warning in <Fit>: Fit data is empty 
Warning in <Fit>: Fit data is empty 
Warning in <Fit>: Fit data is empty 
Warning in <Fit>: Fit data is empty 
Warning in <Fit>: Fit data is empty 
Warning in <ROOT::Fit::FillData>: fit range is outside histogram range, no fit data for xaxis
Warning in <Fit>: Fit data is empty 
Warning in <Fit>: Fit data is empty 
Warning in <Fit>: Fit data is empty 
Warning in <Fit>: Fit data is empty 
Warning in <Fit>: Fit data is empty 
Warning in <Fit>: Fit data is empty 
Warning in <Fit>: Fit data is empty 
Warning in <Fit>: Fit data is empty 
Warning in <Fit>: Fit data is empty 
Warning in <Fit>: Fit data is empty 
Warning in <Fit>: Fit data is empty 
Warning in <Fit>: Fit data is empty 
Warning in <Fit>: Fit data is empty 
Warning in <Fit>: Fit data is empty 
Warning in <ROOT::Fit::FillData>: fit range is outside histogram range, no fit data for xaxis
Warning in <Fit>: Fit data is empty 
Warning in <ROOT::Fit::FillData>: fit range is outside histogram range, no fit data for xaxis
Warning in <Fit>: Fit data is empty 
Warning in <Fit>: Fit data is empty 
Warning in <Fit>: Fit data is empty 
Warning in <Fit>: Fit data is empty 
Warning in <Fit>: Fit data is empty 
Warning in <ROOT::Fit::FillData>: fit range is outside histogram range, no fit data for xaxis
Warning in <Fit>: Fit data is empty 
Warning in <ROOT::Fit::FillData>: fit range is outside histogram range, no fit data for xaxis
Warning in <Fit>: Fit data is empty 
22:00:14    RootTrackPar   INFO      Wrote performance plots to 'output/v-symb-muon/performance_fitting_rz.root:/'
22:00:14    RootPatternR   INFO      Efficiency with tracks (nMatchedtracks/nAlltracks) = 0.998205
22:00:14    RootPatternR   INFO      Fake ratio with tracks (nFaketracks/nAlltracks) = 0
22:00:14    RootPatternR   INFO      Duplicate ratio with tracks (nDuplicatetracks/nAlltracks) = 0.778023
22:00:14    RootPatternR   INFO      Efficiency with particles (nMatchedParticles/nTrueParticles) = 0.999373
22:00:14    RootPatternR   INFO      Fake ratio with particles (nFakeParticles/nTrueParticles) = 0
22:00:14    RootPatternR   INFO      Duplicate ratio with particles (nDuplicateParticles/nTrueParticles) = 0.966792
22:00:14    RootPatternR   INFO      Wrote performance plots to 'output/v-symb-muon/performance_finding_rz.root:/'
22:00:14    Sequencer      INFO      No unmasked FPEs encountered
22:00:14    Sequencer      INFO      Processed 200 events in 2.441803 s (wall clock)
22:00:14    Sequencer      INFO      Average time per event: 1.199616 ms/event
22:00:14    Sequencer      INFO      Timing breakdown:
| Algorithm                                      | Total Time (ms) | Time/Event (ms) | Fraction |
|:-----------------------------------------------|----------------:|----------------:|---------:|
| Algorithm:RzTrackFindingAlgorithm              |          101.07 |            0.51 |    42.1% |
| Algorithm:FatrasSimulation                     |           35.71 |            0.18 |    14.9% |
| Writer:RootTrackParameterPerformanceWriter     |           23.15 |            0.12 |     9.6% |
| Algorithm:DigitizationAlgorithm                |           20.78 |            0.10 |     8.7% |
| Writer:RootTrackSummaryWriter                  |           13.93 |            0.07 |     5.8% |
| Writer:RootPatternRecognitionPerformanceWriter |            8.70 |            0.04 |     3.6% |
| Writer:RootPatternRecognitionPerformanceWriter |            8.04 |            0.04 |     3.4% |
| Writer:RootTrackParameterWriter                |            6.52 |            0.03 |     2.7% |
| Algorithm:GridTripletSeedingAlgorithm          |            5.59 |            0.03 |     2.3% |
| Algorithm:TrackParamsEstimationAlgorithm       |            4.90 |            0.02 |     2.0% |
| Algorithm:TrackTruthMatcher                    |            2.62 |            0.01 |     1.1% |
| Algorithm:SpacePointMaker                      |            1.96 |            0.01 |     0.8% |
| Reader:EventGenerator                          |            1.89 |            0.01 |     0.8% |
| Algorithm:SeedsToTracks                        |            1.85 |            0.01 |     0.8% |
| Algorithm:TrackTruthMatcher                    |            1.81 |            0.01 |     0.8% |
| Algorithm:HepMC3InputConverter                 |            0.91 |            0.00 |     0.4% |
| Algorithm:ParticleSelector                     |            0.32 |            0.00 |     0.1% |
| Algorithm:SeedsToProtoTracks                   |            0.18 |            0.00 |     0.1% |
| TOTAL                                          |          239.92 |            1.20 |   100.0% |

